
=== v4.x 0 数据契约（mvDescZh / abiDescZh / glossary / familyRoot / templates） ===
  PASS  契约字段齐备（V4FIELDS 全 true）  → {"mvDescZh":true,"abiDescZh":true,"glossary":true,"familyRoot":true,"templates":18}
  PASS  v4ContractNote 显示「数据来源完整」（玩家化，无内部术语「新字段/回退」）  → 数据来源完整（招式/特性中文说明、机制词条、进化家族、战术模板齐备）
  PASS  abiTags.conv 仍为 9 条（v3.24 基线不回归）  → 9
  PASS  WCONF/ABI_ATE 关键值不回归（v3.23 基线）  → [0.5,1.3,1]

=== v4.x A 宝可梦详情（①天性描述 ②招式中文 ③词条 tooltip + 抽屉） ===
  PASS  A② mvDescOf 中文优先（打雷 #85）  → 强力的电流攻击，可能使对手陷入麻痹。
  PASS  A② mvDescOf 中文优先（冲浪 #57）  → 掀起巨浪，砸向对手。
  PASS  A② 回退链存在（mvDescZh → m[9] 英文 → m[10] lDesc）  → 
  PASS  A① 天性 span 带 abiDesc(this,id) 点击  → 妙蛙花 #3
  PASS  A① abiDesc 详情：中文描述 + 战斗意义 + 特性反查按钮  →  降雨 （Drizzle） #2 特性反查 → 出场时降下雨水，持续8回合。 战斗意义：备注（nt）：雨幕：出场降雨（v0.5 译名=Drizzle） 
  PASS  A① abiDesc 中文来源含数据层 abiDescZh（280 结晶化）  → 岩石属性招式变为冰属性并获得×1.1加成。
  PASS  A① 天性描述容器挂在天性块内（紧跟天性 chip 行），不落到特性块  → 顺序：特性块(#abiDesc) < 天性块(标题 → 天性chip → #spInnDesc → 注释)
  PASS  A① 天性/特性描述互不串块：点天性写 #spInnDesc 并隐藏 #abiDesc（反向同理）  → 天性描述 → 天性块容器（特性块被隐藏）
  PASS  A③ glossary 数据层已接入（40 条原始 → 引擎排除 hazard_bug 后 39 条）  → 39/40（排除 hazard_bug）
  PASS  A③ 合法隐形岩词条仍在（仅剔除 bug 条目，用户裁定：bug 不入引擎）  → 
  PASS  A③ 词条中英双通（glossKeys 含 雨天 / Rain (Rain Dance / Drizzle) / Rain）  → ["雨天","Rain (Rain Dance / Drizzle)","Rain"]
  PASS  A③ glossFind 中文/英文均可定位  → 
  PASS  A③ glossTerms 无单字中文键（避免「雪/电」到处标蓝）+ 英文键 ≥4 字符  → 词条键 79 个
  PASS  A③ glossify 生成纯 CSS tooltip span（class=gl + data-g 释义）  → <span class="gl" data-g="水属性招式威力×1.5（+50%）、火属性×0.5。ER v2.65 按天气标记分档：TEMPORARY|PRIMAL=×1.5、
  PASS  A③ glossify 先转义再拼接（无字面标签注入）  → &lt;b&gt;x
  PASS  A③ 词条覆盖机制关键词（天气/场地/钉子/强化/异常/先制/蓄力/属性转换/STAB/-ate）  → 79 键
  PASS  A③ glossClick 打开轻量居中 modal（带遮罩，非右侧抽屉）+ 词条来源标注  →  📖 天气 词条来源：机制词条表（来自游戏数据） 求雨240 / 大 晴天 241 / 沙暴 201 / 冰雹258。基础 8 回合 ——
  PASS  A③ 词条 modal 可关闭（closeGl 移除 open）且不再有右侧抽屉挂载点  → glModal 开关往返 + 无 glDrawer/mxDrawer 残留
  PASS  A③ tooltip 用纯 CSS（.gl:hover::after content:attr(data-g)）+ 点击跳词条  → 词表键=数据层 term（撒菱 / 隐形岩 / 毒菱 / 粘网 / 除钉范围）

=== v4.x B 核心配队（④大卡片 ⑤队友分流派 ⑥妙蛙花 4 案例 ⑦口径展示） ===
  PASS  B④ 流派「大卡片」= <details class="big…">（排除「体系补盲队友」折叠块）且数量与 deriveBuilds（动态 2~4 条打法流派）一致  → 2/2（含补盲折叠 1）
  PASS  B④ 卡片含大标题 + 一句话简介（summary/bigsub）+ 首卡默认展开  → 
  PASS  B④ 详情含 种族/强度概要（种族六维 + 强度 + 本系最高威力 + 耐久口径）  → 
  PASS  B④ 详情内招式/特性/道具均可点击跳转对应 Tab5  → 
  PASS  D1 流派卡/详情内联 onclick 无裸 JSON.stringify 双引号（gotoAbi/gotoMv/gotoItem 走 jsl）  → jsl 输出 &quot; 形式；core 卡片 onclick 合法
  PASS  D1 全部名称型内联 onclick 已走 jsl（≥6 处调用点，含 gotoAbi/gotoMv/gotoItem/glossClick）  → 调用点=14 处 goto + glossClick
  PASS  D1 jsl 产物可被 HTML 解析回合法 JS（&quot; 还原为 "）  → onclick="gotoAbi(&quot;叶绿素&quot;)"
  PASS  B⑤ 流派卡内含「本流派队友」（按 side/roleTag 区分）  → 
  PASS  B⑧/⑫ 详情招式点评走词条标蓝（glossify(movesNotes)）  → 喷火龙#6（点评含机制词条 → 卡片标蓝）
  PASS  B⑦ 判定口径行（天气 ×1.5 + 场地 ×1.3，均标 已按游戏源码核对）  → 
  PASS  B⑦ 数值卡标注判定口径来源（指针 WCONF + 数据来源说明；v4.6-A 玩家化后无「新字段」字样）  → 
  PASS  B⑥-1 妙蛙花体系=晴（天性 叶绿素 → SYS_MAP）  → ["晴"]
  PASS  B⑥-1 推荐队友均带体系/联防/补盲理由（非同体系且无联防补弱者不进榜）  → 席多蓝恩+46/莱希拉姆+46/超级喷火驼+46/超级喷火龙Y+44/班基拉斯R+44/太阳岩+42
  PASS  D6 天气体系硬互斥（含 Mega/Redux）：沙暴系（班基拉斯#248 / 超级班基拉斯#1521）不进「晴」体系推荐  → 晴推荐=席多蓝恩/莱希拉姆/超级喷火驼/超级喷火龙Y/班基拉斯R/太阳岩；超级班基拉斯体系=沙
  PASS  B⑥-2 家族去重：同 familyRoot 只保留最高形态（班基拉斯#248 与超级班基拉斯#1521 不同时出现）  → 席多蓝恩(485)/莱希拉姆(莱希拉姆)/超级喷火驼(323)/超级喷火龙Y(6)/班基拉斯R(2561)/太阳岩(太阳岩)
  PASS  B⑥-2 famKey 走数据层 familyRoot（班基拉斯族同根 248）  → 248/248
  PASS  B⑥-3 晴体系→生长 #74 优先入强化槽（妙蛙花 特殊/物理 流均命中）  → 生长 in [日光束,污泥炸弹,生长,寄生种子]
  PASS  B⑥-3 强化槽不再被 自我激励 #504 顶替（learn id 数字/字符串比对修正）  → 日光束/污泥炸弹/生长/寄生种子
  PASS  B⑥-4 妙蛙花非天气设置手（selfSetter=false）且功能槽无天气招（wxMv=false）  → selfSetter=false wxMv=false
  PASS  B⑥-4 机制判据：会「大晴天」但非晴设置手的核心，其在「天气」流派下功能槽也不放天气招  → 妙蛙花#3
  PASS  B⑥-4 UI 提示「天气/场地由队友提供 + 推荐 XX」  → 天气/场地由队友提供 ：推荐 向日花怪（自动开晴（干旱）） 作为 晴 体系手；核心自身非设置手，配招功能槽不放天气招（把手位留给队友，核心专注输出/联防）。
  PASS  B⑤ 物攻流 vs 特攻流队友排序不同（按侧分工）  → 物理:太阳岩/席多蓝恩/超级喷火驼/固拉多/波尔凯尼恩/班基拉斯R ｜ 特殊:席多蓝恩/莱希拉姆/超级喷火驼/超级喷火龙Y/班基拉斯R/太阳岩
  PASS  B⑤ 物理流首推带物理联防理由 / 特殊流首推带特殊联防理由  → 物理侧有物防理由=true 特殊侧有特防理由=true
  PASS  用户裁决回归：雷电云-灵兽 特攻主流派主攻槽含电本系主攻招（本系+电属性）  → 暴风[本系·攻击] / 闪电猛冲[本系·攻击] / 诡计[强化] / 伏特替换[游击]
  PASS  用户裁决回归：主攻槽未被 真气弹#411 / 水之波动#352 挤掉  → 暴风/闪电猛冲/诡计/伏特替换
  PASS  B⑤ 功能槽按流派保留强化/游击（诡计 #417 + 伏特替换 #521）  → 暴风/闪电猛冲/诡计/伏特替换

=== v4.x C⑧ 全局模糊搜索 ===
  PASS  C⑧ 中文子串包含  → 
  PASS  C⑧ 英文大小写不敏感子串  → 
  PASS  C⑧ 编号子串包含（数字与字符串同口）  → 
  PASS  C⑧ 多词空格 AND  → 
  PASS  C⑧ 宝可梦搜索用 spMatch 模糊（中文/英文/编号/特性名）  → 土王 #980
  PASS  C⑧ 空条件不过滤（返回全量候选）  → 
  PASS  C⑧ 招式搜索含描述与编号（renderMv 改 fzAny，含 m[10] lDesc）  → 

=== v4.x D⑨ 克制格：就地展开 + 精灵图卡片（进攻视角 ≠ 防守视角） ===
  PASS  D⑨ mxBucket 六档映射（免疫/0.25/0.5/1/2/4）  → 0×（免疫）|0.25×|0.5×（抵抗）|1×（中性）|2×（弱点）|4×（双弱点）
  PASS  D⑨-1 点攻击属性格 → 面板就地插入该格所在块之后（内联展开，非右侧抽屉）  → 电/atk
  PASS  D⑨-2 进攻视角：全图鉴按实际承受倍率分档（免疫/0.5/2/4 档位小节 + 计数）  → 0×（免疫） 180
  PASS  D⑨-3 卡片=精灵图 + 中文名 + 倍率徽标（v4.6.2 合图 assets/sheets/s<idx>.webp + data-id）且点击跳详情  → 
  PASS  D⑨-4 ×1（中性）默认折叠，可勾选展开  → 
  PASS  D⑨-5 同一格再次点击 → 收起（面板从 DOM 移除）  → inserted=0
  PASS  D⑨-6 进攻视角与防守视角内容逻辑不同（防守=列出拥有该属性的宝可梦，不按倍率分档）  → 进攻=按倍率分档列人；防守=按属性归属列人（带精灵图，不重复分档）
  PASS  D⑨-7 防守视角数据源 mxDefList 只含该属性持有者（飞行 ⇒ 每只属性含飞行，且非空）  → 飞行持有者=200 只
  PASS  D⑨-8 ×1 开关：mxToggleNeutral(true) 后面板重渲染并含中性档  → 
  PASS  D⑨-9 mxMore 展开全部（面板重渲染、`展开全部` 按钮出现）  → 
  PASS  D⑨/契约 数据层 matchupSp 在场时优先消费（形状 A：稀疏 {攻属性:{spId:倍率}}）  → 
  PASS  D⑨/契约 形状 B（{spId:{攻属性:倍率}}）亦兼容  → 
  PASS  D⑨/契约 矩阵缺失时回退实时计算（口径与 abiAdjOf 一致）  → 
  PASS  D⑨ 抽卡入口 openMxList 仍可用（兼容旧调用，走就地展开）  → 

=== v4.x E⑩ 队伍构建筛选（属性 chips + 定位 + 特性搜索 + 模糊） ===
  PASS  E⑩ tmFilterReset 存在且属性 chips 已注入（≥18 个属性按钮）  → chips=21
  PASS  E⑩ spRoleTags 定位标签可用（土王/班基拉斯）  → 土王=空间向 班基拉斯=物攻手/盾
  PASS  E⑩ renderTm 支持 关键词+特性名 组合筛选（土王 + 储水）  → 命中 2 只
  PASS  E⑩ 队伍 Tab UI 含筛选控件（#tmTypeChips/#tmRole/#tmAbi + 重置）  → 

=== v4.x F⑪ 特性详情卡（中文描述 + 战斗意义 + 持有者两列） ===
  PASS  F⑪ 特性列表渲染（120 条上限内）  → 61 张卡
  PASS  F⑪ 详情卡含「中文描述 + 战斗意义（ABI_TAGS 标签解读）」  → 
  PASS  F⑪ 持有者分两列（作为特性（可选池）N 只 / 作为天性（固定）M 只）  → 作为特性（可选池） 21 只 | 作为天性（固定） 5 只
  PASS  F⑪ 两列计数与 abiOwners 索引一致（降雨 2：可选/天性）  → 21/5
  PASS  F⑪ 持有者行可点击跳宝可梦详情 + 带精灵图（图片优先列表）  → 
  PASS  F⑪ 搜索改模糊（先生抽特性中文名）  → 

=== v4.x G⑫ 战术模板推荐质量（权重体系化 + 新模板） ===
  PASS  G⑫ 模板总数 ≥18（数据层）+ 新增 6 套齐全  → 18 套
  PASS  G⑫ 数据层模板条数 = tplDataCount（无引擎侧多余注入）  → 18/18
  PASS  G⑫ 新增模板可展开渲染（毒钉受队 = 第 13 套，含毒菱组件）  → 
  PASS  G⑫ 雨天不再推荐非受益者：电灯怪 #171 / 巨翅飞鱼 #226 均不在榜  → 帕路奇亚-起源形态+45/哥达鸭+42/盖欧卡+42/雷公+40/闪电鸟-Ex+40/水伊布+39
  PASS  G⑫ 雨天推荐全部为雨体系受益者或天气手（含力度门 ≥95）  → 帕路奇亚-起源形态/哥达鸭/盖欧卡/雷公/闪电鸟-Ex/水伊布
  PASS  G⑫ 速攻型体系模板统一加力度门（推荐 max(物攻,特攻) ≥95）  → 帕路奇亚-起源形态170/哥达鸭115/盖欧卡150/雷公115/闪电鸟-Ex135/水伊布110
  体系模板越界项=0 项
  PASS  G⑫ 全部体系模板推荐均为受益者/设置手（遍历断言）  → 
  PASS  G⑫ tplScore 体系权重：推荐理由含体系/天气手/力度/联防要素  → 降雨 | 悠游自如 | 水炮可学 | 冲浪可学 | 水系 | 速度 140（+5） | 雨体系受益（雨） | 出场开雨（降雨） | 雨受益招 3 个 | 水系本系折算 240（+2） | 力度 170（+2）
  PASS  G⑫ 模板卡含体系标签 + 模板总数/契约提示（renderTpl）  → 
  PASS  D5 模板推荐列表带精灵图（renderTplBody 推荐卡片含 v4.6.2 合图 assets/sheets + mcspr）  → 推荐卡片 img 数=0
  PASS  F⑪ 卡片点击处理器不因 innerHTML 重解析丢失（renderAbi 内禁用 innerHTML+=，尾注走 appendChild）  → 
  PASS  F⑪ 「已显示前 60 个」尾注为独立 DOM 节点（不重建卡片、不丢 onclick）  → 卡片=61 首卡 onclick=function

=== v4.x H 推荐评分体系化（体系→维度→权重表；空间队铁证案例） ===
  PASS  H 体系识别 archOfTpl 覆盖各模板（空间/雨/晴/沙/雪/受/场地/强化/顺风/双天气/吸血）  → 雨天速攻→雨 | 晴天速攻→晴 | 沙暴联防→沙 | 雪天堡垒→雪 | 电气场地速攻→场地 | 精神场地特攻→场地 | 青草场地回复→受 | 薄雾场地龙盾→场地 | 强化清场轴→强化 | 顺风游击→顺风 | 戏法空间→空间 | 钉子受队→受 | 毒钉受队→受 | 强化接力→强化 | 天气双核→双天气 | 场地控制→场地 | 吸血站场→吸血 | 双天气轮换→双天气
  PASS  H 每个体系都有维度权重表（dim/w/j 三件套，w≥1）  → 空间:6维 受:6维 强化:6维
  PASS  H 每张维度表都有判定口径文案（UI 表格第三列）  → ≤60 → +6；61~85 → +3；>85 → −6（低分排后，仍可入选）
  PASS  H① 空间队（v4.2 正向）：龙头地鼠（速 88）不剔除、总分 ≥0 且维度明细说明「速度 88…仍可入选低排位」  → drop=false score=11 ｜ 速度 88 偏快，空间下收益低（−6，仍可入选低排位）
  PASS  H① 空间队：龙头地鼠评分 < 低速高攻打手（超甲狂犀）  → 龙头地鼠=11 vs 超甲狂犀=30
  PASS  H① 空间队 Top 6 不含龙头地鼠，但它在空间打手槽（S-TRUSE）池中位于低排位且得分 >0（未被剔除）  → Top=垒磊石(34)/超级大钢蛇(34)/隆隆岩(33)/美录梅塔(33)/超级土台龟(33)/雷吉奇卡斯(32) ｜ 龙头地鼠 S-TRUSE 排名=588/1297 分=17.30657701797322（榜首 39.18954484842078）
  PASS  H① 空间队 Top 均为低速（速度 ≤85）且力度够（推荐里至少 3 只 速度≤60）  → 垒磊石(速7/攻139) 超级大钢蛇(速20/攻145) 隆隆岩(速45/攻135) 美录梅塔(速34/攻143) 超级土台龟(速36/攻150) 雷吉奇卡斯(速60/攻160)
  PASS  H① 空间队维度表含「速度/力度/本系威力/空间受益要素」四类维度（权重表可解释）  → 速度适配（越低越优）×2, 力度（物/特攻种族）×2, 本系折算威力×1, 空间受益要素（低速招/特性）×1, 与队友速度互补×1, 侧向分工（本方流派联防）×2
  PASS  H① 空间队 why 逐维度列分（含「（+N）」式分值文本，≥3 维含分）  → 速度 40≤60：空间内先手（+6） ｜ 力度 140 极高（+5） ｜ 本系折算威力 240（+3） ｜ 空间受益要素 重磅冲撞（+2）
  PASS  H① 空间受益要素维度可命中（全库存在掌握陀螺球/重磅冲撞的低速手被加分）  → 190 只，如 喷火龙(速100)/穿山王(速65)/隆隆岩(速45)/呆壳兽(速30)
  PASS  H② 雨速攻：Top 均为水系受益者/天气手（力度门 ≥95 保持，电灯怪/巨翅飞鱼仍不在榜）  → 帕路奇亚-起源形态(45)/哥达鸭(42)/盖欧卡(42)/雷公(40)/闪电鸟-Ex(40)/水伊布(39)
  PASS  H③ 沙暴联防：Top 至少 4 只为岩石/钢/地面属性  → 大岩蛇(沙)/龙头地鼠(沙)/鬃岩狼人-白昼的样子(沙)/庞岩怪(沙)/班基拉斯(沙)/雷吉洛克(沙)
  PASS  H⑤ 受队：Top 至少 4 只耐久三角 ≥300 或带回复/钉子组件  → 阿尔宙斯-毒(耐360)/超坏星(耐369)/洛奇亚(耐390)/超级吞食兽(耐348)/超级土王(耐350)/无极汰那-无极巨化(耐360)
  PASS  H⑥ 场地模板：Top 至少 4 只带场地设置手特性或场地受益特性  → 雷公(雨+电场)/雷伊布(电场)/电龙(电场)/帕奇利兹(电场)/捷克罗姆(电场)/啪嚓海胆(电场)
  PASS  H 配招体系化：pickAttacks 选招依据含「体系加成」（空间队低速受益招 ×1.25）  → 妙蛙花：体系加成 日光束 ×1.15（晴）
  PASS  H 空间体系识别：学戏法空间的精灵 archOfSp=空间（配招走空间权重表）  → 学戏法空间=250 只（有效）；样例 凯西#63→空间
  PASS  H 核心配队队友：空间核心（戏法空间体系）队友中速手被 drop，低速手入选  → (核心 胡地 速120 → 超级呆呆王(速20)/胖可丁-顶点形态(速55)/垒磊石(速7)/大王铜象(速30)/超级大钢蛇(速20)/超级喷火驼(速20))
  PASS  G⑫ 模板 tips/flow 仍全部过 wxTip（无旧写死 20%/30%/8回合）  → 

=== v4.x I 复验修复（D6/D2/D5/D8） ===
  PASS  D6 庞岩怪 ER 实为双体系 {沙,晴}（太阳之力+扬沙）  → coreSys=沙+晴
  PASS  D6 晴体系核心（妙蛙花）队友推荐不含 庞岩怪/班基拉斯/超级班基拉斯  → 队友=席多蓝恩(46)/莱希拉姆(46)/超级喷火驼(46)/超级喷火龙Y(44)/班基拉斯R(44)/太阳岩(42)
  PASS  D6（v4.2 正向）不再有 wxDrops/drops 负向留痕；候选池全量参与打分（对立体系仅排序靠后）  → wxDrops=undefined drops=undefined 候选池=717 fit=2,2,2,2,2,2
  PASS  D6 晴天速攻榜不含沙系；沙暴榜「含晴系」仅限双体系（沙+晴）候选  → 晴Top=曜炎电伞蜥/超级喷火龙Y/炎帝/火神蛾/超级爆米花/火焰鸟 ｜ 沙Top=大岩蛇(沙)/龙头地鼠(沙)/鬃岩狼人-白昼的样子(沙)/庞岩怪(沙+晴)/班基拉斯(沙)/雷吉洛克(沙)
  PASS  D2 宝可梦详情/招式详情已从右侧抽屉改为居中轻量 modal（产物内无 .drawer 容器）  → spDrawer.className='modal'=true / mvDrawer modal=true / 残留 .drawer=false
  PASS  D8 名称前缀折叠：阿尔宙斯多形态在模板推荐中只留 1 个（标注 +N形态）  → 阿尔宙斯-毒(+18形态) / 超坏星 / 洛奇亚 / 超级吞食兽 / 超级土王 / 无极汰那-无极巨化(+2形态)
  PASS  D5 模板卡缩略图：推荐列表每项带合图背景声明（sprOf → assets/sheets + 尺寸无关定位）  → background-image:url('assets/sheets/s5.webp');background-repeat:no-repeat;background-size:1600% 1600%;background-position:20% 73.3333% , background-image:url('assets/sheets/s0.webp');background-repeat:no-repeat;background-size:1600% 1600%;background-position:40% 20% , background-image:url('assets/sheets/s1.webp');background-repeat:no-repeat;background-size:1600% 1600%;background-position:86.6667% 46.6667%

=== v4.3 DY 需求驱动构建 / 流派动态推导 ===
  PASS  DY1 需求定义表：needRegistryOk=true，每个需求家族都有 gate(求值器)+dims(正向维度)  → needRegistryOk=true 家族=21
  PASS  DY2 需求阈值全部落在 NEED_CFG 配置对象（可配置，不硬编码）  → {"SPEED_HIGH":100,"SPEED_LOW":60,"BULK_HIGH":300,"BULK_MID":270,"MIXED_OK":70,"POWER_OK":95,"MULTI_ROLE_BONUS":3,"STOP_PRIORITY":1,"MAX_TEAM":6,"MULTI_MAX":2}
  PASS  DY3 NEED_EXAMPLES ≥18 条（数据层 18 套模板仅作先验，不作骨架配额）  → 19 条
  PASS  DY4 需求清单结构完整：每条含 id/kind/priority(1..5)/label/status/satisfiedBy  → 15 条 → N-11(wxsrc)需要天气/场地来源（设置手） | N-01(cover)补盲点：一般 | N-02(cover)补盲点：钢 | N-05(sub)替身 / 掩护位 | N-12(wxabuse)体系受益位 | N-03(cover)补盲点：恶
  PASS  DY5 需求随核心变化（动态推导证据）：妙蛙花需求 kind 集合 ≠ 垒磊石  → 妙蛙花=anti,clear,cover,haz,pass,speed,sub,wallp,walls,wxabuse,wxreset,wxsrc ｜ 垒磊石=anti,clear,cover,rec,speed,trset,truse,wallp,walls,wear
  PASS  DY6 妙蛙花(晴核心)需求含 天气来源(wxsrc)+补盲(cover)+联防(wallp/walls)+钉子(haz|clear)  → 需要天气/场地来源（设置手） | 补盲点：一般 | 补盲点：钢 | 替身 / 掩护位 | 体系受益位 | 补盲点：恶 | 补盲点：岩石 | 除钉位（清场） | 物理联防位（物盾） | 特殊联防位（特盾） | 窗口复位 / 冗余位 | 接棒位 | 控速位 | 钉位（铺场） | 状态/异常吸收位
  PASS  DY7 垒磊石(低速受队核心)需求含 空间手(trset)+空间打手(truse)，或 消耗/回复（配方随画像变化）  → 补盲点：毒 | 补盲点：电 | 消耗位 | 回复位 / 队医 | 除钉位（清场） | 补盲点：恶 | 补盲点：幽灵 | 物理联防位（物盾） | 特殊联防位（特盾） | 空间手位 | 空间打手位（低速重炮） | 控速位 | 状态/异常吸收位
  PASS  DY8 多功能加分公式：score = base + (k-1)×MULTI_ROLE_BONUS（抽样校验）  → 向日花怪 base 32.1062480553605 + (3-1)x3 = 38.1062480553605 | 超级班基拉斯 base 35.79887791827986 + (3-1)x3 = 41.79887791827986 | 卡璞・鳍鳍 base 21.534490143504645 + (3-1)x3 = 27.534490143504645 | 时拉比 base 17.459137866036816 + (3-1)x3 = 23.459137866036816
  PASS  DY9 多功能计数上限生效（单只「顺带满足」≤ 1+MULTI_MAX 条）  → 妙蛙花x1 向日花怪x3 超级班基拉斯x3 卡璞・鳍鳍x3 时拉比x3 光电伞蜥x1
  PASS  DY10 终止条件：队伍 ≤6 且 stopReason 属三类之一；<6 时必有未满足/告警解释  → 6 只 / STOP_SIZE_LIMIT / 未满足=[] / 告警=[]
  PASS  DY11 零硬门：首条需求候选池全量可见（≥300 只）、无 drop 标记、负分仅出自规则偏移维度（v4.7 口径迁移）  → 池=935 榜首=向日花怪/38.1062480553605 末位=百变怪/-5.583552200926656 负分候选=40（均源自 RS：排序置后而非剔除）
  PASS  DY12 流派数 2~4 条/核心（由四画像动态推导，非固定枚举）  → 妙蛙花:2 垒磊石:2 凤王:2 大比鸟:2
  PASS  DY13 流派命名=打法（禁 物攻流/特攻流/双刀流）+ 每条依据 ≥2 条  → 妙蛙花[晴强化清场 + 晴增伤清场] ｜ 垒磊石[空间强化清场 + 空间主力输出压制] ｜ 凤王[顺风主力清场 + 顺风主力输出压制] ｜ 大比鸟[顺风主力输出压制 + 顺风稳健联防消耗]
  PASS  DY14 破盾路线互斥择优：双刀流派最多 1 条，且仅在 route=双刀 时出现  → 妙蛙花:route=强化/双刀流派=0 | 垒磊石:route=强化/双刀流派=0 | 凤王:route=强化/双刀流派=0 | 大比鸟:route=强化/双刀流派=0
  PASS  DY15 四画像齐备：prof.atk/du/ab/fn 存在且 du.spd/bulk/power 为数字  → {"role":"强化核心","spd":80,"bulk":273,"power":100,"field":["晴"]}
  PASS  DY16 旧固定骨架符号已消失（genBuilds/slotTableOk/SLOT_DEF/slotScore/tplForCore/fillForSlot/fillNameFor 全 undefined）  → genBuilds=undefined slotTableOk=undefined SLOT_DEF=undefined slotScore=undefined tplForCore=undefined fillForSlot=undefined fillNameFor=undefined
  PASS  DY17 renderCore 呈现「队伍需求/构建逻辑/需求驱动」；无固定流派词与负向文案残留  → 长度=483828 残留=无
  PASS  DY18 需求卡 UI：逐条需求卡 + 候选池「展开全部候选/按名定位/低分排后不剔除」入口齐备  → needcard=15 展开按钮=5
  PASS  DY19 模板展开页同样动态：戏法空间模板体含「队伍需求」与「需求驱动」  → 模板体含需求驱动文案=true
  PASS  DY20 空间打手池：龙头地鼠(速88)在池中、位次>100、分数>0、榜首分 > 其分（低分排后，非剔除）  → 池=1297 龙头地鼠位次=588 分=17.30657701797322 榜首=39.18954484842078（超级土台龟 速36）
  PASS  DY21 空间打手池 gate 正向不否决：榜首速度≤60（低速加分生效）且池内仍含中速者（>85 速）  → 榜首=超级土台龟(速36/39.18954484842078) 池内中速(>85)=704 只
  PASS  DY22 队位类需求（补盲/联防/空间手/打手）不被核心自身消解（全部 non-core）  → 补盲点：毒=satisfied | 补盲点：电=satisfied | 补盲点：恶=satisfied | 补盲点：幽灵=satisfied | 物理联防位（物盾）=satisfied | 特殊联防位（特盾）=satisfied | 空间手位=satisfied | 空间打手位（低速重炮）=satisfied
  PASS  DY23 buildTeam 兼容别名 = buildTeamByNeeds（同核心：队伍与需求清单逐一一致）  → buildTeam=6 只 / buildTeamByNeeds=6 只
  PASS  DY24 同一核心的两条流派配招不重复（main 招集合两两不同）  → 晴强化清场[日光束/污泥炸弹/生长/终极吸取] || 晴增伤清场[日光束/污泥炸弹/生长/大地之力]
  PASS  EV1 最终形态全库（1253 只）道具推荐「进化奇石」= 0（奇石对最终形态完全无效）  → 命中=0
  PASS  EV2 权衡模型入选（均为非最终形态；含多边兽2型/煤炭龟/属性：空；吉利蛋/彷徨夜灵因进化型+道具更优被否决）  → N=48（v4.3.1 口径 180 → 权衡后收缩）含经典位=true,true,true 被否决=吉利蛋:true,彷徨夜灵:true 首 8=大岩蛇(95)/钻角犀兽(112)/飞天螳螂(123)/鸭嘴火兽(126)/阿利多斯(168)/长毛猪(221)/多边兽2型(233)/蘑蘑菇(285)
  PASS  EV2b 双门一致性：每个入选者 d_bulk>0 且 S ≥ EVIO.TRADE_MIN；妙蛙种子#1 不入池（幼体权衡不过）  → 妙蛙种子 inPool=false 入选 N=48（有族 47 / 绝对阈值 1）
  PASS  EV3 奇石优势者配装首位含「进化奇石」且说明含「双防×1.5 加成后耐久」  → 大岩蛇：克制 综合权衡通过：有效耐久（HP×双防）在奇石加成后超过同族终态——奇石加成后耐久（双防×1.5）38 | 钻角犀兽：克制 综合权衡通过：有效耐久（HP×双防）在奇石加成后超过同族终态——奇石加成后耐久（双防×1.5）35 | 飞天螳螂：克制 综合权衡通过：有效耐久（HP×双防）在奇石加成后超过同族终态——奇石加成后耐久（双防×1.5）31
  PASS  EV4 煤炭龟 #324：奇石优势成立 + 已入 finalPool + 可作为核心（optFinalOnly 开）  → evio={"pass":true,"bulkE":385,"fam":"炎玄武","famId":"1042","famBulk":320,"ratio":1.2,"atk":85,"S":0.266,"d":{"bulk":0.266,"out":0,"spe":0,"util":0},"itemB":"剩饭","ratEff":1.36,"A":{"bulk":1543.5,"out":0,"spe":20,"util":6},"B":{"bulk":1132.6,"out":0,"spe":30,"util":6},"space":false,"why":"奇石加成后耐久（双防×1.5）385（对终态裸耐久比值 1.20，含道具有效耐久比 1.36）—— 综合权衡后未进化+奇石更优（综合权衡 0.266 ≥ 0.12，耐久差 0.266）：奇石双防 X=385（有效耐久 1544）vs 炎玄武+剩饭（有效耐久 1133）：输出 0 vs 0｜速度 20 vs 30（速攻/中性：越高越优）｜功能 6 vs 6"} inPool=true coreMatch=n/a
  PASS  EV5 finalPool 准入闭环：池内非最终形态必为奇石优势者（无漏网）  → 漏网=0
  PASS  EV6 弱势非最终形态不入选（妙蛙种子 #1）+ 最终形态九尾 #38 仍在池（并列候选）  → 妙蛙种子 evio=null 池内九尾=true
  PASS  EV7 煤炭龟作为核心可正常生成方案（需求驱动不报错、需求条数 >0）  → 需求=13 队伍=6 只
  PASS  EV8 nonFinalER 按 ER CanEvolve 派生（653 只）且含全部数据层 nonFinal（数据层 v4.3.2 已追平非最终口径）  → nonFinalER=653 nonFinal=653（数据层追平=true）
  PASS  EV8b 13 只性别分支进化（Burmy/Combee/Basculin/Litleo/Espurr/Salandit/Toxel 及形态）已纳入 nonFinalER 且 isFinalForm=false  → 412:false 415:false 550:false 667:false 677:false 757:false 848:false 1064:false 1636:false 1637:false 1667:false 2567:false 2608:false
  PASS  EV9 kd∈{1 Mega,2 Primal,5 Move-Mega} 仍算最终形态（盖欧卡382/固拉多383/烈空坐384 不在 nonFinalER）  → 382:true 383:true 384:true
  PASS  EV10 族终态派生 finalOf：煤炭龟 #324 → 炎玄武 #1042；奇石 why 引述族对比（不再走绝对阈值兜底）  → finalOf[324]=1042 famId=1042 why=奇石加成后耐久（双防×1.5）385（对终态裸耐久比值 1.20，含道具有效耐久比 1.36）—— 综合权衡后未进化+奇石更优（综合权衡 0.266 ≥ 0.12，耐久差 0.26
  PASS  EV11 非最终形态（含 ER 口径扩展）配装奇石门控一致：可进化者才可推荐奇石，最终形态恒不可  → 最终形态含奇石=0 只
  PASS  EV12 模板「[道具]进化奇石」展示层已按 ER 口径限定（数据层未限定时显示「不适用」或「仅未完全进化者生效」）  → 不适用=true 限定语=true tplItemNoEvio=true
  PASS  TR1 权衡模型为四维加权（EVIO.TW = 耐久/输出/速度/功能，且入选对象带 d/S/A/B/itemB）  → TW={"bulk":1,"out":0.9,"spd":0.7,"util":0.5} TRADE_MIN=0.12 样本 #95 d={"bulk":0.658,"out":0.11,"spe":-0.153,"util":0.333}
  PASS  TR2 对照方（同族终态）按其最优道具参与比较：B 组道具非奇石，且道具增益折算进 B 的耐久/输出  → 大岩蛇+剩饭 钻角犀兽+剩饭 飞天螳螂+剩饭 鸭嘴火兽+剩饭 阿利多斯+黑色污泥 长毛猪+剩饭
  PASS  TR3 存在「因进化型速度/力度/道具优势被否决」的未进化型（why 明示反超 → 不推荐）  → 否决(有族)=569 其中速度+输出双双落后的=336 例：妙蛙种子(S=-1.202)/妙蛙草(S=-0.355)/小火龙(S=-1.34)
  PASS  TR4 why 文案含权衡对比（有族样本：双方有效耐久/输出/速度/功能；无族样本注明绝对阈值）  → 有族 47 只全含权衡对比；样本 why=奇石加成后耐久（双防×1.5）387.5（对终态裸耐久比值 1.76，含道具有效耐久比 2.92）—— 综合权衡后未进化+奇石更优（综合权衡 0.816 ≥ 0.12，耐久差 0.658）：奇石双防 X=387.5（有效耐久 1287）vs Krampird+剩饭（有效耐久 440）：输出 1050
  PASS  TR5 收缩：权衡后入选规模显著小于 v4.3.1 的 180（且保留 ≥20 只，不过度收紧）  → N=48（v4.3.1 = 180）
  PASS  TR6 煤炭龟 #324 权衡后仍入选，why 列双方（炎玄武+剩饭 vs 奇石双防）  → why=奇石加成后耐久（双防×1.5）385（对终态裸耐久比值 1.20，含道具有效耐久比 1.36）—— 综合权衡后未进化+奇石更优（综合权衡 0.266 ≥ 0.12，耐久差 0.266）：奇石双防 X=385（有效耐久 1544）vs 炎玄武+剩饭（有效耐久 1133）：输出 0 vs 0｜速度 20 vs 30（速攻/中性：越高越优）｜功
  PASS  TR7 速度维度体系感知：同一对样本在空间体系（space=true）下低速方的 d.spe 更高  → d.spe 速攻上下文=-0.353 空间上下文=0.333
  PASS  TR8 无族可对照的入选者走绝对阈值兜底并注明（d=null、why 含「绝对阈值」）  → 走绝对阈值的入选者=奈克洛兹玛(800) 共 1 只
  PASS  TR9 被否决者给出 veto 对象（含 why 与双方对比），未入选 ≠ 静默丢弃  → 吉利蛋 veto why=奇石加成后耐久（双防×1.5）415（对终态裸耐久比值 1.01，含道具有效耐久比 0.38）—— 综合权衡未过门（综合权衡 -0.983 < 0.12 或耐久差 -0.618 ≤ 0）：进化型凭道具/速度/力度反超 → 不推荐。奇石双防 X=415（有效耐久 295）vs 幸福蛋+剩饭（有效耐久 774）：输出 4025 vs 8625
  PASS  TR10 入选者仍不入最终形态集合（奇石仅非最终形态）+ 最终形态奇石推荐恒 0（与 EV1/EV11 交叉）  → 入选全为非最终=true 最终形态奇石推荐=0
  PASS  TR11 配装 UI：奇石候选首项道具说明含水权衡文案（综合权衡 + 有效耐久 + 对照终态）  → 进化奇石｜克制 综合权衡通过：有效耐久（HP×双防）在奇石加成后超过同族终态——奇石加成后耐久（双防×1.5）362.5（对终态裸耐久比值 1.58，含道具有效耐久比 3.26）—— 综合权衡后未进化+奇石更优（综合权衡 0.664 ≥ 0.12，耐久差 0.693）：奇石双防 X=362.5（有效耐久 1635）vs 多边兽乙型+剩饭（
  PASS  TR12 方案卡 UI：奇石优势成员的配装行渲染出「进化奇石」chip，且 tooltip（title）含权衡文案（有效耐久/综合权衡/对照终态）  → 含奇石 chip=true 含权衡 tooltip=true 片段=gation();gotoItem(&quot;进化奇石&quot;)" title="主推：克制 综合权衡通过：有效耐久（HP×双防）在奇石加成后超过同族终态——奇石加成后耐久（双防×1.5）362.5（对
  PASS  TR12b 核心配队页（需求驱动）可渲染且候选/需求文本就绪（renderNeedPlan 不抛错并含「需求」）  → coreOut 长度=483828 含需求=true
  PASS  TR13 否决可见（数据面）：evioVetoSummary(煤炭龟) 汇总「有族且被否决」的非最终形态（n>100，逐条 why 含「反超 → 不推荐」+ 对照终态/道具），含吉利蛋#113（S<0 被否决）；彷徨夜灵#356 在其默认上下文被否决（对照黑夜魔灵）  → n=572 吉利蛋#113 位次=335 升序首 3=独角虫(S=-1.817) 来悲茶R(S=-1.817) 粉蝶虫(S=-1.704) ｜#356 默认上下文否决=true（S=0.008，对照 黑夜魔灵）
  PASS  TR14 否决可见（配队页渲染面）：核心配队页产出「🪨 奇石权衡否决 N 只」折叠块，含吉利蛋案例、对照终态与道具、可点击跳详情、并声明「否决 ≠ 剔除」  → 含否决块=true 标题=奇石权衡否决 590 只（进化型凭道具/速度/力度反超 → 不推荐） ｜吉利蛋行=吉利蛋R
  PASS  TR15 否决可见（详情页渲染面）：吉利蛋详情页渲染出「奇石权衡否决（不推荐带进化奇石）」与对照终态幸福蛋；煤炭龟详情页为「奇石权衡通过」  → 详情含否决行=true 片段=奇石权衡否决
  PASS  IT1 ITEM_POOL 规模 40-60 项、类别 ≥6 类、zh 非空、非动态项 id 全部存在于 ERDATA.items（数据层真值核对）  → N=50 类别={"输出":13,"防御续航":11,"天气场地":10,"控速机动":9,"钉子反钉":2,"减伤果":1,"香草":3,"奇石":1} 缺失 id=0
  PASS  IT2 池含用户点名的对战常用件：4 天气岩石（炽热/潮湿/光滑/冰冷）+光之黏土+地形延长器+4 场地种子+厚底靴+弱点保险+进化奇石  → 命中=炽热岩石/潮湿岩石/光滑岩石/冰冷岩石/光之黏土/地形延长器/电气种子/青草种子/薄雾种子/精神种子/厚底靴/弱点保险/进化奇石
  PASS  IT3 天气手 → 对应天气岩石主推（九尾晴=炽热岩石 / 大嘴鸥雨=潮湿岩石 / 沙手=光滑岩石 / 雪手=冰冷岩石），数值口径 = WCONF.rockTurnsAbility（8→12 回合）  → 九尾=炽热岩石/厚底靴 大嘴鸥=潮湿岩石/厚底靴 穿山鼠=光滑岩石/厚底靴 拉普拉斯=冰冷岩石/厚底靴 rockTurnsAbility=12
  PASS  IT4 场地手 → 光之黏土主推 + 对应场地种子与地形延长器备选（光之黏土/延长器数值 = 考古口径 12 回合）  → 走路草 sys=["青草场地"] 道具=光之黏土/地形延长器/青草种子
  PASS  IT5 盾/受队 → 防御续航类主导（剩饭/凸凸头盔 命中 ≥2 项）；毒系盾 → 黑色污泥主推（对位原则 P1/P3）  → 坚果哑铃=凸凸头盔/剩饭/厚底靴 ｜毒系盾=黑色污泥/厚底靴/凸凸头盔（对位原则：P1 主武器/续航 ＞ P3 punish，不再硬绑「剩饭必首」）
  PASS  IT6 输出核心 → 力度类主导（前三均为力度件：命玉/专爱/宝石/达人带/节拍器/力量头带/博识眼镜，含命玉或专爱）；未被超速者不推围巾（对位驱动）  → 速攻=生命宝珠/讲究头带/节拍器 ｜中速特攻=弱点保险/生命宝珠/讲究眼镜（对位：未被超速不推围巾；围巾只在被超速时进前三——见 PL8）
  PASS  IT6b 对位驱动反例：真正被超速的慢速输出手 → 讲究围巾进入前三（scarfRedundant 只对「已快过环境中位」者降权）  → 派拉斯特#47 速度30 输出=讲究围巾/弱点保险/生命宝珠
  PASS  IT7 强化核 → 弱点保险入前三（对位：需要吃招反打）；轮转/游击 → 换人节奏类（逃脱按钮/红牌/围巾 任一）；控速 → 控速类（围巾/嘉珍果/先制之爪 任一）  → 强化=生命宝珠/弱点保险/讲究眼镜 轮转=凸凸头盔/逃脱按钮/防焰果 控速=嘉珍果/讲究围巾/先制之爪
  PASS  IT8 奇石分支并列：煤炭龟（非最终形态·奇石权衡通过）主推仍为进化奇石（v4.3.2 裁定），但「天气」角色下并列炽热岩石  → 煤炭龟(天气)=进化奇石/炽热岩石/厚底靴
  PASS  IT9 渲染面（备选卡）：needBuildHtml 主推带 ⭐ 加粗、备选并列且 ≤2 项、含天气岩石、无字面 span 标签外露  → 含⭐=true 备选数=2 含炽热岩石=true
  PASS  IT10 渲染面（核心配队页）：设置手流派卡按天气角色出道具 —— 煤炭龟页含炽热岩石、走路草（场地手）页含光之黏土与地形延长器，且均带主推标记  → 煤炭龟页 含炽热岩石=true 含⭐=true ｜走路草页 含光之黏土=true 含地形延长器=true
  PASS  IT11 标签卫生：宝石标签用纯属性名（无 <span> 字面）、池内所有 zh 不含 HTML 尖括号（防 D1 类外露）  → 宝石项="「火」宝石" 池内 zh 含尖括号数=0
  PASS  IT12 既有口径不回归：itemGainOf 池驱动（生命宝珠 out=1.3）、奇石权衡对照方道具口径未变（炎玄武=剩饭 · #233 itemB=生命宝珠）  → 生命宝珠 out=1.3 ｜炎玄武 itemBestFor=剩饭
  PASS  IT13 渲染面（核心配队页·道具多样性）：每页 ≥5 种池内道具、输出核含命玉（力度主导）、盾核含剩饭或凸凸头盔  → 妙蛙花页=生命宝珠/讲究头带/讲究眼镜/弱点保险/气球/剩饭/黑色污泥/凸凸头盔/炽热岩石/光之黏土/讲究围巾/红牌/厚底靴/进化奇石 ｜坚果哑铃页=生命宝珠/讲究眼镜/节拍器/气球/剩饭/黑色污泥/嘉珍果/凸凸头盔/讲究围巾/先制之爪/厚底靴/进化奇石 ｜大针蜂页=生命宝珠/讲究头带/讲究眼镜/节拍器/弱点保险/气球/剩饭/黑色污泥/凸凸头盔/讲究围巾/厚底靴/进化奇石
  PASS  PL1 威胁库结构：THREAT_LIB ≥8 类，每类含 name/deriv/evid（**派生依据 + 实证出处**，非拍脑袋）  → 0:钉子环境 | 1:除钉手段 | 2:强化怪 | 3:先制/收残 | 4:物理压制手 | 5:特殊压制手 | 6:天气/场地设置手 | 7:免疫特性墙 | 8:属性压制手
  PASS  PL2 环境/威胁代理指标就绪：spAll/medSpe/thrFrac/threatRep 存在；spAll>1000；medSpe 为数值；thrFrac(招式id) 返回 0~1（**代理口径：无使用率数据，实读可学招者占比**）  → spAll=1905 medSpe=75 可撒钉者占比=0.333 强化招者占比=0.813（env.hazFrac 实测 0.333）
  PASS  PL3 对位目标定义：oppTargets(s) 返回 {sys/sys0/env/weak/quad/outsped}，env 含 hazFrac/boostFrac/remFrac  → 妙蛙花 对位：sys0="晴" env={"hazFrac":0.33280839895013126,"remFrac":0.25826771653543307,"boostFrac":0.8131233595800524,"prioFrac":1} 弱点=火/冰/飞行
  PASS  PL4 职责基线四轴：DUTY ≥10 角色，每角色 burst/longevity/punish/tech 均为数值（P1 四轴）  → DUTY 角色=输出/均衡/增伤/强化/轮转/游击/控速/肉盾/受队/盾/天气/场地
  PASS  PL5 对位调制生效（不写死映射）：itemDutyOf 对同一只宝可梦的「天气」与「输出」给出不同四轴权重  → 煤炭龟 天气={"burst":0.45,"longevity":0.8999999999999999,"punish":0.3,"tech":1.65} ｜输出={"burst":1.2,"longevity":0.5,"punish":0.2,"tech":0.85}
  PASS  PL6 打分可解释：itemScored 每项含 {ax,why,prin,sc}，why 必含「代价」（能打什么 / 代价是什么），prin 标注 P1~P5  → 候选 37 项（不合格 0）｜首位=生命宝珠｜克制 主武器：该职责的最大力度来源；原版（Smogon/PS）惯例配备 34.1%（原版（Smogon/PS）惯例 ≠ ER 使用率（ER 无对战统计=已知缺口）；smogonPrior 管配招/道具/队友先验，usagePrior 管物种常见度次排序，二者职责分开）；代价 每回合自伤 1/10，不适合站场消耗｜原则 P1/P1
  PASS  PL7 决策入口：itemDecide 返回 ≤3 且按分降序（主推+备选，非单推）  → 妙蛙花输出 主推=生命宝珠(1.551)/讲究眼镜(1.43)/节拍器(1.25)
  PASS  PL8 对位驱动（非查表）：已快过环境中位者「围巾」降权、被超速者「围巾」进前三 —— 同一道具随对位变权  → 快=大针蜂速135→生命宝珠/讲究头带/节拍器 ｜慢=派拉斯特速30→讲究围巾/弱点保险/生命宝珠
  PASS  PL9 v433-2 修复：ctx.sys（队伍体系）驱动天气岩石 —— 同一只（非设置手）在 {sys:晴} 出炽热岩石、{sys:雨} 出潮湿岩石  → 妙蛙花@晴=炽热岩石/厚底靴/防焰果 ｜妙蛙花@雨=潮湿岩石/厚底靴/防焰果
  PASS  PL10 v433-3 修复：画像/需求结构无 undefined（du.phys / du.spec 已补齐，核心画像与需求 why 不再漏字面 undefined）  → du.phys=低物耐(173) du.spec=低特耐(190)
  PASS  PL11 v433-1 修复：需求驱动的队伍行核心按**实际角色**出装（受队核心 → 剩饭/凸凸头盔 支，不再写死「输出」）  → 护城龙#411 画像角色=受队核心 → roleTag=肉盾 itemTag=肉盾 道具=厚底靴/凸凸头盔/防斗果
  PASS  PL12 需求驱动结构仍完整（回归 v4.3）：buildTeamByNeeds 返回 needs/pools/team/overview/audit，需求条目含 {kind,label,priority,status,satisfiedBy}  → 妙蛙花晴：需求 15 条 [需要天气/场地来源（设置手）(5/satisfied)、补盲点：一般(4/satisfied)、补盲点：钢(4/satisfied)、替身 / 掩护位(4/satisfied)、体系受益位(4/satisfied)、补盲点：恶(3/satisfied)、补盲点：岩石(3/satisfied)、除钉位（清场）(3/satisfied)、物理联防位（物盾）(3/satisfied)、特殊联防位（特盾）(3/satisfied)、窗口复位 / 冗余位(3/satisfied)、接棒位(2/satisfied)、控速位(2/satisfied)、钉位（铺场）(2/satisfied)、状态/异常吸收位(1/satisfied)] 队伍 6 只
  PASS  PL13 需求清单可读性：satisfied 需求必有非空 satisfiedBy（「核心自身即满足」显示核心名，禁 undefined/空串 —— 同 v433-3 类残留）  → 妙蛙花晴 需求 15 条：需要天气/场地来源（设置手）→向日花怪 ｜ 补盲点：一般→超级班基拉斯 ｜ 补盲点：钢→向日花怪 ｜ 替身 / 掩护位→妙蛙花 ｜ 体系受益位→妙蛙花 ｜ 补盲点：恶→超级班基拉斯 ｜ 补盲点：岩石→向日花怪 ｜ 除钉位（清场）→卡璞・鳍鳍
  PASS  PR1 招式原则层就位：MV_AX≥12 类别 + mvKindOf/mvDutyAxes/mvWhyStd/mvPrinSet 齐备 + AX_PRIN 四轴映射  → MV_AX 类别=12 轴={"burst":"P1","longevity":"P2","punish":"P3","tech":"P4"}
  PASS  PR2 类别权重=职责四轴投影（同一类别随职责变化，非写死映射）：hazard/rec/boost 在 受队 vs 输出 不等  → 受队:钉=1.53/回=1.23/强化=1 ｜ 输出:钉=0.69/回=0.4/强化=1 ｜ 肉盾:钉=1.42/回=1.2/强化=0.88 ｜ 强化:钉=1/回=0.66/强化=1.19
  PASS  PR3 每招 why 含「克制 X；代价 Y｜原则 P…」（抽样 6 核心 × 全部流派全部槽位，与道具同格式）  → 克制 主攻输出（威力 120·草）；代价 命中/PP 与被换人风险｜原则 P1/P2/P5（职责 强化：burst 主导，权重 1.03）
  PASS  PR4 招式类别分类可用（主攻/补盲/先制 均能出现；kind 与 MV_AX 键对齐）  → {"attack":6,"boost":5,"wear":2,"cover":6,"hazard":2,"pivot":1,"speed":1,"weather":1}
  PASS  PR5 功能招顺序改原则投影（源码级：buildMoves 区段内无 per-role 分支写死列表、仅一处规范列表，排序用 FUNC_KIND+mvDutyAxes）  → 区段=3992B｜per-role 分支=false｜funcOrder 赋值处=1｜规范列表=true｜FUNC_KIND=true｜原则排序=true｜语义门=true
  PASS  PR6 语义门保留：非设置手核心功能槽不含天气招（妙蛙花），设置手核心可含（煤炭龟）  → 妙蛙花(非设置手)含天气招=false ｜ 煤炭龟设置手=晴 ｜ 煤炭龟天气流派含天气招=true
  PASS  PR7 站场续航语义规则：强化手 = 强化+回复（kind 口径）；受队盾 = 回复+反制（rec/wear/hazard）  → 妙蛙花强化 kind=attack/attack/boost/rec ｜ 坚果哑铃肉盾 kind=wear/rec/hazard/protect
  PASS  PR8 why 不重复：每个槽位「克制 」条目恰好 1 条（去重生效，无双写）  → 重复项=0
  PASS  DS1 每条流派带 why 且可溯源原则（克制…代价…｜原则 P…）  → 晴强化清场 → 克制 站场强化后一次清场（对位=逼换空档）；代价 强化回合先被打，需耐久/掩护｜原则 P1/P4（职责 强化：tech 主导，权重 1.19）
  PASS  DS2 流派 why 与招式/道具同格式同层：PLAY_KIND/PLAY_WHY 表齐备且 key 覆盖 deriveBuilds 候选 key  → PLAY_WHY keys=speed/boost/tr/stall/pivot/wx/imm/mix/main/def
  PASS  DS3 流派 why 与配招 why 同源（同为 mvWhyStd 产物格式；抽样全流派 why 命中率 = 100%）  → 12/12
  PASS  UP1 使用率先验字段契约（v4.6.1 适配）：内嵌 ERDATA 必有 usagePrior + usageMeta — 有数据分支要求 ≥500 条、值∈(0,1]、srcs 含两源与覆盖率；无数据分支要求显式声明（srcs 空 + coverage=0 + note 含「已知缺口」），不得静默缺失  → mode=populated / prior=747 条 / srcs=gen3ou×1+gen9nationaldex×0.5 / coverage=747
  PASS  UP2 诚实标注：meta.note 与 threatPriorLine 均声明「原版使用率 ≠ ER 使用率 + ER 无对战统计=已知缺口」；THREAT_LIB 每类带 prior 溯源  → 原版（Smogon/PS）使用率 ≠ ER 使用率；ER 无对战统计=已知缺口，仅作弱先验（权重上限 0.6，次排序）
  PASS  UP3 弱先验只作次排序（不改量级）：USAGE_PRIOR_W=0.6 + 源码含 1+USAGE_PRIOR_W×prior 加权 + 代表序列与纯 BST 序前 5 交集≥3  → W=0.6 ｜ 纯BST序=超级请假王-人猿形态/超级请假王/超级坚盾剑怪R/超级武道熊师/超级超梦X ｜ 先验后代表=超级请假王-人猿形态(p=0)/超级请假王(p=0)/超级坚盾剑怪R(p=0)/超级武道熊师(p=0)/超级超梦X(p=0)
  PASS  UP4 渲染面：机制口径块含「威胁库使用率先验」行与「≠ ER 使用率」文案  → 口径块长度=5946
  PASS  AT1 对位抽检·攻手带补盲招：5 只攻手抽样中 ≥3 只在 main 含「覆盖本系盲点」的招  → 妙蛙花=FAIL 雷电云=PASS 大比鸟=PASS 凤王=PASS 大针蜂=PASS
  PASS  AT2 对位抽检·受队盾带回复/反制招（坚果哑铃：回复/消耗/钉子 命中）  → 寄生种子#73[wear] / 终极吸取#202[rec] / 撒菱#191[hazard] / 替身#164[protect]
  PASS  AT3 对位抽检·强化手带强化+回复组合（妙蛙花：boost + rec 同现）  → 日光束#76[attack] / 污泥炸弹#188[attack] / 生长#74[boost] / 终极吸取#202[rec]
  PASS  AT4 对位抽检·天气手带天气招或设置手特性（煤炭龟：天气招或日照特性）  → main=陀螺球#360/闪焰冲锋#394/大晴天#241/铁壁#334 ｜ 设置手=晴
  PASS  AT5 对位抽检·控速位带先制/控速协同（6 核心抽样：先制/控速招 或 围巾/嘉珍果/先制之爪 入荐，≥3 只出现）  → 妙蛙花=FAIL(无控速招) 雷电云=PASS(电磁波#86) 大比鸟=PASS(顺风#366) 凤王=PASS(岩石封锁#317) 大针蜂=FAIL(无控速招) 闪电鸟=PASS(电磁波#86)
  PASS  VP1 UI 渲染面·流派卡：核心配队页含「打法原则（P1–P5 同层）」与「选招依据」段，且 why 文案含「克制…代价…｜原则 P」  → coreOut=483848B ｜ 打法原则行=克制 站场强化后一次清场（对位=逼换空档）；代价 强化回合先被打，需耐久/掩护｜原则 P1/P4（职责 强化：tech 主导，权重 1.19）
  PASS  VP2 UI 渲染面·队员/候选配招：招式 chip 的 title 携带统一 why（含「原则 P」与「代价」）  → needBuildHtml=2353B ｜ 首条招式 why=威力120；体系加成 日光束 ×1.15（晴）；本系×1.6；打击面9属性×1.45；茂盛输出×1.2(&lt;1/3血)；条件威力(已满足)；⚠草属性招可能被「食草」等免疫特性废掉（本系主攻输出招，豁免无目标保守降权 ×0.7）；克制 主攻输出（威力 120·草）；代价 命中/PP 与被换人风险｜
  PASS  V451-1 流派卡道具主推 ≡ 队伍行核心主推（同源口径 itemTagOfCoreProf/coreItemCtxOf，v45-1）  → #598 队伍行=凸凸头盔(tag=肉盾)|流派卡=钉子强化清场=凸凸头盔,钉子受队消耗=凸凸头盔 ｜ #411 队伍行=厚底靴(tag=肉盾)|流派卡=钉子强化清场=厚底靴,钉子主力输出压制=厚底靴 ｜ #45 队伍行=生命宝珠(tag=输出)|流派卡=空间破盾=生命宝珠,空间主力输出压制=生命宝珠 ｜ #324 队伍行=进化奇石(tag=天气)|流派卡=晴强化清场=进化奇石,晴增伤清场=进化奇石 ｜ #3 队伍行=生命宝珠(tag=强化)|流派卡=晴强化清场=生命宝珠,晴增伤清场=生命宝珠
  PASS  V451-2 锁招道具不入盾/受职责主推（坚果哑铃强化流派 ≠ 讲究围巾，v45-1b）  → 坚果哑铃流派卡道具=钉子强化清场=凸凸头盔,钉子受队消耗=凸凸头盔 ｜ 肉盾 tag 下围巾=0.298、why=克制 锁招与「肉盾」职责冲突：盾/受需变招权与长线消耗；代价 锁招，不能变招｜原则 P1 ｜ LOCK_ITEMS=["讲究围巾","讲究头带","讲究眼镜"]
  PASS  V452 roleTag=强化 ⇒ 4 槽须含强化招；否则流派改名不称「强化」（凤王案例，v45-2）  → 顺风主力清场[roleTag=输出]=Ｖ热焰#557[attack]/星星碰撞#820[attack]/自我再生#105[rec]/岩石封锁#317[speed](改名对齐) ｜ 顺风主力输出压制[roleTag=输出]=Ｖ热焰#557[attack]/星星碰撞#820[attack]/岩石封锁#317[speed]/替身#164[protect]
  PASS  V453 盲点补招驱动：卡面自标盲点时槽内补「该盲点 ≥2x」可学招或透明披露（v45-3）  → #45 空间破盾=blind[]+补盲:大地之力#414 , 空间主力输出压制=blind[]+补盲:大地之力#414 ｜ #598 钉子强化清场=blind[]+补盲:扑击#704 , 钉子受队消耗=blind[] ｜ #3 晴强化清场=blind[钢]+无空位:大地之力#414(换终极吸取#202) , 晴增伤清场=blind[]+补盲:大地之力#414
  PASS  V453-UI 核心页出现补盲透明披露（补盲/无空位/另一侧覆盖三态之一）+ 含「原则 P」+ 无内部编号（v4.6-A）  → coreOut=483848B ｜ 盲点行=⚠ 盲点属性（4 招均 ≤0.5x）：

=== v4.6-A 微收尾（玩家可见文案去内部痕迹 + 死码清理） ===
  PASS  A2 coreMoves 死码已删除（零调用点 → 整块移除）  → typeof=undefined
  PASS  A1 契约说明玩家化（数据来源完整；无「新字段/回退」）  → 数据来源完整（招式/特性中文说明、机制词条、进化家族、战术模板齐备）
  PASS  A1 停止原因玩家化（STOP_* 枚举不外露：3 条映射）  → 需求已清零 / 已达目标规模 / 剩余需求优先级过低
  PASS  A1 威胁先验行去数据集名（gen3ou/gen9nationaldex → 人话）  → 威胁先验：第三代 OU 使用率（权重 1） + 第九代全国图鉴使用率（权重 0.5）｜覆盖 747 只（2026-09）｜**原版使用率 ≠ ER 使用率**，仅弱先验（ER 无对战统计=已知缺口）
  PASS  A1 奇石权衡 why 去内部符号（无 S= / d_bulk，保留综合权衡+对照终态）  → 奇石加成后耐久（双防×1.5）385（对终态裸耐久比值 1.20，含道具有效耐久比 1.36）—— 综合权衡后未进化+奇石更优（综合权衡 0.266 ≥ 0.12，耐久差 0.266）：奇石双防 X=385（有效耐久 1544）vs 炎玄武+剩饭（有效耐久 1133）：输出 0 
  PASS  A1 待实测徽标 title 无内部文档路径  → <span class="badge badge-pend" title="该数值为口径表默认值，尚未经游戏内实测确认">待游戏内实测确认</span>

=== v4.6-B 存档联动组队（复用既有解析器：不重写解析逻辑，仅 UI 接入 + 数据传递） ===
  PASS  B 三个 UI 函数齐备（myPoolFromSav / renderMyPool / myCoreTeam）  → function/function/function
  PASS  B 解析器未被重写（parseSavBytes / parseSavFile / autoImportParty 仍为 function）  → 
  PASS  B 数据传递钩子就位（parseSavFile → SAV_ROWS=(res.rows…；importSaveBox → SAV_ROWS=objRows）  → 
  PASS  B 选择池：id 2502 占位被护栏过滤 + 重复项去重（5 行 → 3 只，带精灵图/等级/末招/道具 chip）  → 池=3 只 / 卡片=3
  PASS  B 点选存档核心 → 完整队伍方案卡（体系总览 + 队伍需求 + 队伍方案 + 精灵图）  → myTeamOut=431566B
  PASS  B 与全图鉴组队并列（#mySavCard 区块存在，原功能未替换）  → 

=== v4.6-C 响应式（报告 §7b b5/b6/b7）+ 部署准备（§7c） ===
  PASS  C b5 表格 11 张全部位于 .scroll 容器内（窄屏不撑破页面）  → 表=11 已包裹=11
  PASS  C b5 无冗余嵌套（.scroll 内不再嵌 .scroll）  → 
  PASS  C b5 窄屏表格允许换行（th,td white-space:normal + word-break）  → 
  PASS  C b6 触控目标 ≥44px（九类控件并入同组 + modal 关闭 44×44 + 招式行加高 ≥44px）  → 
  PASS  C b7 字号与字体族（text-size-adjust + iOS/Android 中文字体族 + 11px 组提升 12px）  → 
  PASS  C 360px 无横向溢出（内联 style 无 >360px 固定宽度）  → 
  PASS  C 清理项：死 CSS .owners/.owrow 已删 + 「存档解析v4」文案中性化  → 
  PASS  C 顺手项：切 Tab 回顶 + 招式弹窗标题显示招式名  → 
  PASS  C 部署准备：index.html + .nojekyll 就位（与 assets/sprites + assets/sheets 同级，相对路径不变）  → index.html=650919B

=== v4.6 收尾修复（v46-1①②③ + v46-2/3/4/5） ===
  PASS  v46-1① 口径表内容单处注入（三容器合计 1 处；其余为引用跳转，数据未删）  → 完整表=1 处 / 行数=25
  PASS  v46-1② 玩家可见文案去开发过程语（含数据层词条正文：无「源码实证/数据表实证/待游戏内截图校准」，且出现玩家话术）  → 源码实证=0 数据表实证=0 待校准=0 新话术=31 徽标=9
  PASS  v46-1③ 全库无原生 alert（改页内 toast；消息文本不变）  → alert 残留=0 / toast 定义=true
  PASS  v46-2 .poolcard 小标签提升至 12px（.ptag/.psrc 可读）  → 
  PASS  v46-3 招表格行高 ≥44px（tr.mv 单元 padding 提至 14px）  → 
  PASS  v46-4 平板断点已补（641–1024px）  → 
  PASS  v46-5 默认入口=核心配队（nav 前置 + tab-core active + poke 非 active；7 Tab 全保留）  → Tab 数=7

=== v4.6.1 收尾（溯源标注折叠 / iOS 滚动 / 队友推荐标签区分） ===
  PASS  v461-② 表格滚动容器补 iOS 惯性滚动（-webkit-overflow-scrolling:touch）  → 
  PASS  v461-① 机制口径表默认收起（details.rulebox 无 open，gotoRule 仍可展开）  → 
  PASS  v461-① tplRuleTip 长溯源折叠为一行可展开（默认收起）+ 信息未丢（WCONF / 天气 8 回合 / ×1.5）  → <details class="inline"><summary>💡 ER 特化提示（读 WCONF 口径表 · 已按游戏源码核对）—— 展开看天气/冻伤/P
  PASS  v461-① 构建口径 / 判定口径 折叠为一行可展开（正文未丢：pow×stab×… 与 WCONF 指针仍在 DOM）  → 
  PASS  v461-③ 两种队友来源标签区分（需求驱动队友 / 体系补盲队友），需求驱动在前  → 
  PASS  v461-③ 体系补盲队友块折叠其一（details.big 默认收起，不再与需求驱动同屏重复）  → 
  PASS  v461-移动端 360px 自检不回归（≤640 断点 + ≥44px 触控组 + text-size-adjust:100% + 窄屏 toast + 12px 字号下限）  → 

=== v4.6.2 精灵图合图（Sprite Sheet：8×1024² webp + SPR_SHEET 坐标表） ===
  PASS  v4.6.2-1 SPR_SHEET 内嵌于 HTML 脚本且完整 1906 键（键=数字 id，值=[sheet,col,row]）  → 1906 键 / 脚本内 SPR_SHEET=2070355
  PASS  v4.6.2-2 锚点 id 坐标 = 「id 数字升序 / 每张 256 只」规则（411/469/741/1513/2232）  → 411→[1,10,9] 469→[1,4,13] 741→[2,4,14] 1513→[4,9,6] 2232→[6,1,7]
  PASS  v4.6.2-3 分片分布：s0~s6 各 256 只、s7 末片 114 只（1906=7×256+114）  → 256/256/256/256/256/256/256/114
  PASS  v4.6.2-4 渲染函数输出合图背景格式且签名兼容（sprOf/sprImg(·,cls)/sprRaw(·,cls)/sprImgMid）  → sprOf(3)=background-image:url('assets/sheets/s0.webp');background-repeat:no-repeat;background-size:1600% 
  PASS  v4.6.2-5 缺失 id → .spmiss 空占位（无 assets/sheets 引用、不发请求，替代旧 onerror）  → 
  PASS  v4.6.2-6 迁移完整：内嵌脚本零 assets/sprites 引用 + 存在 assets/sheets 引用（旧目录仅作源保留）  → 脚本内 sprites=0 sheets=2
  PASS  v4.6.2-7 sheets 产物齐全（8 张 webp + sheets_map.js；单张 >120KB，合计 2.5–3.5MB）  → s0.webp:350KB s1.webp:351KB s2.webp:355KB s3.webp:383KB s4.webp:442KB s5.webp:440KB s6.webp:533KB s7.webp:219KB / sheets_map.js=28KB
  PASS  v4.6.2-8 CSS 成套：合图基类 + 各上下文尺寸照搬原 img 版 + .spmiss 占位 + .spbox 内层 100%  → 
  PASS  v4.6.2-9 尺寸无关缩放：background-size 1600%（16 格）+ 百分比定位（列/行 → col/15、row/15）  → id3=0% 1600%;background-position:13.3333% 0% id17=00% 1600%;background-position:0% 6.6667%

=== v4.6.3 两段式互斥视图（点候选卡 → 方案置顶 + ← 返回挑选） ===
  PASS  v463-1 互斥双屏 DOM：#corePickWrap 包住工具栏+属性筛选+网格；#coreDetailWrap 默认隐藏且内含 #coreOut（方案不再裸挂在长候选列表之下）  → pick(工具栏 < 网格) → detail(方案) → 页面级口径表（gotoRule 仍可用）
  PASS  v463-2 「← 返回挑选」触控 ≥44px + 纯视图切换双路径（corePhase / myPhase）  → .coreback{min-height:44px} + 两处返回按钮
  PASS  v463-3 点候选卡 → 进入详情阶段（selectCore 调 corePhase(detail)；方案已渲染、挑选屏隐藏）  → pick=hidden / detail=visible / #coreOut 已渲染方案
  PASS  v463-4 返回挑选：候选屏恢复、详情收起，且搜索/筛选/排序状态保留（corePhase 函数体不触碰任何输入控件）  → 状态保留：搜索=妙 / 排序=bst / 定位=肉盾
  PASS  v463-5 详情阶段精灵仍走合图方案（#coreOut 内 assets/sheets、零 assets/sprites、含 .spsp 合图元素）  → 详情方案卡 = sheet 背景方案（v4.6.2 统一 sprEl 生效）
  PASS  v463-6 存档联动组队路径同构两段式（myCoreTeam → myDetailWrap；重新解析/重置池回挑选）  → 池 → 详情 → 返回挑选（与全图鉴路径并列，非替换）
  PASS  v463-7 移动端 360px 不引入横向滚动（返回栏 flex-wrap 无固定宽；详情为就地展开，非浮层/抽屉）  → 就地展开 + 换行自适应 + 尊重降低动效
  PASS  RS1 规则偏移层常量块与标定常量一致（L1 slow −2/syscnt +2/bst +2；L2 六项 w + 截距 b0 + train-E 基准 + mu/sd/尺度 + 端口消费的 5 项逐成员 mu/sd）  → L1={"slow":-2,"syscnt":2,"bst":2} L2=[-0.4031,-0.034,-0.8362,-0.8775,0.5131,0.8504,0.15288,22.356,4.165126] MU.keys=sh/slow/spd/bst/syscnt
  PASS  RS2 逐候选规则偏移口径：龟速（护城龙 spd≤60）RS 负分 + why 含「速度线」；高速（闪电鸟 spd≥90）RS 正分；z 口径正确  → 护城龙=-4.40 闪电鸟=5.99
  PASS  RS2b 逐候选单调性（同 bst 只变速度，隔离速度项）：速度越低 RS 分越低，且差额 = w_slow·(z₀−z₁)  → spd30=-3.577 spd120=0.512（bst 恒定 550）
  PASS  RS3a L2 映射公式精确复现：以标定夹具的 z 逐队代入 JS 常量 → S′（|Δ|<0.01，验证 b0/z_E基准/尺度三项）  → n=14 maxΔ=7.50e-4
  PASS  RS3b 端到端端口保真：rsTeamCard 逐队 S′ 对拍（容差 0.30）+ 秩相关 ≥0.97 + 极值位次一致；且唯一发散项为展示项 sh（slow/spd/bst/syscnt 的 z 逐队一致）  → max|ΔS′|=0.2393 ｜ 秩相关=0.996 ｜ z 差 slow=4.6e-10 spd=4.4e-10 bst=3.8e-10 syscnt=4.7e-10 sh=0.964（sh 为展示项，权重 −0.034≈0）
  PASS  RS4 修正方向（M5 实测）：高引擎分（≥28）队被压低 S′<E−5；低引擎分（≤20）队被抬高 S′>E、其中 ≤17 者 S′>E+5；且均值方向 mean(S′−E | 低分) > 0 > mean(| 高分)  → 高分档 lo=2(586/E30.6/S′21.0/Δ-9.6,306/E28.3/S′20.4/Δ-7.9) 压低=2 ｜ 低分档 hi=3(640/E16.8/S′26.6/Δ9.8,1833/E18.8/S′23.8/Δ5.0,1041/E19.5/S′23.0/Δ3.5) 抬高=3（≤17 档 1 抬 >5=1） ｜ meanΔ 低分=6.1 高分=-8.7 ｜ 全队 640:E16.8→26.6 1597:E23.6→26.9 2256:E24.0→23.6 2157:E21.2→23.6 2190:E25.8→20.4 586:E30.6→21.0 1833:E18.8→23.8 134:E22.3→21.4 1041:E19.5→23.0 306:E28.3→20.4 2542:E27.5→15.2 1894:E21.3→25.0 2229:E26.4→22.6 773:E23.0→24.8
  PASS  RS5 UI 渲染面：方案卡含「强度校准（规则偏移层 · 确定性修正）」行 + 引擎位次均分→校准强度 + 口径来源与回退说明  → 妙蛙花 E=31.4 → S′=31.6（+0.2）
  PASS  RS6 一键回退：RULE_SHIFT_ENABLED=false → rsL1Of/rsTeamCard 返回 null；needScore 受开关守护、renderNeedPlan 经 rsTeamCard 门控  → 开关守护（rsL1Of/rsTeamCard 前置于 needScore）+ 关闭时两函数返回 null（回退 v4.6.4）
  PASS  RS7 尺度保持：S′ 与旧引擎位次均分同量级（|S′−E| ≤ 20 分、S′∈[5,40]）  → 夹具 14 队 S′=26.6/26.9/23.6/23.6/20.4/21.0/23.8/21.4/23.0/20.4/15.2/25.0/22.6/24.8

================ v4.x 汇总 ================
PASS=285  FAIL=0
