
=== v4.9 阶段 1-A 多方案切换框架（互斥视图 · 懒渲染 · 状态保留） ===
  PASS  A1 PLAN_VARIANTS 存在且含 std/tight/full 三态（≥3 套风格化变体）  → std/tight/full
  PASS  A2 planVariantList(妙蛙花) ≥4 套（3 基础 + 轴方案，轴数据落盘后自动追加）  → n=6 ids=std/tight/full/ax_sun/ax_grassy/ax_boost
  PASS  A3 多方案容器：renderPlanSet 输出 #planSet_<id> / #planBar_<id> / #planSetBody_<id>（id 带核心后缀，无裸 id）
  PASS  A4 切换按钮走 planSetShow(coreId,k)（事件委托安全：非 JSON.stringify 内联拼接）
  PASS  A5 切换=纯视图切换：planSetShow 只替换 #planSetBody_ / #planBar_，不触碰候选屏与任何输入控件  → 563 B
  PASS  A6 懒渲染：容器内默认只有当前方案（方案①/②…不同时渲染 → 首屏轻量）  → teamPlan 卡片数=1
  PASS  A7 方案序号按核心记忆：PLAN_VAR 写入后可回读（planVarOf 与 PLAN_VAR 一致）  → memory={"3":0}
  PASS  A8 方案①（vi=0）与不传 vi 内容一致（仅池卡 DOM 序号 nd# 递增，属既有 v4.8 计数行为）
  PASS  A9 变体确实改变构建参数：紧凑核心队 ≤4 只、满编六只 = 6 只（同一核心）  → → tight=980,695,2106,721 full=980,695,2106,1657,1843,1804
  PASS  A10 目标规模参数按方案覆写不破坏默认（opts 缺省 → teamTarget()/teamMultiMax()）  → target=6

=== v4.9 阶段 1-B 核心思路横幅 · 环境威胁榜 · 方案级对位预警 ===
  PASS  B1 方案卡顶部「核心思路」横幅（一句话；含方案名 + 体系 + 角色/侧向）  → <b>核心思路</b>：标准需求驱动 · 晴 · 强化核心特殊向 —— 需求驱动、够用即止（默认）；妙蛙花；体系增伤 ×1.5 / 场地 ×1.3（已按游戏源码…
  PASS  B2 coreIdeaOf 输出玩家可读、无内部编号（无 v4./v45/v433 等调试痕迹）
  PASS  B3 环境威胁榜渲染：≥6 类威胁 + 可学率徽标 + 代理口径说明 + 代表物种（可点跳详情）  → 威胁类命中=9
  PASS  B4 threatShare 代理口径可复算（每类 0..100 或 null）  → 钉子环境=33.3 除钉手段=25.8 强化怪=81.3 先制/收残=null
  PASS  B5 威胁榜写入 #thrBoardCore 且默认收起（details 无 open 属性；点开才见全文）  → len=14334
  PASS  B6 HTML 结构：#thrBoardCore 容器存在于核心详情容器内（且在 #coreOut 之前 → 方案仍置顶可见）
  PASS  B7 corePhase('detail') 触发 drawThreatBoard（详情阶段渲染威胁榜）
  PASS  B8 方案级对位预警：四类缺口逐条判定，命中时输出「被 X 体系克制 n 只 → 建议 Y」  → 命中缺口=8/8 例:妙蛙花 → ｜如实为「无缺口」的核心: 
  PASS  B9 预警出现在方案卡渲染面（renderNeedPlan 输出含对位预警）
  PASS  B10 零负向文案：方案卡渲染面不含「已排除/硬排除/红框/体系互斥/被剔除」等强制规则表述（正向说明「不剔除 / 否决 ≠ 剔除」允许）  → 无命中

=== v4.9 阶段 2-A 协同轴：契约 · 三态判定 · 滚动消费 ===
  PASS  C1 AXIS_LIB 内嵌且字段齐备（id/name/轴手判定/受益者判定/联动说明/弱点体系/依据）  → 15 条轴：rain/sun/sand/snow/trickroom/e_terrain/misty/grassy/psychic/toxic/hazard/boost/stall/pivot/weaken
  PASS  C2 AXIS_SYS 把轴映射到引擎体系键（FIELD_SYS 口径：雨/晴/沙/雪/电场/…场地）
  PASS  C3 数据层新字段消费：ERDATA.tacticRole / ERDATA.synergyRole 存在且被引擎读取  → mv14=["强化·物攻"] abi33=["雨天速度位（×1.5）"]
  PASS  C4 精灵标签聚合：spTacticTags（招式打法标签）/ spSynergyTags（特性协同标签）非空且去重  → 妙蛙花 tactic=["强化·物攻","束缚·困住","僵直","破强化·清能力"] synergy=["晴天速度位（×1.5）","输出位·草","减伤·火","减伤·冰"]
  PASS  C5 axisStateOf 三态判定结构完整（setter/abuser/glue/sysMatch/viable + why 可溯源）  → {"sysMatch":true,"setter":true,"abuser":true,"glue":false,"why":["持有晴天轴手要素（特性/招式）","持有晴天受益要素（特性/招式）"]}
  PASS  C6 晴天核心（妙蛙花·叶绿素）被判为晴轴受益者/体系内（sysMatch 或 abuser = true）
  PASS  C7 axisSyncOf 正向加分：晴轴对妙蛙花 >0 且 why 含轴名与依据；无关轴返回 null（不虚加分）  → 12
  PASS  C8 轴需求复用既有求值器（AXIS_KIND_SPEC 全部键存在于 NEED_KINDS → 零新门）  → 15 轴 / kinds=wxsrc,wxabuse,wxreset,trset,truse,haz,clear,sub,walls,rec,wear,pivot,speed,anti
  PASS  C9 axisVariantsOf：最多 3 套轴方案，每套含 opts.axis{id,name,role,idea,weakness,basis} + 标签命名=轴名·角色  → 晴天·轴手 | 青草场地·轴手 | 强化轴（站场强化）·轴手

=== v4.9 阶段 2-B 轴方案：需求前置 · 零硬门 · 协同高亮 · 弱点预警 ===
  PASS  D1 轴方案构建：plan.axis 回传 + 首条需求为轴需求（axisNeed=true，id=A-xx 或基础需求被前置）  → N-11:wxsrc(5) N-12:wxabuse(4) N-13:wxreset(3) N-01:cover(4) N-02:cover(4)
  PASS  D2 轴需求去重正确：A- 新轴需求的 kind 不与基础清单重复（已在基础里的 kind 只做前置，不重复插入）  → 轴需求= | 前置(axisNeed)= N-11:wxsrc(5),N-12:wxabuse(4),N-13:wxreset(3)
  PASS  D3 轴内协同显式计入：轴方案至少 1 名成员带「轴协同(AX)」维度（含分值 + 依据说明）  → 轴协同（晴天）：轴手 + 受益者 + 体系内；依据=轴库「轴手/受益者/联防件」判定 + 数据层 synergyRole/tacticRole 标签
  PASS  D4 零硬门：轴方案候选池不因「非同轴」被裁剪（排他门会显著缩小池 → 池宽须与全图鉴同量级）  → 轴池最大宽=937 标准池最大宽=937 需求数=5
  PASS  D5 轴方案卡渲染：协同轴 + 一句话赢法 + 关键协同（精灵图/可点）+ 弱点预警 + 依据  → ok vi=3
  PASS  D6 弱点预警取自轴库「弱点体系」（含 threat 与 建议 两要素）  → 被 水 / 地面 / 岩石属性攻击（克制表：火 2× 被 水 / 地面 / 岩石） → 建议 水免 / 草免位（ABI_TAGS[11]/[114]/[157]）；被 对手改天气（雨天轴：火招×0.5
  PASS  D7 轴方案与标准方案不同源（方案切换确有不同队伍；非同一份复制）  → std=3,192,1521,788,251,695 axis=3,192,721,2303,741,1550

=== v4.9 阶段 2-B 每轴实测（15 轴 × 1 例核心） ===
  PASS  E rain（雨天）轴 1 例核心实测：三态判定 + 轴需求前置 + 方案构建（≥2 只）+ 协同高亮  → 可达鸭#54 via=variant role=轴手 need0=wxabuse n=6 轴参与者=6 协同高亮=可达鸭（核心·轴手） 光电伞蜥 波尔凯尼恩 卡璞・鸣鸣 超级黏美龙 超级鳃鱼龙
  PASS  E sun（晴天）轴 1 例核心实测：三态判定 + 轴需求前置 + 方案构建（≥2 只）+ 协同高亮  → 故勒顿#1007 via=variant role=轴手 need0=wxsrc n=6 轴参与者=5 协同高亮=故勒顿（核心·轴手） 帝王拿波R 波尔凯尼恩 固拉多-原始回归 超级七夕青鸟R
  PASS  E sand（沙暴）轴 1 例核心实测：三态判定 + 轴需求前置 + 方案构建（≥2 只）+ 协同高亮  → 穿山鼠#27 via=variant role=轴手 need0=wxabuse n=5 轴参与者=3 协同高亮=穿山鼠（核心·轴手） 土地云 龟足巨铠
  PASS  E snow（雪天）轴 1 例核心实测：三态判定 + 轴需求前置 + 方案构建（≥2 只）+ 协同高亮  → 拉普拉斯#131 via=variant role=轴手 need0=wxabuse n=6 轴参与者=5 协同高亮=拉普拉斯（核心·轴手） 超级暴雪王 超级戟脊龙 蕾冠王-骑白马的样子 冰蛛霸
  PASS  E trickroom（戏法空间（低速轴））轴 1 例核心实测：三态判定 + 轴需求前置 + 方案构建（≥2 只）+ 协同高亮  → 催眠貘#96 via=variant role=轴手 need0=trset n=6 轴参与者=1 协同高亮=催眠貘（核心·轴手）
  PASS  E e_terrain（电气场地）轴 1 例核心实测：三态判定 + 轴需求前置 + 方案构建（≥2 只）+ 协同高亮  → 顽皮雷弹#101 via=variant role=轴手 need0=wxabuse n=6 轴参与者=5 协同高亮=顽皮雷弹（核心·轴手） 雷公 超级自爆磁怪 沙漠蜻蜓R-B 泥巴鱼
  PASS  E misty（薄雾场地）轴 1 例核心实测：三态判定 + 轴需求前置 + 方案构建（≥2 只）+ 协同高亮  → 玛力露丽#184 via=variant role=轴手 need0=wxabuse n=6 轴参与者=4 协同高亮=玛力露丽（核心·轴手） 卡璞・鳍鳍 花洁夫人 超级霜奶仙
  PASS  E grassy（青草场地）轴 1 例核心实测：三态判定 + 轴需求前置 + 方案构建（≥2 只）+ 协同高亮  → 走路草#43 via=variant role=轴手 need0=wxabuse n=6 轴参与者=3 协同高亮=走路草（核心·轴手） 时拉比 蕾冠王
  PASS  E psychic（精神场地）轴 1 例核心实测：三态判定 + 轴需求前置 + 方案构建（≥2 只）+ 协同高亮  → 催眠貘#96 via=variant role=轴手 need0=wxabuse n=6 轴参与者=4 协同高亮=催眠貘（核心·轴手） 超级呆呆王 超级死灵暴龙Y 超级以欧路普
  PASS  E toxic（剧毒场地）轴 1 例核心实测：三态判定 + 轴需求前置 + 方案构建（≥2 只）+ 协同高亮  → 霸王花#45 via=variant role=轴手 need0=wxsrc n=6 轴参与者=3 协同高亮=霸王花（核心·轴手） 败露球菇 超级晶光花
  PASS  E hazard（钉轴（撒钉循环））轴 1 例核心实测：三态判定 + 轴需求前置 + 方案构建（≥2 只）+ 协同高亮  → 胖丁#39 via=variant role=轴手 need0=clear n=5 轴参与者=1 协同高亮=胖丁（核心·轴手）
  PASS  E boost（强化轴（站场强化））轴 1 例核心实测：三态判定 + 轴需求前置 + 方案构建（≥2 只）+ 协同高亮  → 刺龙王#230 via=variant role=轴手 need0=walls n=6 轴参与者=6 协同高亮=刺龙王（核心·轴手） 超级黏美龙 卡璞・鳍鳍 古剑豹 阿尔宙斯-毒 蚊香蛙皇
  PASS  E stall（受队轴（回复+消耗））轴 1 例核心实测：三态判定 + 轴需求前置 + 方案构建（≥2 只）+ 协同高亮  → 角金鱼#118 via=variant role=轴手 need0=haz n=6 轴参与者=6 协同高亮=角金鱼（核心·轴手） 固拉多-原始回归 超级七夕青鸟R 超级玉米蛾 光电伞蜥 洛奇亚
  PASS  E pivot（轮转轴（游击 / 折返））轴 1 例核心实测：三态判定 + 轴需求前置 + 方案构建（≥2 只）+ 协同高亮  → 喵喵#52 via=variant role=轴手 need0=speed n=5 轴参与者=5 协同高亮=喵喵（核心·轴手） 光电伞蜥 卡璞・鳍鳍 土地云-灵兽形态 凤王
  PASS  E weaken（削弱轴（威吓 / 降能力 / 异常））轴 1 例核心实测：三态判定 + 轴需求前置 + 方案构建（≥2 只）+ 协同高亮  → 青绵鸟#333 via=variant role=轴手 need0=walls n=6 轴参与者=6 协同高亮=青绵鸟（核心·轴手） 超级黏美龙 光电伞蜥 阿尔宙斯-钢 卡璞・鸣鸣 超级以欧路普
  PASS  E-ALL 15 轴全部完成实测（覆盖完整性）  → 15/15 轴有核心与方案；以方案变体暴露=15/15；协同高亮非空=15/15

--- 每轴实测表 ---
  rain        雨天        核心=可达鸭#54         形态=variant  角色=轴手   体系内=true need0=wxabuse  轴参与者=6 队伍(6)=54,695,721,785,2228,2571  高亮:可达鸭（核心·轴手） 光电伞蜥 波尔凯尼恩 卡璞・鸣鸣 超级黏美龙 超级鳃鱼龙  预警:对位预警（提示性 · 不硬门）：被 钉子环境 克制 6 只 → 建议：带一名除钉手（高速旋转
  sun         晴天        核心=故勒顿#1007       形态=variant  角色=轴手   体系内=false need0=wxsrc    轴参与者=5 队伍(6)=1007,2604,721,1550,2228,2303  高亮:故勒顿（核心·轴手） 帝王拿波R 波尔凯尼恩 固拉多-原始回归 超级七夕青鸟R  预警:对位预警（提示性 · 不硬门）：被 钉子环境 克制 6 只 → 建议：带一名除钉手（高速旋转
  sand        沙暴        核心=穿山鼠#27         形态=variant  角色=轴手   体系内=true need0=wxabuse  轴参与者=3 队伍(5)=27,645,689,1660,2228  高亮:穿山鼠（核心·轴手） 土地云 龟足巨铠  预警:对位预警（提示性 · 不硬门）：被 钉子环境 克制 4 只 → 建议：带一名除钉手（高速旋转
  snow        雪天        核心=拉普拉斯#131       形态=variant  角色=轴手   体系内=true need0=wxabuse  轴参与者=5 队伍(6)=131,1544,1905,1807,1076,249  高亮:拉普拉斯（核心·轴手） 超级暴雪王 超级戟脊龙 蕾冠王-骑白马的样子 冰蛛霸  预警:对位预警（提示性 · 不硬门）：被 钉子环境 克制 6 只 → 建议：带一名除钉手（高速旋转
  trickroom   戏法空间（低速轴） 核心=催眠貘#96         形态=variant  角色=轴手   体系内=false need0=trset    轴参与者=1 队伍(6)=96,2115,695,2203,2228,1068  高亮:催眠貘（核心·轴手）  预警:对位预警（提示性 · 不硬门）：被 钉子环境 克制 6 只 → 建议：带一名除钉手（高速旋转
  e_terrain   电气场地      核心=顽皮雷弹#101       形态=variant  角色=轴手   体系内=true need0=wxabuse  轴参与者=5 队伍(6)=101,243,2139,2576,2228,618  高亮:顽皮雷弹（核心·轴手） 雷公 超级自爆磁怪 沙漠蜻蜓R-B 泥巴鱼  预警:对位预警（提示性 · 不硬门）：被 钉子环境 克制 6 只 → 建议：带一名除钉手（高速旋转
  misty       薄雾场地      核心=玛力露丽#184       形态=variant  角色=轴手   体系内=true need0=wxabuse  轴参与者=4 队伍(6)=184,695,788,671,2206,1657  高亮:玛力露丽（核心·轴手） 卡璞・鳍鳍 花洁夫人 超级霜奶仙  预警:对位预警（提示性 · 不硬门）：被 钉子环境 克制 6 只 → 建议：带一名除钉手（高速旋转
  grassy      青草场地      核心=走路草#43         形态=variant  角色=轴手   体系内=true need0=wxabuse  轴参与者=3 队伍(6)=43,251,1035,898,1657,695  高亮:走路草（核心·轴手） 时拉比 蕾冠王  预警:对位预警（提示性 · 不硬门）：被 钉子环境 克制 6 只 → 建议：带一名除钉手（高速旋转
  psychic     精神场地      核心=催眠貘#96         形态=variant  角色=轴手   体系内=true need0=wxabuse  轴参与者=4 队伍(6)=96,2144,2161,2203,2228,1068  高亮:催眠貘（核心·轴手） 超级呆呆王 超级死灵暴龙Y 超级以欧路普  预警:对位预警（提示性 · 不硬门）：被 钉子环境 克制 6 只 → 建议：带一名除钉手（高速旋转
  toxic       剧毒场地      核心=霸王花#45         形态=variant  角色=轴手   体系内=false need0=wxsrc    轴参与者=3 队伍(6)=45,591,1907,1657,2228,1068  高亮:霸王花（核心·轴手） 败露球菇 超级晶光花  预警:对位预警（提示性 · 不硬门）：被 钉子环境 克制 6 只 → 建议：带一名除钉手（高速旋转
  hazard      钉轴（撒钉循环）  核心=胖丁#39          形态=variant  角色=轴手   体系内=false need0=clear    轴参与者=1 队伍(5)=39,788,1068,695,1843  高亮:胖丁（核心·轴手）  预警:对位预警（提示性 · 不硬门）：被 钉子环境 克制 5 只 → 建议：带一名除钉手（高速旋转
  boost       强化轴（站场强化） 核心=刺龙王#230        形态=variant  角色=轴手   体系内=false need0=walls    轴参与者=6 队伍(6)=230,2228,788,1002,1652,186  高亮:刺龙王（核心·轴手） 超级黏美龙 卡璞・鳍鳍 古剑豹 阿尔宙斯-毒 蚊香蛙皇  预警:对位预警（提示性 · 不硬门）：被 钉子环境 克制 6 只 → 建议：带一名除钉手（高速旋转
  stall       受队轴（回复+消耗） 核心=角金鱼#118        形态=variant  角色=轴手   体系内=false need0=haz      轴参与者=6 队伍(6)=118,1550,2303,2172,695,249  高亮:角金鱼（核心·轴手） 固拉多-原始回归 超级七夕青鸟R 超级玉米蛾 光电伞蜥 洛奇亚  预警:对位预警（提示性 · 不硬门）：被 钉子环境 克制 6 只 → 建议：带一名除钉手（高速旋转
  pivot       轮转轴（游击 / 折返） 核心=喵喵#52          形态=variant  角色=轴手   体系内=false need0=speed    轴参与者=5 队伍(5)=52,695,788,1678,250  高亮:喵喵（核心·轴手） 光电伞蜥 卡璞・鳍鳍 土地云-灵兽形态 凤王  预警:对位预警（提示性 · 不硬门）：被 钉子环境 克制 4 只 → 建议：带一名除钉手（高速旋转
  weaken      削弱轴（威吓 / 降能力 / 异常） 核心=青绵鸟#333        形态=variant  角色=轴手   体系内=false need0=walls    轴参与者=6 队伍(6)=333,2228,695,1657,785,2203  高亮:青绵鸟（核心·轴手） 超级黏美龙 光电伞蜥 阿尔宙斯-钢 卡璞・鸣鸣 超级以欧路普  预警:对位预警（提示性 · 不硬门）：被 钉子环境 克制 5 只 → 建议：带一名除钉手（高速旋转

=== v4.9 回归红线 ===
  PASS  R1 RULE_SHIFT 逐值零回归：RULE_SHIFT_ENABLED 默认 true、常量块与 M5 来源标注在位  → MU=[object Object] SD=[object Object]
  PASS  R2 存档解析器逐字未改（对 v4.8 index.html 逐一比对存档函数体 + SAV_SIZE 常量）  → 逐字一致=9/9（parseSavBytes/parseSavFile/scanRecords…）差异=无 SAV_SIZE new=0x20000 old=0x20000
  PASS  R3 数据契约零破坏：matchup 21×21 / moves 含 m[10] / abiTags 逐 id 形含 conv ≥9（含 280/659）/ matchupSp / templates ≥18  → matchup=21x21 conv=9（96,174,182,184,206,280,315,325,659）tpl=18 matchupSp=true
  PASS  R4 生成链与产物一致性：HTML 内嵌 AXIS_LIB 与 axis_lib.json 同源（条数 + id 序列一致）
  PASS  R5 移动端 390×844 规格：多方案标签条/按钮 min-height ≥44px（CSS 在位）  → planv 44px=true
  PASS  R6 无内部编号进入玩家可见渲染面（扫描 5 核心方案卡 + 威胁榜 + 流派卡命名）

================ v4.9 汇总 ================
PASS=58  FAIL=0
每轴实测表（JSON）：
[{"axis":"rain","name":"雨天","core":"可达鸭#54","via":"variant","role":"轴手","sysMatch":true,"need0":"wxabuse","team":"54,695,721,785,2228,2571","n":6,"axDim":5,"axPart":6,"synLine":"可达鸭（核心·轴手） 光电伞蜥 波尔凯尼恩 卡璞・鸣鸣 超级黏美龙 超级鳃鱼龙","weak":"对位预警（提示性 · 不硬门）：被 钉子环境 克制 6 只 → 建议：带一名除钉手（高速旋转"},{"axis":"sun","name":"晴天","core":"故勒顿#1007","via":"variant","role":"轴手","sysMatch":false,"need0":"wxsrc","team":"1007,2604,721,1550,2228,2303","n":6,"axDim":4,"axPart":5,"synLine":"故勒顿（核心·轴手） 帝王拿波R 波尔凯尼恩 固拉多-原始回归 超级七夕青鸟R","weak":"对位预警（提示性 · 不硬门）：被 钉子环境 克制 6 只 → 建议：带一名除钉手（高速旋转"},{"axis":"sand","name":"沙暴","core":"穿山鼠#27","via":"variant","role":"轴手","sysMatch":true,"need0":"wxabuse","team":"27,645,689,1660,2228","n":5,"axDim":2,"axPart":3,"synLine":"穿山鼠（核心·轴手） 土地云 龟足巨铠","weak":"对位预警（提示性 · 不硬门）：被 钉子环境 克制 4 只 → 建议：带一名除钉手（高速旋转"},{"axis":"snow","name":"雪天","core":"拉普拉斯#131","via":"variant","role":"轴手","sysMatch":true,"need0":"wxabuse","team":"131,1544,1905,1807,1076,249","n":6,"axDim":4,"axPart":5,"synLine":"拉普拉斯（核心·轴手） 超级暴雪王 超级戟脊龙 蕾冠王-骑白马的样子 冰蛛霸","weak":"对位预警（提示性 · 不硬门）：被 钉子环境 克制 6 只 → 建议：带一名除钉手（高速旋转"},{"axis":"trickroom","name":"戏法空间（低速轴）","core":"催眠貘#96","via":"variant","role":"轴手","sysMatch":false,"need0":"trset","team":"96,2115,695,2203,2228,1068","n":6,"axDim":0,"axPart":1,"synLine":"催眠貘（核心·轴手）","weak":"对位预警（提示性 · 不硬门）：被 钉子环境 克制 6 只 → 建议：带一名除钉手（高速旋转"},{"axis":"e_terrain","name":"电气场地","core":"顽皮雷弹#101","via":"variant","role":"轴手","sysMatch":true,"need0":"wxabuse","team":"101,243,2139,2576,2228,618","n":6,"axDim":4,"axPart":5,"synLine":"顽皮雷弹（核心·轴手） 雷公 超级自爆磁怪 沙漠蜻蜓R-B 泥巴鱼","weak":"对位预警（提示性 · 不硬门）：被 钉子环境 克制 6 只 → 建议：带一名除钉手（高速旋转"},{"axis":"misty","name":"薄雾场地","core":"玛力露丽#184","via":"variant","role":"轴手","sysMatch":true,"need0":"wxabuse","team":"184,695,788,671,2206,1657","n":6,"axDim":3,"axPart":4,"synLine":"玛力露丽（核心·轴手） 卡璞・鳍鳍 花洁夫人 超级霜奶仙","weak":"对位预警（提示性 · 不硬门）：被 钉子环境 克制 6 只 → 建议：带一名除钉手（高速旋转"},{"axis":"grassy","name":"青草场地","core":"走路草#43","via":"variant","role":"轴手","sysMatch":true,"need0":"wxabuse","team":"43,251,1035,898,1657,695","n":6,"axDim":2,"axPart":3,"synLine":"走路草（核心·轴手） 时拉比 蕾冠王","weak":"对位预警（提示性 · 不硬门）：被 钉子环境 克制 6 只 → 建议：带一名除钉手（高速旋转"},{"axis":"psychic","name":"精神场地","core":"催眠貘#96","via":"variant","role":"轴手","sysMatch":true,"need0":"wxabuse","team":"96,2144,2161,2203,2228,1068","n":6,"axDim":3,"axPart":4,"synLine":"催眠貘（核心·轴手） 超级呆呆王 超级死灵暴龙Y 超级以欧路普","weak":"对位预警（提示性 · 不硬门）：被 钉子环境 克制 6 只 → 建议：带一名除钉手（高速旋转"},{"axis":"toxic","name":"剧毒场地","core":"霸王花#45","via":"variant","role":"轴手","sysMatch":false,"need0":"wxsrc","team":"45,591,1907,1657,2228,1068","n":6,"axDim":2,"axPart":3,"synLine":"霸王花（核心·轴手） 败露球菇 超级晶光花","weak":"对位预警（提示性 · 不硬门）：被 钉子环境 克制 6 只 → 建议：带一名除钉手（高速旋转"},{"axis":"hazard","name":"钉轴（撒钉循环）","core":"胖丁#39","via":"variant","role":"轴手","sysMatch":false,"need0":"clear","team":"39,788,1068,695,1843","n":5,"axDim":0,"axPart":1,"synLine":"胖丁（核心·轴手）","weak":"对位预警（提示性 · 不硬门）：被 钉子环境 克制 5 只 → 建议：带一名除钉手（高速旋转"},{"axis":"boost","name":"强化轴（站场强化）","core":"刺龙王#230","via":"variant","role":"轴手","sysMatch":false,"need0":"walls","team":"230,2228,788,1002,1652,186","n":6,"axDim":5,"axPart":6,"synLine":"刺龙王（核心·轴手） 超级黏美龙 卡璞・鳍鳍 古剑豹 阿尔宙斯-毒 蚊香蛙皇","weak":"对位预警（提示性 · 不硬门）：被 钉子环境 克制 6 只 → 建议：带一名除钉手（高速旋转"},{"axis":"stall","name":"受队轴（回复+消耗）","core":"角金鱼#118","via":"variant","role":"轴手","sysMatch":false,"need0":"haz","team":"118,1550,2303,2172,695,249","n":6,"axDim":5,"axPart":6,"synLine":"角金鱼（核心·轴手） 固拉多-原始回归 超级七夕青鸟R 超级玉米蛾 光电伞蜥 洛奇亚","weak":"对位预警（提示性 · 不硬门）：被 钉子环境 克制 6 只 → 建议：带一名除钉手（高速旋转"},{"axis":"pivot","name":"轮转轴（游击 / 折返）","core":"喵喵#52","via":"variant","role":"轴手","sysMatch":false,"need0":"speed","team":"52,695,788,1678,250","n":5,"axDim":4,"axPart":5,"synLine":"喵喵（核心·轴手） 光电伞蜥 卡璞・鳍鳍 土地云-灵兽形态 凤王","weak":"对位预警（提示性 · 不硬门）：被 钉子环境 克制 4 只 → 建议：带一名除钉手（高速旋转"},{"axis":"weaken","name":"削弱轴（威吓 / 降能力 / 异常）","core":"青绵鸟#333","via":"variant","role":"轴手","sysMatch":false,"need0":"walls","team":"333,2228,695,1657,785,2203","n":6,"axDim":5,"axPart":6,"synLine":"青绵鸟（核心·轴手） 超级黏美龙 光电伞蜥 阿尔宙斯-钢 卡璞・鸣鸣 超级以欧路普","weak":"对位预警（提示性 · 不硬门）：被 钉子环境 克制 5 只 → 建议：带一名除钉手（高速旋转"}]
