
=== v4.8 G3 产品级规模参数（TEAM_CFG / 访问器 / 映射规则） ===
  PASS  G3a TEAM_CFG 默认 = 现行为（target 6 / multiMax 2，与 NEED_CFG 同源）  → {"target":6,"multiMax":2,"TARGET_MIN":3,"TARGET_MAX":6,"MULTI_BASE":2}
  PASS  G3b multiMaxForTarget 映射：6→2 / 5→2 / 4→1 / 3→1  → 6->2 5->2 4->1 3->1
  PASS  G3c 构建器不再硬编码（NEED_CFG.MAX_TEAM / MULTI_MAX 已无引用，旧常量按契约保留）  → builder 内已无硬编码

=== v4.8 G2-a 默认构建零回归（target 6 / mm 2 / fills 0） ===
  PASS  G2a 妙蛙花方案与 v4.7 记录逐只一致（id 序列锚点）  → 3,192,1521,788,251,695 / STOP_SIZE_LIMIT
  PASS  G2b 规模分布与 M4 核查一致（4~6 只，无 <4）  → 妙蛙花=6 煤炭龟=6 土王=4 坚果哑铃=4 护城龙=5
  PASS  G2c 紧凑队告警指向「继续补位」（玩家可读，不写死 6 只）  → 需求已清零 → 输出 4 只紧凑队伍（不自动补齐；可用「继续补位」手动追加非需求驱动候选）

=== v4.8 G2-b 「继续补位」（非需求驱动追加） ===
  PASS  G2d 补位生效：土王 4 → 6 只（fills=2，达目标即止）  → 4→6 fills=2
  PASS  G2e 补位成员契约完整（fill/kind/label/gate/dims/multi/links）  → 帕路奇亚-起源形态(6dims) 无极汰那-无极巨化(7dims)
  PASS  G2f 补位不重复已用成员（used/family 双过滤），且不改需求闭合计数  → 新增 1843,1804 / satisfied 均 10
  PASS  G2g 补位候选池从不枯竭（fillCands 8 只含分数，供 UI/复验）  → 帕路奇亚-起源形态(47.7) 无极汰那-无极巨化(46.1) 纸御剑-堕天使形态(45.7)
  PASS  G2h 已满目标规模时补位不生效（不越界/不报错）  → 妙蛙花 fill:3 → 6 只 fills=0

=== v4.8 G2-c 目标规模调小（上限收紧，正向引导） ===
  PASS  G2i target=4 → 恰好 4 只 / 合并上限 ×1；候选池仍全量正向评分（零硬门）；恢复 6/2 回归默认  → target=4 → n=4 mm=1

=== v4.8 G2-d UI 接入（选择器 / 补位按钮 / 补位标注 / 就地重渲染） ===
  PASS  G2j 方案卡容器 #teamPlan_<id>（无裸 id 残留，局部重渲染可定位）  → 
  PASS  G2k 目标规模选择器：4 个选项 + onchange → setPlanTarget + 默认选中 6  → 
  PASS  G2l 满员时显示「已达目标规模」而非补位按钮（6 只上限无位可补）  → 
  PASS  G2m 未满员时提供「继续补位」按钮（土王 4/6）  → 
  PASS  G2n 补位成员独立标注（.fillrow + 徽标 + 补位依据）+ 标题标注目标规模与补位数  → 土王 PLAN_FILL=2
  PASS  G2o 玩家可见文案不含内部版本号/参数名（无 v4.x / STOP_PRIORITY / MULTI_MAX）  → 

=== v4.8 G4/G1 死分支登记与评估口径登记 ===
  PASS  G4a STOP_PRIORITY 分支登记为护栏（源码含登记注释 + 常量保留 + 不可达说明）  → 
  PASS  G4b 停止原因文案不再写死「已满 6 只」  → 已达目标规模
  PASS  G4c 构建口径文案同步（达目标规模 + 合并上限可配，不再声称满 6 只）  → 
  PASS  G1 评估口径登记（报告含评测口径章节：mode A / min-size / 均值型偏置）  → 报告 13183 字

=== v4.8 红线：RULE_SHIFT 计算/权重零改动 ===
  PASS  RS-a 开关 true + L1 三项逐值不变  → {"slow":-2,"syscnt":2,"bst":2}
  PASS  RS-b L2 12 键逐值不变（权重/截距/尺度）  → -0.4031/0.15288/22.356/4.1445
  PASS  RS-c MU/SD 5 键逐值不变 + rsTeamCard 端到端 S′ 与 E 同量级  → E=31.4 S′=31.6
  PASS  RS-d 逐候选 RS 维度仍注入 needScore dims（慢速负分/高速正分 + why 含速度线）  → 护城龙 RS=-4.40 / 闪电鸟 RS=5.99 / 注入 2199 候选
  PASS  RS-e RULE_SHIFT 结构不变（MU/SD/L1/L2/W/SRC 六键）  → MU/SD/L1/L2/W/SRC

=== v4.8 数据契约与响应式（红线：data.js 契约 / UI 结构不动） ===
  PASS  CFG-a 数据契约不回归（matchupSp 非空 / usagePrior 747 / WCONF+ABI_ATE v3.23 基线）  → matchupSp 列 18 / usagePrior 747
  PASS  CFG-b 新增 CSS 三条入产物（.tgtsel 触控 ≥44px / .scalebar / .fillrow）  → 
  PASS  CFG-c 响应式断点齐备（640px 手机 / 平板断点）+ iOS 惯性滚动  → 
  PASS  CFG-d 精灵合图方案不回归（assets/sheets/ + SPR_SHEET）  → 
  PASS  CFG-e 两段式互斥视图不回归（myPhase/corePhase 状态机在位）  → 

================ v4.8 汇总 ================
PASS=32  FAIL=0
