
=== 0 数据层探针（HTML 内嵌 ERDATA） ===
  PASS  matchup 21 行 × 21 列  → rows=21 rowlens=[21]
  PASS  moves[0][10] 存在（lDesc 位置数组第 [10] 下标）  → len=12
  PASS  lDesc 非空条数 > 1000  → count=1031
  PASS  abiTags conv = 9 条（v3.24：数据层 2026-10-07 00:24 补入 280/659 目标属性）  → ["96:一般","174:冰","182:妖精","184:飞行","206:电","280:冰","315:水","325:毒","659:电"]
  PASS  数据层 conv 只给目标属性、无 src 字段（来源属性由引擎侧 CONV_SRC 补登：280→岩石 / 659→钢）  → src 字段出现次数=0

=== B8 WCONF / ABI_ATE 参数落地（已按游戏源码核对后：按 v2.65 源码为准） ===
  PASS  WCONF.manualDurTurns = 8  → got=8
  PASS  WCONF.abilityDurTurns = 8  → got=8
  PASS  WCONF.rockTurnsAbility = 12  → got=12
  PASS  WCONF.rockTurnsManual = 12  → got=12
  PASS  WCONF.boost = 0.5  → got=0.5
  PASS  WCONF.abilityBoost = 0.5  → got=0.5
  PASS  WCONF.terrainBoost = 1.3  → got=1.3
  PASS  WCONF.terrainDurTurns = 8  → got=8
  PASS  WCONF.terrainExtenderTurns = 12  → got=12
  PASS  WCONF.tailwindTurns = 4  → got=4
  PASS  WCONF.autoTailwindTurns = 4  → got=4
  PASS  WCONF.trickroomTurns = 5  → got=5
  PASS  WCONF.trickroomPrio = -7  → got=-7
  PASS  WCONF.paraSpeed = 0.5  → got=0.5
  PASS  WCONF.paraFullChance = 0.25  → got=0.25
  PASS  WCONF.lightClayTurns 存在且为 null（待实测）  → null
  PASS  v3.23 天气回合单档：源码 8 / 岩石 12，手动与特性相同（无 changelog 的「手动 5」档）  → 8/8/12/12
  PASS  v3.23 天气增伤取消分源：boost == abilityBoost（同档 ×1.5，增量语义 1+值）  → boost=0.5 abilityBoost=0.5
  PASS  v3.23 场地延展器 11 → 12（源码 TERRAIN_DURATION_EXTENDED=12）  → 12
  PASS  v3.23 顺风常量 3 ⇒ 实际 4 回合时段（手动/特性自动同）  → 4/4
  PASS  hazardRules 四类齐全  → spikes,stealthRock,toxicSpikes,stickyWeb
  PASS  hazardRules.spikes 3 层 1/8→1/6→1/4（考古修正 3/16→1/6）  → 0.125,0.16666666666666666,0.25
  PASS  hazardRules.stickyWeb 速度 -1 + 免疫飞行/飘浮/气球  → 飞行,飘浮,气球
  PASS  defogRapidSpin：spin=self / defog=both / 雾中闪避 -1  → {"rapidSpin":"self","defog":"both","defogEvasion":-1,"walls":"foeOnly"}
  PASS  frostbite：1/16 + 特攻×0.5 + 冰雹×3（值保留，×3 转待实测）  → {"dmgFraction":0.0625,"spAtkMult":0.5,"hailChanceMult":3}
  PASS  toxicTerrain：8 回合 / 1.3 / 1/16 / 不转毒菱 / 种子未收录  → {"exists":true,"durTurns":8,"dmgFraction":0.0625,"boost":1.3,"spikesToToxicSpikes":false,"seed":"未收录"}
  PASS  ABI_ATE.multiplier = 1.0（v2.65 宏族无 onOffensiveMultiplier）+ stabConvert + procChance 1.0  → {"multiplier":1,"specialBoost":{"96":1.1,"280":1.1,"659":1.1},"stabConvert":true,"procChance":1}
  PASS  ABI_ATE.specialBoost 三特例 ×1.1：96 Normalize / 280 Crystallize / 659 Superconductor  → {"96":1.1,"280":1.1,"659":1.1}
  PASS  ateMulOf：宏族匿名 id → 1.0（如 174 Refrigerate）/ 三特例 → 1.1  → 174→1 96→1.1 280→1.1 659→1.1
  PASS  待实测清单 6 项（v4.2 新增 wxGrantOrder：天气归属两代机制相反、待实测；其余为 v2.65+ 考古后的 5 项）  → WCONF.trickroomTurns,WCONF.frostbite.hailChanceMult,WCONF.lightClayTurns,WCONF.toxicTerrain.spikesToToxicSpikes,WCONF.toxicTerrain.seed,WCONF.wxGrantOrder
  PASS  v3.23 转定稿项已移出 PEND（天气回合/岩石/增伤/场地倍率/延展器/顺风/-ate）  → WCONF.trickroomTurns,WCONF.frostbite.hailChanceMult,WCONF.lightClayTurns,WCONF.toxicTerrain.spikesToToxicSpikes,WCONF.toxicTerrain.seed,WCONF.wxGrantOrder
  PASS  wxNums() 单档 ×1.5（无 +20%）+ 无徽标  → 手动天气 8 回合（岩石 12 回合）· 特性天气 8 回合（岩石 12 回合）· 晴/雨增伤 ×1.5（已按游戏源码核对：不分手动/特性，单档）
  PASS  terrainNums() ×1.3 + v2.65 源码注 + 延展器 12 + 无徽标  → 场地 8 回合（延展器 12 回合）· 场地属性增伤 ×1.3（已按游戏源码核对：B_TERRAIN_TYPE_BOOST=GEN_8）
  PASS  模板 tips 原文含旧文案（证明 wxTip 有活干）  → 含旧文案=true
  PASS  wxTip 后无「增伤从 50% 削到 20%」旧文案  → 已清除
  PASS  wxTip 后无写死 +30% 场地文案  → 0 处
  PASS  wxTip 后含 WCONF 数值(×1.3/8 回合/×1.5)  → √
  PASS  wxTip 后场地/天气标注 v2.65 源码（B_TERRAIN_TYPE_BOOST=GEN_8）  → 
  PASS  wxTip 后无残留徽标（模板 tips 涉及的均已定稿）  → 0 处
  PASS  wxRuleHtml 含 WCONF 行 + 除钉勘误  → len=5946
  PASS  HTML 机制口径：完整表仅注入 #ruleBoxCore 一处（#ruleBoxTeam/#ruleBoxTpl 为引用跳转，同内容不重复）  → core=5946B
  PASS  tplRuleTip 已由 JS 填充（无写死 20% 文案）  → <details class="inline"><summary>💡 ER 特化提示（读 WCONF 口径表 · 已按

=== B6 FUNC_MV（hazard 补 564 / removal=[229,432]） ===
  PASS  hazard 含 564  → [191,390,446,564]
  PASS  564 = 黏黏网（Sticky Web）  → 黏黏网
  PASS  removal = [229,432] 顺序正确  → [229,432]
  PASS  229 = 高速旋转（清自身侧）  → 高速旋转
  PASS  432 = 清除浓雾（清双方）  → 清除浓雾
  PASS  removal 权重 = 0（待实测，仅展示）  → 0
  PASS  weather 权重 = 40（设置手）  → 40
  PASS  hazard 权重 = 25（铺场/肉盾）  → 25

=== B7 id 2502 护栏（isValidSp） ===
  base 总和<=0 的物种：2502:烈焰猴R-B:Infernape Redux B=[0,0,0,0,0,0]
  PASS  isValidSp(2502) === false  → "烈焰猴R-B"
  PASS  isValidSp(妙蛙花) === true  → 
  PASS  isFinalSp 对 2502 无关（护栏独立生效）  → 
  核心列表（仅最终形态关）计数：共 1905 只，显示前 60（可缩小筛选）
  PASS  核心列表已剔除无效物种（1906-1=1905）  → 共 1905 只，显示前 60（可缩小筛选）
  核心列表（仅最终形态开）计数：共 1300 只，显示前 60（可缩小筛选）

=== B1 defCellTrio：勾选可选特性时天性 im/hf 仍生效（叠加不顶替） ===
  Storming = #2667 Storming [水/飞行] inns=["降雨","闪电之躯","毛茸茸"] abis=["过载","中和雾气","引水"]
  Storming 电：base=4 inn=2 opt=2 | 勾选可选「中和雾气」→ opt=2
  Storming 水：base=0.5 inn=0 opt=0
  PASS  Storming 电 4x→2x（天性闪电之躯）  → base=4 inn=2
  土王 id=2232 超级土王 inns=["毒沼制造者","储水","毒刺"] abis=["奇迹皮肤","纯朴","毒棘"]
  PASS  土王 水 天性储水 → 免（inn=0）  → base=2 inn=0 opt=0
  土王 水：勾选可选「奇迹皮肤」→ base=2 inn=0 opt=0
  PASS  B1 勾选可选特性后 天性水免仍在（inn 仍=0）  → inn=0
  PASS  B1 勾选后 opt 仍为免疫（enter 天性叠加）  → opt=0

=== B5 -ate 属性转换（conv 7 条消费） ===
  持有 conv 特性的宝可梦数=114 前 6：19:小拉达→一般(一般皮肤/可选) | 20:拉达→一般(一般皮肤/可选) | 34:尼多王→毒(醉人/天性) | 60:蚊香蝌蚪→水(水合/可选) | 61:蚊香君→水(水合/天性) | 90:大舌贝→水(水合/可选)
  PASS  convOf 命中数 > 0  → 114 只
  PASS  存在 -ate 转换招进入配招池的样例  → 尼多王 [毒/地面] 醉人→毒：终极冲击
  PASS  v3.23/v3.24 -ate 转换招标 conv + why 记「×1 + 本系 STAB，已按游戏源码核对」+ src 来源属性招有效属性被转换  → 终极冲击：威力150 × 本系×1.6（-ate 属性转换：×1 + 本系 STAB，已按游戏源码核对） × 打击面7属性×1.35 × 僵直×0.85 × 克制 主攻输出（威力 150·一般）；代价 命中/PP 与被换人风险｜原则 P1/P2/P5（职责 输出：burst 主导，权重 1.12）
  PASS  v3.23 -ate 转换招 why 无「倍率待实测」残留  → 威力150 × 本系×1.6（-ate 属性转换：×1 + 本系 STAB，已按游戏源码核对） × 打击面7属性×1.35 × 僵直×0.85 × 克制 主攻输出（威力 150·一般）；代价 命中/PP 与被换人风险｜原则 P1/P2/P5（职责 输出：burst 主导，权重 1.12）
  PASS  -ate 转换后按本系 STAB（stab=true）  → stab=true 属性=毒
  -ate 样例池：修长之角 | 终极冲击(转换 ×1) | 地裂 | 劈瓦
  Normalize(96) 样例=小拉达#19 / 其它 conv 样例=尼多王#34(醉人)
  PASS  v3.23 三特例 Normalize(96) 转换招在 pickAttacks 记 ×1.1（无 10% 加成旧值 ×1.05）  → 觉醒力量 → 威力80 × 本系×1.6（-ate 属性转换：×1.1 + 本系 STAB，已按游戏源码核对） × 打击面1属性×1.05 × 克制 主攻输出（威力 80·一般）；代价 命中/PP 与被换人风险｜原则 P1/P5（职责 输出：burst 主导，权重 1.12）
  PASS  v3.23 宏族 -ate（如 醉人）转换招在 pickAttacks 记 ×1（v2.65 无 onOffensiveMultiplier；旧 ×1.05 已废）  → 终极冲击 → 威力150 × 本系×1.6（-ate 属性转换：×1 + 本系 STAB，已按游戏源码核对） × 打击面7属性×1.35 × 僵直×0.85 × 克制 主攻输出（威力 150·一般）；代价 命中/PP 与被换人风险｜原则 P1/P2/P5（职责 输出：burst 主导，权重 1.12）

=== v3.24 -ate conv 来源属性 src（非一般系来源修正） ===
  PASS  CONV_SRC 表：280 → {conv:冰, src:岩石} / 659 → {conv:电, src:钢}  → {"280":{"conv":"冰","src":"岩石"},"659":{"conv":"电","src":"钢"}}
  280 持有者（NM2ID 解析）=#1536超级冰鬼护[冰/冰] abis=["杀戮之颚","结晶","拨雪"] inns=["低温熟练","冰川之怒","不动之物"] | #1856超级请假王-人猿形态[一般/冰] abis=["无形拳","识相点","蔑视"] inns=["猿之变","破格","结晶"] | #2123超级请假王[一般/冰] abis=["无形拳","识相点","蔑视"] inns=["猿之变","懒惰","结晶"]
  PASS  280 三只持有者（1536/1856/2123）均被 convOf 命中且 src=岩石 / type=冰 / id=280  → #1536→{"type":"冰","src":"岩石","abi":"结晶","scope":"可选","id":"280"} | #1856→{"type":"冰","src":"岩石","abi":"结晶","scope":"天性","id":"280"} | #2123→{"type":"冰","src":"岩石","abi":"结晶","scope":"天性","id":"280"}
  PASS  280 持有者 ateMulOf(id)=1.1（三特例）  → 1.1
  1536 岩石系攻击招=5（落石/岩崩/尖石攻击/双刃头锤/岩石牙） 一般系攻击招=18
  PASS  v3.24 1536 岩石系招被识别为冰系（effMvType=冰）  → 落石→冰 | 岩崩→冰 | 尖石攻击→冰 | 双刃头锤→冰 | 岩石牙→冰
  PASS  v3.24 1536 一般系招**不再**被误转（来源是岩石，「一般→冰」错误逻辑已消除）  → 头锤→一般 | 乱击→一般 | 舍身冲撞→一般 | 破坏光线→一般 | 大爆炸→一般
  PASS  v3.24 1536 非岩非一般招不受影响（冰系仍冰）  → 
  1536 池含 conv 招=1 样例=双刃头锤 ty=冰 why=威力150 × 本系×1.6（-ate 属性转换：岩石→冰 ×1.1 + 本系 STAB，已按游戏源码核对） × 命中85×0.95 × 打击面5属性×1.25 × 反伤×0.9 × 克制 主攻输出（威力 150·岩石）；代价 命中/PP 与被换人风险｜原则 P1/P2/P5（职责 输出：burst 主导，权重 1.12）
  PASS  v3.24 1536 配招池含岩石系转换招，ty=冰 且 why 记「岩石→冰 ×1.1 + 本系 STAB」  → 双刃头锤 ty=冰：威力150 × 本系×1.6（-ate 属性转换：岩石→冰 ×1.1 + 本系 STAB，已按游戏源码核对） × 命中85×0.95 × 打击面5属性×1.25 × 反伤×0.9 × 克制 主攻输出（威力 150·岩石）；代价 命中/PP 与被换人风险｜原则 P1/P2/P5（职责 输出：burst 主导，权重 1.12）
  PASS  v3.24 1536 配招池中岩石系原招不再以「岩石」计（无 ty=岩石 的攻击槽）  → 冰,格斗,地面,超能力,冰,格斗,水,幽灵
  PASS  v3.24 convSrcLabel：一般→「一般属性招」/ 岩石→「岩石系招」  → 岩石系招
  PASS  v3.24 数值卡文案：1536 显示「岩石系招转为 冰」且不再出现「一般属性招转为」  → -ate 属性转换：岩石→冰 ×1.1 + 本系 STAB，已按游戏源码核对） × 命中85×0.95 × 打击面5属性×1.25 × 反伤×0.9 × 克制 主攻输出（威力 15
    皮肤系抽样=96:一般→一般 | 174:一般→冰 | 182:一般→妖精 | 184:一般→飞行 | 206:一般→电 | 315:一般→水 | 325:一般→毒
  PASS  v3.24 皮肤系 src 缺省为「一般」（96/174/182/184/206/315/325 全命中）  → 
  PASS  v3.24 一般系来源判定未被破坏：小拉达(96) 一般招→一般 / 尼多王(325) 一般招→毒  → 小拉达={"type":"一般","src":"一般","abi":"一般皮肤","scope":"可选","id":"96"} 尼多王={"type":"毒","src":"一般","abi":"醉人","scope":"天性","id":"325"}
  PASS  v3.24 口径表 -ate 行含「来源属性 src」与 280/659 非一般来源说明  → 
    conv 持有者(有效物种)=114
  PASS  v3.24 全库 conv 持有者数 ≥ v3.23（新增 280 三只）  → 
  PASS  别名型特性名全部可解析（abiIdByZhOrEn 读 abiAlias）  → 别名表 419 条；别名型槽位 4389 个；未解析 0
  PASS  命名样例解析：水合=315 / 天气控制=354 / 华贵之鸟≠null  → 水合→315 天气控制→354 华贵之鸟→323
  PASS  别名型 conv 特性可解析（修正 27 条漏消费）  → 29 只，样例=尼多王→毒(醉人) / 蚊香蝌蚪→水(水合) / 蚊香君→水(水合)
  PASS  别名型 out 特性可解析（修正 249 条漏消费）  → 299 只，样例=杰尼龟/卡咪龟/水箭龟
  PASS  别名型 out 特性在 abiAdjOf 生效（对应属性/侧 ×1.2）  → 可达鸭:超能之心 物理/超能力 mul=1.2 why=超能之心输出×1.2(<1/3血)
  PASS  coreIntensity 消费别名型 out（强度倍率不再为空）  → 比比鸟 abis 含「华贵之鸟」→ mults=["华贵之鸟×1.5","鸟群×1.5"] shield=
  PASS  pickAbiFor 消费别名型 out（输出评分入 why）  → 比比鸟 → 华贵之鸟:3[输出×1.5] | 尘云:0[] | 加速:0[]
  PASS  coreAbiPick 消费别名型 im/hf/add（评分 > 0）  → 喷火龙 abis 含「巨翼」→ 巨翼:2[免疫地面] | 熔解:0[] | 硬爪:0[]
  PASS  abiDesc 渲染消费别名（详情 onclick 带 315 而非 null）  → 蚊香蝌蚪 水合→315；详情含「abiDesc(this,315)」=true（详情 html 3328 字符）

=== B3 lDesc 代价标签 / B4 命中微调 ===
  PASS  63 破坏光线 → 僵直×0.85  → 僵直×0.85 mul=0.85
  PASS  457 双刃头锤 → 反伤×0.9（+无回复再×0.9）  → 反伤×0.9,无回复再×0.9 mul=0.810
  PASS  332 燕返 → 必中×1.05  → 必中×1.05
  PASS  B4 acc=0 → hitAdj 1.05  → acc=0
  PASS  B4 acc=85 → hitAdj 0.95  → 夹住 acc=85
  PASS  B4 acc=80（<85）→ hitAdj 0.8  → 极落钳 acc=80
  条件威力样本 59 暴风雪 → ["条件威力未满足×0.7"]
  条件威力样本 76 日光束 → ["条件威力未满足×0.7"]
  条件威力样本 87 打雷 → ["条件威力未满足×0.7"]
  PASS  条件威力：体系匹配者判「已满足」  → 妙蛙种子 日光束 → ["条件威力(已满足)"]
  PASS  条件威力：无体系者判「未满足×0.7」  → 喷火龙 coreSys=[] 日光束 → ["条件威力未满足×0.7"]

=== B9 分层配招引擎 ===
  妙蛙花流派数=2
    [1] 晴强化清场 / 特殊 / 性格淘气 / 日光束/污泥炸弹/生长/终极吸取 / 备选:飞叶风暴/花粉团/光合作用/自我激励/替身/守住
    [2] 晴增伤清场 / 特殊 / 性格内敛 / 日光束/污泥炸弹/生长/大地之力 / 备选:飞叶风暴/花粉团/终极吸取/光合作用/自我激励/替身
  PASS  妙蛙花 流派数 ≥ 2  → 2
  PASS  妙蛙花 特攻流不含剑舞(14)  → 日光束/污泥炸弹/生长/终极吸取
  PASS  妙蛙花 特攻流含特攻强化(冥想347/诡计417/蝶舞483)或双攻强化(生长74/自我激励504/磨砺526)  → 日光束/污泥炸弹/生长/终极吸取
  凤王流派数=2
    [1] 顺风主力清场 / 物理 / Ｖ热焰/星星碰撞/自我再生/岩石封锁
    [2] 顺风主力输出压制 / 物理 / Ｖ热焰/星星碰撞/岩石封锁/替身
  PASS  凤王 破盾路线互斥择优：route=强化 → 不生成双刀流派（双刀不默认第三流）  → 流派=顺风主力清场(物理) | 顺风主力输出压制(物理) ｜ 双刀流派=无
  PASS  凤王 流派命名=打法（机制前缀+打法），非物特二分  → 顺风主力清场[output+boost+route] | 顺风主力输出压制[output+route+prio]
  凤王属性=火/妖精（ER 官方 = 火/妖精）
  PASS  流派卡每槽带「选招依据」(why)  → 8,5,2,2
  选招依据样例：日光束 = 威力120 × 体系加成 日光束 ×1.15（晴） × 本系×1.6 × 打击面9属性×1.45 × 茂盛输出×1.2(&lt;1/3血) × 条件威力(已满足)　⚠草属性招可能被「食草」等免疫特性废掉（本系主攻输出招，豁免无目标保守降权 ×0.7） × 克制 主攻输出（威力 120·草）；代价 命中/PP 与被换人风险｜原则 P1/P2/P5（职责 强化：burst 主导，权重 1.03） | 污泥炸弹 = 威力90 × 本系×1.6 × 打击面7属性×1.35 × 原版（Smogon/PS）常见招 61.4%（原版（Smogon/PS）惯例 ≠ ER 使用率（ER 无对战统计=已知缺口）；smogonPrior 管配招/道具/队友先验，usagePrior 管物种常见度次排序，二者职责分开） × 克制 主攻输出（威力 90·毒）；代价 命中/PP 与被换人风险｜原则 P1/P2（职责 强化：burst 主导，权重 1.03） | 生长 = 强化招（特殊侧优先） × 克制 强化：兑现「强化」职责；代价 强化回合先被打，需耐久或掩护｜原则 P4（职责 强化：tech 主导，权重 1.19） | 终极吸取 = 定位权重 +20 × 克制 回复：兑现「强化」职责；代价 占招式位，不解决被秒｜原则 P2（职责 强化：longevity 主导，权重 0.66）
  妙蛙花(天气档)功能招：weather=大晴天(+40) / boost=自我激励(+60) / rec=终极吸取(+20) / protect=替身(+15) / break=寄生种子(+0) / wear=寄生种子(+0)
  PASS  pickFuncs 返回带权重的功能招  → 6 类

=== B9 天气分源（boost / abilityBoost） ===
  特性雨设置手 蚊香蛙皇（inns=["湿气","湿润之躯","降雨"]）用水招 水炮 → {"mul":1.5,"why":"特性天气(雨)增伤×1.5（v2.65 单档）"}
  手动雨档 可达鸭（会求雨）用水招 水炮 → {"mul":1.5,"why":"手动天气(雨)增伤×1.5（v2.65 单档）"}
  PASS  手动档水招 ×1.5（WCONF.boost）  → {"mul":1.5,"why":"手动天气(雨)增伤×1.5（v2.65 单档）"}
  特性雨设置手 蚊香蛙皇（inns=["湿气","湿润之躯","降雨"]）用水招 水炮 → {"mul":1.5,"why":"特性天气(雨)增伤×1.5（v2.65 单档）"}（v3.23：单档，与手动相同）
    单特性档 → {"mul":1.5,"why":"特性天气(雨)增伤×1.5（v2.65 单档）"}
  PASS  特性档水招 ×1.5（v3.23 取消分源：与手动同档 ×1.5，不再 ×1.2）  → 
  PASS  特性档 why 文案含「v2.65 单档」且无 ×1.2 残留  → 
  雨档打雷必中：盖欧卡 → {"mul":1.05,"why":"雨天必中×1.05"}
  PASS  雨→打雷必中 ×1.05  → {"mul":1.05,"why":"雨天必中×1.05"}
  PASS  雨天必中表 WX_NEVERMISS 正确（雨=87/542、雪=59）  → {"雨":[87,542],"雪":[59]}
  PASS  场地增伤表（电场→电 / 精神→超能力 / 青草→草 / 剧毒→毒）  → {"电场":"电","精神场地":"超能力","青草场地":"草","剧毒场地":"毒"}

=== B9 abiAdj（out ×1.2 + 免疫风险 ×0.5 警示） ===
  物攻向 out 特性持有者 波波 → {"mul":1.2,"why":"毅力输出×1.2(异常状态)","warn":null}
  PASS  out 特性对应侧 ×1.2  → {"mul":1.2,"why":"毅力输出×1.2(异常状态)","warn":null}
  PASS  免疫风险（无对手）：保守降权 ×0.7 + 提示（本轮补丁 2）  → {"mul":0.7,"why":null,"warn":"水属性招可能被「储水/干燥皮肤/引水」等免疫特性废掉（无明确对手 → 保守降权 ×0.7）"}
  PASS  免疫风险（无对手且该属性无常见免疫特性）：不降权 mul=1 无警示  → 一般 → {"mul":1,"why":null,"warn":null}
  PASS  自身 out ×1.2 与免疫风险共存：cap 口径取 0.7，但自身增益仍记录在 why（口径登记）  → 雷丘:大地束缚 物理/地面 → mul=0.7 why=大地束缚输出×1.2(<1/3血) warn=地面属性招可能被「飘浮/飞龙/隔空取物」等免疫特性废掉（无明确对手 → 保守降权 ×0.7）
  PASS  裁决1 本系豁免：无对手时本系 STAB 电招不降权 mul=1 + 保留免疫警示  → {"mul":1,"why":null,"warn":"电属性招可能被「蓄电/避雷针/电气引擎」等免疫特性废掉（本系主攻输出招，豁免无目标保守降权 ×0.7）"}
  PASS  裁决1 对照：isStab 缺省（未传第6参）时行为不变仍 ×0.7  → {"mul":0.7,"why":null,"warn":"电属性招可能被「蓄电/避雷针/电气引擎」等免疫特性废掉（无明确对手 → 保守降权 ×0.7）"}
  PASS  裁决1 对照：非本系补盲招维持 ×0.7（同精灵/同无对手）  → 霹雳电球 水 → {"mul":0.7,"why":null,"warn":"水属性招可能被「储水/干燥皮肤/引水」等免疫特性废掉（无明确对手 → 保守降权 ×0.7）"}
  PASS  免疫风险（有对手且目标带免疫特性）：本系也 ×0.5（真免疫不豁免）+ 目标警示  → {"mul":0.5,"why":null,"warn":"目标「蓄电」免疫/减半 电 属性招 → ×0.5"}
  PASS  裁决1 -ate 转换后本系同样豁免：同属性 isStab true=×1 / false=×0.7  → 蚊香蝌蚪 水合→水 本系={"mul":1,"why":null,"warn":"水属性招可能被「储水/干燥皮肤/引水」等免疫特性废掉（本系主攻输出招，豁免无目标保守降权 ×0.7）"} 非本系={"mul":0.7,"why":null,"warn":"水属性招可能被「储水/干燥皮肤/引水」等免疫特性废掉（无明确对手 → 保守降权 ×0.7）"}
  PASS  IMMUNE_RISK 非空且按属性索引  → 电,水,火,地面,恶,草,飞行,岩石,幽灵,虫
  PASS  雷电云特攻池保留本系招（免疫惩罚不误伤自身 STAB）  → 暴风(飞行·本系) | 闪电猛冲(电·本系) | 真气弹(格斗) | 水之波动(水)
  PASS  裁决1 效果：雷电云特攻主流派主攻槽含本系攻击招（电/飞行）  → 强化主力输出压制 → 暴风(特殊·攻) | 闪电猛冲(特殊·攻) | 诡计(变化) | 伏特替换(特殊·攻)
  PASS  裁决1 效果：本系主攻招的「选招依据」含免疫警示且明确标注豁免（未套用保守降权）  → 威力110 + 本系×1.6 + 命中80×0.8 + 打击面6属性×1.30 + ⚠飞行属性招可能被「空气动力」等免疫特性废掉（本系主攻输出招，豁免无目标保守降权 ×0.7） + 克制 主攻输出（威力 110·飞行）；代价 命中/PP 与被换人风险｜原则 P1/P2（职责 输出：burst 主导，权重 1.12） || 威力100 + 本系×1.6 + 打击面4属性×1.20 + 电晶体输出×1.2 + ⚠电属性招可能被「蓄电/避雷针/电气引擎」等免疫特性废掉（本系主攻输出招，豁免无目标保守降权 ×0.7） + 克制 补盲打击面（地面）；代价 专打盲点，遇非弱点属性收益低｜原则 P1/P2/P5（职责 输出：burst 主导，权重 1.07） || 定位权重 +0 + 克制 轮转：兑现「输出」职责；代价 输出切走，节奏依赖队友｜原则 P1（职责 输出：burst 主导，权重 0.89）

=== B9 分层5 盲点检查（setCoverProfile / blindList） ===
  PASS  setCoverProfile 覆盖 21 属性  → 21
  PASS  blindList 输出子集且不含 星晶/无/神秘  → 钢
  妙蛙花流派1 盲点=钢

=== B9 端到端多流派（土王 / 雷电云 / 鳃鱼龙 / 洛奇亚） ===
  超级土王 #2232 [毒/地面] inns=["毒沼制造者","储水","毒刺"] 流派=2
    [1] 空间受队消耗 / 物理 / 剧毒/自我再生/撒菱/替身
    [2] 空间破盾 / 双刀 / 垃圾射击/水炮/撒菱/剧毒
    defCellTrio(电) base=0 inn=0 opt=0
  雷电云-灵兽形态 #1677 [电/飞行] inns=["兆级电压","天气控制","蓄电"] 流派=2
    [1] 强化主力输出压制 / 特殊 / 暴风/闪电猛冲/诡计/伏特替换
    [2] 强化稳健联防消耗 / 特殊 / 羽栖/电磁波/替身/伏特替换
    defCellTrio(电) base=1 inn=0 opt=0
  噬沙堡爷 #770 [幽灵/地面] inns=["遇水凝固","恶意","自然回复"] 流派=2
    [1] 沙增伤清场 / 特殊 / 能量球/大地烈焰/终极吸取/沙暴
    [2] 沙增伤清场 / 特殊 / 能量球/大地烈焰/沙暴/撒菱
    defCellTrio(电) base=0 inn=0 opt=0
  洛奇亚 地面 base=1 inn=0 opt=0 inns=["威严之翼","多重鳞片","波塞冬之域"]
  雷电云 电 base=1 inn=0 opt=0

=== 存档导入回归（parseSavBytes 真实 .sav） ===
  [存档回归] 使用 D:\mGBA-0.10.2-win64\ROM\elite redux\ER2.65简汉化\ERv2.65-beta2-debug汉化版.sav
  summary={"total":431,"party":6,"pc":425,"special":15,"K":3}
  anchorsOk=["护城龙 BOX1第1格 ✓","远古巨蜓 BOX4第1格 ✓","花舞鸟 BOX20第1格 ✓","超级化石翼龙 BOX26第28格 ✓","土王Mega(队伍首条) 队伍首条 ✓"]
  anchorsFail=[]
  PASS  总记录 431  → 431
  PASS  队伍 6  → 6
  PASS  电脑区 425  → 425
  PASS  特殊区 15  → 15
  PASS  段轮换链 K 已识别（K∈[3,4]：K 是存档自身轮换状态指纹，随游玩推进变化——v4.6.1 时点 ROM 副本 K=3 / 原项目副本 K=4；解析器未改）  → 3
  PASS  5 锚点全过  → ok=5 fail=
    队伍1 undefined Lv100 道具=黑色污泥(Black Sludge) 4招=自我再生(id=105)/守住(id=182)/大地神力(id=616)/ PP=5/10/10/15
    队伍2 undefined Lv100 道具=吃剩的东西(Leftovers) 4招=扑击(id=704)/寄生种子(id=73)/陀螺球(id=360)/ PP=10/10/10/20
    队伍3 undefined Lv100 道具=湿润岩石(Damp Rock) 4招=快速折返(id=740)/暴风(id=542)/水炮(id=56)/ PP=20/10/5/10
    队伍4 undefined Lv100 道具=无 4招=闪电猛冲(id=887)/神秘之舞(id=951)/十万伏特(id=85)/ PP=5/20/15/10
    队伍5 undefined Lv100 道具=文柚果(Sitrus Berry) 4招=冥想(id=347)/水炮(id=56)/羽栖(id=355)/ PP=20/5/5/10
    队伍6 undefined Lv100 道具=讲究围巾(Choice Scarf) 4招=龙之牙(id=770)/咬碎(id=242)/砂之牙(id=794)/ PP=15/15/15/10
  importSaveBox alert=["已导入 6 只队伍成员"]
  PASS  CSV 导入 6 只队伍成员  → 已导入 6 只队伍成员
  PASS  导入后队伍 6 只且无无效物种  → 超级土王/坚果哑铃/Storming/雷电云-灵兽形态/洛奇亚/鳃鱼龙
  PASS  队伍体检已渲染（含定位/补位）  → len=23962
  PASS  体检结果不含 2502 占位（B7 过滤生效）  → -1
  队伍体检片段： 防守剖面：每只被谁克制（行=攻击属性，列=队伍） 【特性修正已纳入】格值=基础→天性修正（天性固定生效）；"可选"=可选池可改善（未勾选不生效）。 队伍成员里点选可选特性可模拟生效，防守剖面与全队分析即时重算 。 攻击属性 超级土王 水免 坚果哑铃 — Storming +电 雷电云-灵兽形态 电免 洛奇亚 地面免 鳃鱼龙 — 弱×N 抗×N 免×N 一般 - 抗 - - - - 0 1 0 格斗 抗 2x 抗 抗 抗 - 1 4 0 火 - 4x 抗 - 抗 抗 1 3 0 冰 2x - - 2x 抗 - 2 1 0 电 免 抗 4x→2x 免 2x - 2 1 2 虫 抗 - 抗 抗 2x - 1 3 0 飞行 - - -→抗 抗 - - 0 2 0 钢 - 抗 抗→抗 抗 抗 抗 0 5 0 草 - 抗 - 抗 2x - 1 2 0 地面 2x - 免 免 免 - 1 0 3 毒 

=== 既有功能回归（模板 / 核心配队 / 反查） ===
  PASS  数据层模板 ≥18 套（tplDataCount 与 ERDATA.templates 同步）  → 18 / tplDataCount=18
  PASS  v4.x 模板总数 ≥18（tplAll 合并数据层 + 引擎侧兜底）  → 18
  PASS  v4.x 新增 6 套模板（毒钉受队/强化接力/天气双核/场地控制/吸血站场/双天气轮换）  → 雨天速攻/晴天速攻/沙暴联防/雪天堡垒/电气场地速攻/精神场地特攻/青草场地回复/薄雾场地龙盾/强化清场轴/顺风游击/戏法空间/钉子受队/毒钉受队/强化接力/天气双核/场地控制/吸血站场/双天气轮换
  PASS  全部模板展开渲染成功（含引擎侧兜底）  → 18/18
  PASS  模板 tips/flow 改写后无旧文案（20%/+30%/8回合/无限天气）  → clean
  PASS  v3.23 模板 tips/flow 改写后无残留徽标（=0；徽标只保留在口径表）  → 0 处
  PASS  12 模板渲染产物无旧字面量（flow 已接入 wxTip）  → clean
  PASS  12 模板渲染产物含 WCONF 数值（×1.3 / +50% / ×1.5）  → 
  PASS  12 模板渲染产物无旧分源文案（+20%）与残留徽标  → 
  PASS  模板推荐全为最终形态或奇石优势形态（v4.3.1 语义）+ 有效物种  → 曜炎电伞蜥44/超级喷火龙Y42/炎帝41/火神蛾40/超级爆米花39/火焰鸟38
  PASS  renderCore 渲染成功（含流派卡）  → len=484461
  PASS  「机制口径」折叠块存在且唯一（#ruleBoxCore 渲染 wxRuleHtml）  → 
  PASS  流派卡含「选招依据」  → 
  PASS  流派卡含「盲点」检查  → 
  PASS  流派卡含「特性免疫警示」或双刀补盲  → 
  PASS  renderCore 含天气/场地数值卡（v3.23：单档 ×1.5 + 空间行徽标）  → 
  PASS  renderCore 含耐久口径文案（B2）  → 
  PASS  renderCore 含除钉说明（229/432）  → 
  PASS  核心选 2502 → 护栏提示（不渲染流派卡）  → 该编号为占位/无效物种（种族值六项为 0），已过滤、不参与配队推荐。
  PASS  -ate 宝可梦核心页出现「属性转换」标注  → 尼多王（醉人→毒）次数=5
  PASS  全图鉴「双刀补盲」触达 > 0 例  → 237 例（最终形态聚合）
  PASS  大比鸟核心页出现「双刀补盲」提示  → 🔀 双刀补盲：
  PASS  招式反查含官方机制文本(lDesc)  → 
  PASS  招式反查含代价标签  → 
  PASS  229 招式页标「除钉·高速旋转（清自身侧）」  → 
  PASS  432 招式页标「除钉·清除浓雾（清双方）」  → 
  PASS  裁定 3：432 招式页除钉范围行定稿（无徽标 + 用户确认 + 墙仅对手侧 + 降闪避 1 级）  → 
  PASS  564 招式页标「钉子」标签  → 
  PASS  特性反查渲染无异常  → ok

=== 属性克制 Tab UI 逐格 diff（21 攻 × 21 守 = 441 格 × 2 视角） ===
  PASS  进攻视角 UI 逐格 diff = 0 差异（441 格全覆盖）  → 441 格，差异 0（UI 分组与 matchup 完全一致）
  PASS  UI 标签文本 = 属性名（span 类名与显示文本一致）  → 21×21 标签全部一致
  PASS  防守视角 UI 逐格 diff = 0 差异（441 格全覆盖，renderDef 真函数）  → 441 格，差异 0（UI 分组与 matchup 完全一致）
  PASS  defMult 引擎 ↔ matchup 逐格一致（补防守侧 441 格）  → 441 格，差异 0

=== D1 简评/流派标题 HTML 转义（无字面 <span> 残留） ===
  PASS  D1 妙蛙花简评可读（含本系最高威力且无标签）  → 本系最高威力 疯狂植物(130) / 飞叶风暴(13
  PASS  D1 妙蛙花流派标题可读（本系最高 飞叶风暴(草 130)）  → 本系最高 飞叶风暴(130)　力度 100体系 晴（队友提
  PASS  D1 6 样本 coreComment/renderCore 无字面 HTML 残留  → 6/6 clean
  PASS  D1 全量最终形态（1252 只）coreComment + 流派 desc 无标签  → 1252 只 clean

=== D2 存档 / CSV 导入前清空队伍 ===
  PASS  D2 autoImportParty 返回清空数（3）  → {"cleared":3,"added":6}
  PASS  D2 .sav 导入后队伍恰为 6 只  → 6 只
  PASS  D2 .sav 导入队伍与存档队伍逐一一致（无静默丢弃）  → 2232,598,2667,1677,249,882 vs 2232,598,2667,1677,249,882
  PASS  D2 摘要行明示清空与导入数量  → 已清空原队伍 3 只 → 已导入队伍 6 只；全量 CSV 可复制/下载
  PASS  D2 CSV 导入前清空满 6 队伍（提示含清空 6 只）  → 已清空原队伍 6 只 → 已导入 6 只队伍成员
  PASS  D2 CSV 导入队伍与存档队伍逐一一致  → 2232,598,2667,1677,249,882 vs 2232,598,2667,1677,249,882
  PASS  D2 CSV 导入后队伍 6 只且全为有效物种  → 超级土王/坚果哑铃/Storming/雷电云-灵兽形态/洛奇亚/鳃鱼龙

=== D3 待校准徽标归属（= WCONF_PEND 8 项，已裁定/已实证/已移除参数不挂） ===
  机制口径表行数=25 带徽标行=5 徽标出现次数=7 pend 清单=6
  带徽标行键=WCONF.lightClayTurns, WCONF.trickroomTurns, WCONF.frostbite, WCONF.toxicTerrain, WCONF.wxGrantOrder
  逐行徽标次数=WCONF.lightClayTurns×1 | WCONF.trickroomTurns×1 | WCONF.frostbite×1 | WCONF.toxicTerrain×2 | WCONF.wxGrantOrder×1
  PASS  D3 口径表徽标行 = 6 项待实测所覆盖的 5 行（逐行归属；v4.2 新增 WCONF.wxGrantOrder）  → 5 行全一致
  PASS  D3 口径表表格内徽标出现次数 = 6（对应待实测 6 项；v3.22 为 8 / 考古轮 11 / 初版 14）  → 6 处
  PASS  D3 已裁定/已实证参数行不挂徽标（天气回合·增伤·场地倍率·延展器·顺风·-ate·麻痹·隐形岩·除钉 共 16 键）  → clean
  PASS  D3/v3.23 口径表 WCONF.boost 行无徽标 + 显示 +50%（×1.5）  → +50%（×1.5）
  PASS  v3.23 口径表 WCONF.terrainBoost 行无徽标（已按游戏源码核对定稿）+ 值 ×1.3 + 注 B_TERRAIN_TYPE_BOOST=GEN_8  → ×1.3（已按游戏源码核对：B_TERRAIN_TYPE_BOOST=GEN_8）
  PASS  v3.23 口径表天气回合行：手动 8（注 changelog 记 5）+ 岩石 12 + 无徽标  → 8 回合（已按游戏源码核对 8，changelog 记 5） | 12 回合（已按游戏源码核对：与特性同档 8→12；原记 5→8）
  PASS  v3.23 口径表天气增伤行：双档均 ×1.5 且无徽标（特性档注明只写 TEMPORARY 档）  → +50%（×1.5，已按游戏源码核对：TryChangeBattleWeather 只写 TEMPORARY 档，无「特性 20%」档）
  PASS  v3.23 口径表顺风/延展器行无徽标（常量 3 ⇒ 实际 4 时段 / 8+12）  → 4 回合（已按游戏源码核对：常量 3 + 当回合不递减 ⇒ 实际 4 个回合时段） | 12 回合（已按游戏源码核对：TERRAIN_DURATION 8/EXTENDED 12；原记 11）
  PASS  v3.23 口径表冻伤行挂 1 处徽标 + 注明雪天 ×3 游戏源码中未见  → 每回合 1/16 最大HP + 特攻×0.5（已按游戏源码核对）；冰雹触发×3 游戏源码中未见（旧版有/v2.65+ 仅 Cryomancy×5）[徽标]待游戏内实测确认[徽标]
  PASS  v3.23 口径表戏法空间行挂 1 处徽标 + 注明文案 5 / 推算 6 + 先制 -7 已按游戏数据核对  → 5 回合（官方文案 5；源码常量 5 + 当回合不递减 ⇒ 推算 6 个回合时段，差 1 待实测） / 先制 -7（已按游戏数据核对）[徽标]待游戏内实测确认[徽标]
  PASS  考古：口径表 paraSpeed/paraFullChance 行无徽标且标注已按游戏源码核对  → ×0.5（已按游戏源码核对：B_PARALYSIS_SPEED=GEN_7） | 25%（已按游戏源码核对：Random()%4；后续版本 Champions 块改 12.5%）
  PASS  考古：撒菱行 = 1/8→1/6→1/4（无 1/8→3/16→1/4；无 0.166666… 浮点串；旧值仅作「原 3/16 为讹误」注记）  → 3 层 1/8→1/6→1/4（仅接地；2 层 1/6 系考古修正，原 3/16 为 Psypoke 讹误）
  PASS  裁定 2：隐形岩行无徽标、无「疑似失效」风险文案、明示 bug 不计入  → 单层 按岩石克制 0.5/0.25/0.125/0.0625/0.03125（次序 bug 不计入：用户裁定「就算有 bug 也不应纳入考虑」，引擎不做任何次序判定/降权）
  PASS  裁定 3：除钉行定稿（无徽标 + 用户确认 + 双方钉子/墙仅对手侧/降闪避 1 级）  → 高速旋转清自身侧 / 清除浓雾清双方钉子（已按游戏源码核对，不限场地）· 清除浓雾墙仅对手侧 · 降闪避 1 级（用户确认，定稿）
  PASS  裁定 1：剧毒场地毒招 +30%（用户确认定稿，该处无徽标）+ 仅 2 处徽标（转毒菱/种子）  → 存在：8 回合 / 毒招 ×1.3（+30%，用户确认，定稿） / 非毒钢接地每回合 1/16（撒菱转毒菱：源码三处未找到实现[徽标]待游戏内实测确认[徽标]；毒种子：未收录——v2.65 数据无该道具，源码有分支[徽标]待游戏内实测确认[徽标]）
  PASS  裁定 2：WCONF 已无 hazardBugNote 键（整项移除，非降级）  → manualDurTurns,abilityDurTurns,rockTurnsAbility,rockTurnsManual,boost,abilityBoost,terrainBoost,terrainDurTurns,terrainExtenderTurns,tailwindTurns,autoTailwindTurns,lightClayTurns,trickroomTurns,trickroomPrio,paraSpeed,paraFullChance,hazardRules,defogRapidSpin,frostbite,toxicTerrain,wxGrantOrder
  PASS  裁定 2：口径表全文无「疑似失效 / hazardBugNote」风险文案  → 
  PASS  裁定 3：WCONF.defogRapidSpin 含 walls=foeOnly（墙仅对手侧）  → {"rapidSpin":"self","defog":"both","defogEvasion":-1,"walls":"foeOnly"}
  PASS  v3.23 -ate 行零徽标（宏族 ×1.0 与 .onStab 均已按游戏源码核对）+ 倍率 ×1 + 三特例 ×1.1 + 转换后本系 ×1.6  → 倍率 ×1（已按游戏源码核对：ATE_ABILITY 宏无 onOffensiveMultiplier；旧版 17 条硬编码 ×1.1 已移除） / 三特例 ×1.1：Normalize(96)/Crystallize(280)/Superconductor(659) / **来源属性 src**：皮肤系 6+1 条来源=一般（数据层 abiTags.conv），Crystallize 来源=岩石→冰、Superconductor 来源=钢→电（目标属性来自数据层；来源属性由 CONV_SRC 补登，命中优先） / 转换后按本系 ×1.6（.onStab 实证） / 触发率 1
  PASS  v3.23 口径表脚注含 v2.65+ 考古段（Pin SHA / 8·12 / 单档 ×1.5 / -ate ×1.0）  → 
  PASS  考古：场地/撒菱勘误 + 用户三项裁定写入口径表脚注  → 
  雨天 tips(wxTip 后)=ER 天气 8 回合（带天气岩石 12 回合）、手动天气招 8 回合，晴/雨增伤 ×1.5（已按游戏源码核对：不分手动/特性，无「特性 20%」档） —— 雨天核心价值是「暴风/打雷必中 + 悠游自如提速」，不是无脑水系威力
  PASS  D3 手动天气 +50% 后不再挂徽标（全模板）  → +50%（持续削非岩/地/钢系血）❙沙隐+沙暴闪避流适合受队；挖沙速 | +50%（比原版更强，冰系肉盾可行）❙冻伤替代冰冻：1/16 掉血 
  PASS  D3/v3.23 雨天模板显示单档 ×1.5 数值（无 +20%）  → ER 天气 8 回合（带天气岩石 12 回合）、手动天气招 8 回合，晴/雨增伤 ×1.5（已按游戏源码核对：不分手动/特性，无「特性 20%」档） —— 雨天核心价值是「暴风/打雷必中 + 悠游自如提速」，不是无脑水系威力
  PASS  D3/v3.23 wxTip 后全模板无残留徽标（v2.65 实证项已定稿；徽标仅存在于口径表）  → 0 处
  PASS  D3/v3.23 tplRuleTip 天气行 = 8 回合 + ×1.5，无 +20% 分源数值（「无『特性 20%』档」否定式注记除外）  → <details class="inline"><summary>💡 ER 特化提示（读 WCONF 口径表 · 已按游戏源码核对）—— 展开看天气/冻伤/PP/词条说明</summary><div style="margin-top:4px">天气 8 回合（岩石 12 回合
  PASS  D3/v3.23 核心配队数值卡：天气 8 回合无徽标 / 单档 ×1.5 / 场地行无徽标 / 空间行 1 徽标  → 
  PASS  裁定 1/3：数值卡毒招 +30%（用户确认）与除钉定稿行均无徽标  → 

=== D4 lDesc 代价标签关键词补全 ===
  僵直组：63 破坏光线=僵直×0.85 | 416 终极冲击=僵直×0.85 | 439 岩石炮=僵直×0.85 | 307 爆炸烈焰=僵直×0.85 | 308 加农水炮=僵直×0.85 | 338 疯狂植物=僵直×0.85 | 722 流星突击=僵直×0.85 | 963 幽灵夜曲=僵直×0.85 | 723 无极光束=僵直×0.85
  蓄力组：143 神鸟猛击=蓄力(2回合)×0.85 | 901 电光束=蓄力(2回合)×0.85 | 972 准备好了=蓄力(2回合)×0.85 | 988 剧毒俯冲=蓄力(2回合)×0.85
  PASS  D4 338 疯狂植物 → 僵直×0.85（原缺陷样本）  → 僵直×0.85 mul=0.85
  PASS  D4 间隔型/休息型 9 招全部获僵直标签  → 9/9
  PASS  D4 蓄力型 4 招获「蓄力(2回合)」标签（文案区分）  → 4/4
  PASS  D4 修辞性 charge 招不误标（撞击/闪焰冲锋/勇鸟猛攻/攀瀑/攀岩/神速/惊吓/迎头一击）  → 8/8 clean
  PASS  D4 全库僵直=9 / 蓄力=4（无溢出命中）  → 僵直=9 蓄力=4
  PASS  D4 僵直/蓄力互斥（无同招双标签）  → 

================ 汇总 ================
PASS=216  FAIL=0
