■核心 妙蛙花#3 速80（队伍行 6 条）
   妙蛙花#3[核心] ⭐弱点保险（备选 生命宝珠 / 讲究眼镜）
        why: 克制 一件道具兼顾 2 项职责；代价 需要先被打到弱点，被动｜原则 P1/P2
   向日花怪#192 ⭐炽热岩石（备选 光之黏土 / 厚底靴）
        why: 克制 延长自身开出的窗口（特性池 n 选 1：换特性也不失协同）；一件道具兼顾 2 项职责；晴天气窗口延长至 12 回合（8→12，考古实证）；按队伍体系取岩石（窗口由队友提供）；代价 只服务晴天窗口，不提升自身战力｜原则 P5/P2/P4
   烈空坐#384 ⭐弱点保险（备选 生命宝珠 / 讲究头带）
        why: 克制 一件道具兼顾 2 项职责；代价 需要先被打到弱点，被动｜原则 P1/P2
   蒂安希#719 ⭐厚底靴（备选 凸凸头盔 / 剩饭）
        why: 克制 一件道具兼顾 2 项职责；代价 占道具位但不增加输出｜原则 P2
   梦幻#151 ⭐弱点保险（备选 生命宝珠 / 讲究头带）
        why: 克制 一件道具兼顾 2 项职责；代价 需要先被打到弱点，被动｜原则 P1/P2
   洛奇亚#249 ⭐凸凸头盔（备选 厚底靴 / 防电果）
        why: 克制 物攻手碰瓷（1/6 反伤）；代价 需要被物攻手碰到｜原则 P3
■核心 护城龙#411 速30（队伍行 5 条）
   护城龙#411[核心] ⭐厚底靴（备选 凸凸头盔 / 防斗果）
        why: 克制 一件道具兼顾 2 项职责；代价 占道具位但不增加输出｜原则 P2
   钻角犀兽#112 ⭐进化奇石（备选 讲究围巾 / 生命宝珠）
        why: 克制 综合权衡通过：有效耐久（HP×双防）在奇石加成后超过同族终态——奇石加成后耐久（双防×1.5）352.5（对终态裸耐久比值 1.18，含道具有效耐久比 1.38）—— 综合权衡后未进化+奇石更优（S=0.337 ≥ 0.12，d_bulk=0.276）：奇石双防 X=352.5（有效耐久 12
   洛奇亚#249 ⭐凸凸头盔（备选 厚底靴 / 防电果）
        why: 克制 物攻手碰瓷（1/6 反伤）；代价 需要被物攻手碰到｜原则 P3
   大王铜象#879 ⭐生命宝珠（备选 讲究头带 / 节拍器）
        why: 克制 主武器：该职责的最大力度来源；代价 每回合自伤 1/10，不适合站场消耗｜原则 P1/P1
   超级拉帝亚斯#1539 ⭐凸凸头盔（备选 厚底靴 / 防冰果）
        why: 克制 物攻手碰瓷（1/6 反伤）；代价 需要被物攻手碰到｜原则 P3
■核心 凤王#250 速90（队伍行 5 条）
   凤王#250[核心] ⭐厚底靴（备选 弱点保险 / 生命宝珠）
        why: 克制 一件道具兼顾 2 项职责；与主职责不符（既无力度也非续航件）；钉子环境：入场不掉血；代价 占道具位但不增加输出｜原则 P2/P1/P4
   怪力#68 ⭐生命宝珠（备选 讲究头带 / 节拍器）
        why: 克制 主武器：该职责的最大力度来源；代价 每回合自伤 1/10，不适合站场消耗｜原则 P1/P1
   钻角犀兽#112 ⭐进化奇石（备选 讲究围巾 / 生命宝珠）
        why: 克制 综合权衡通过：有效耐久（HP×双防）在奇石加成后超过同族终态——奇石加成后耐久（双防×1.5）352.5（对终态裸耐久比值 1.18，含道具有效耐久比 1.38）—— 综合权衡后未进化+奇石更优（S=0.337 ≥ 0.12，d_bulk=0.276）：奇石双防 X=352.5（有效耐久 12
   阿尔宙斯-水#1659 ⭐凸凸头盔（备选 剩饭 / 防电果）
        why: 克制 物攻手碰瓷（1/6 反伤）；代价 需要被物攻手碰到｜原则 P3
   拳海参#771 ⭐讲究围巾（备选 生命宝珠 / 弱点保险）
        why: 克制 一件道具兼顾 2 项职责；代价 锁招，不能变招｜原则 P1/P2
■核心 煤炭龟#324 速20（队伍行 5 条）
   煤炭龟#324[核心] ⭐进化奇石（备选 炽热岩石 / 厚底靴）
        why: 克制 综合权衡通过：有效耐久（HP×双防）在奇石加成后超过同族终态——奇石加成后耐久（双防×1.5）385（对终态裸耐久比值 1.20，含道具有效耐久比 1.36）—— 综合权衡后未进化+奇石更优（S=0.266 ≥ 0.12，d_bulk=0.266）：奇石双防 X=385（有效耐久 1544）v
   钻角犀兽#112 ⭐进化奇石（备选 讲究围巾 / 生命宝珠）
        why: 克制 综合权衡通过：有效耐久（HP×双防）在奇石加成后超过同族终态——奇石加成后耐久（双防×1.5）352.5（对终态裸耐久比值 1.18，含道具有效耐久比 1.38）—— 综合权衡后未进化+奇石更优（S=0.337 ≥ 0.12，d_bulk=0.276）：奇石双防 X=352.5（有效耐久 12
   快龙#149 ⭐弱点保险（备选 生命宝珠 / 讲究头带）
        why: 克制 一件道具兼顾 2 项职责；代价 需要先被打到弱点，被动｜原则 P1/P2
   洛奇亚#249 ⭐凸凸头盔（备选 厚底靴 / 防电果）
        why: 克制 物攻手碰瓷（1/6 反伤）；代价 需要被物攻手碰到｜原则 P3
   拳海参#771 ⭐讲究围巾（备选 生命宝珠 / 弱点保险）
        why: 克制 一件道具兼顾 2 项职责；代价 锁招，不能变招｜原则 P1/P2
■核心 坚果哑铃#598 速20（队伍行 4 条）
   坚果哑铃#598[核心] ⭐凸凸头盔（备选 剩饭 / 厚底靴）
        why: 克制 物攻手碰瓷（1/6 反伤）；代价 需要被物攻手碰到｜原则 P3
   钻角犀兽#112 ⭐进化奇石（备选 讲究围巾 / 生命宝珠）
        why: 克制 综合权衡通过：有效耐久（HP×双防）在奇石加成后超过同族终态——奇石加成后耐久（双防×1.5）352.5（对终态裸耐久比值 1.18，含道具有效耐久比 1.38）—— 综合权衡后未进化+奇石更优（S=0.337 ≥ 0.12，d_bulk=0.276）：奇石双防 X=352.5（有效耐久 12
   壶壶#213 ⭐厚底靴（备选 凸凸头盔 / 剩饭）
        why: 克制 一件道具兼顾 2 项职责；钉子环境：入场不掉血；代价 占道具位但不增加输出｜原则 P2/P4
   多边兽2型#233 ⭐进化奇石（备选 讲究围巾 / 嘉珍果）
        why: 克制 综合权衡通过：有效耐久（HP×双防）在奇石加成后超过同族终态——奇石加成后耐久（双防×1.5）362.5（对终态裸耐久比值 1.58，含道具有效耐久比 3.26）—— 综合权衡后未进化+奇石更优（S=0.664 ≥ 0.12，d_bulk=0.693）：奇石双防 X=362.5（有效耐久 16
■核心 霸王花#45 速50（队伍行 6 条）
   霸王花#45[核心] ⭐生命宝珠（备选 讲究眼镜 / 节拍器）
        why: 克制 主武器：该职责的最大力度来源；代价 每回合自伤 1/10，不适合站场消耗｜原则 P1/P1
   怪力#68 ⭐生命宝珠（备选 讲究头带 / 节拍器）
        why: 克制 主武器：该职责的最大力度来源；代价 每回合自伤 1/10，不适合站场消耗｜原则 P1/P1
   阿尔宙斯-钢#1657 ⭐凸凸头盔（备选 厚底靴 / 防焰果）
        why: 克制 物攻手碰瓷（1/6 反伤）；代价 需要被物攻手碰到｜原则 P3
   多边兽2型#233 ⭐进化奇石（备选 讲究围巾 / 嘉珍果）
        why: 克制 综合权衡通过：有效耐久（HP×双防）在奇石加成后超过同族终态——奇石加成后耐久（双防×1.5）362.5（对终态裸耐久比值 1.58，含道具有效耐久比 3.26）—— 综合权衡后未进化+奇石更优（S=0.664 ≥ 0.12，d_bulk=0.693）：奇石双防 X=362.5（有效耐久 16
   洛奇亚#249 ⭐凸凸头盔（备选 厚底靴 / 防电果）
        why: 克制 物攻手碰瓷（1/6 反伤）；代价 需要被物攻手碰到｜原则 P3
   大钢蛇#208 ⭐凸凸头盔（备选 厚底靴 / 剩饭）
        why: 克制 物攻手碰瓷（1/6 反伤）；代价 需要被物攻手碰到｜原则 P3
■核心 大针蜂#15 速135（队伍行 5 条）
   大针蜂#15[核心] ⭐生命宝珠（备选 讲究头带 / 节拍器）
        why: 克制 主武器：该职责的最大力度来源；代价 每回合自伤 1/10，不适合站场消耗｜原则 P1/P1
   钻角犀兽#112 ⭐进化奇石（备选 讲究围巾 / 生命宝珠）
        why: 克制 综合权衡通过：有效耐久（HP×双防）在奇石加成后超过同族终态——奇石加成后耐久（双防×1.5）352.5（对终态裸耐久比值 1.18，含道具有效耐久比 1.38）—— 综合权衡后未进化+奇石更优（S=0.337 ≥ 0.12，d_bulk=0.276）：奇石双防 X=352.5（有效耐久 12
   胡地#65 ⭐生命宝珠（备选 讲究眼镜 / 节拍器）
        why: 克制 主武器：该职责的最大力度来源；代价 每回合自伤 1/10，不适合站场消耗｜原则 P1/P1
   洛奇亚#249 ⭐凸凸头盔（备选 厚底靴 / 防电果）
        why: 克制 物攻手碰瓷（1/6 反伤）；代价 需要被物攻手碰到｜原则 P3
   凤王#250 ⭐厚底靴（备选 凸凸头盔 / 防水果）
        why: 克制 一件道具兼顾 2 项职责；钉子环境：入场不掉血；代价 占道具位但不增加输出｜原则 P2/P4
■核心 雷电云#642 速111（队伍行 5 条）
   雷电云#642[核心] ⭐生命宝珠（备选 讲究眼镜 / 节拍器）
        why: 克制 主武器：该职责的最大力度来源；代价 每回合自伤 1/10，不适合站场消耗｜原则 P1/P1
   胡地#65 ⭐生命宝珠（备选 讲究眼镜 / 节拍器）
        why: 克制 主武器：该职责的最大力度来源；代价 每回合自伤 1/10，不适合站场消耗｜原则 P1/P1
   隆隆岩#76 ⭐讲究围巾（备选 生命宝珠 / 弱点保险）
        why: 克制 一件道具兼顾 2 项职责；代价 锁招，不能变招｜原则 P1/P2
   洛奇亚#249 ⭐凸凸头盔（备选 厚底靴 / 防电果）
        why: 克制 物攻手碰瓷（1/6 反伤）；代价 需要被物攻手碰到｜原则 P3
   大钢蛇#208 ⭐凸凸头盔（备选 厚底靴 / 剩饭）
        why: 克制 物攻手碰瓷（1/6 反伤）；代价 需要被物攻手碰到｜原则 P3
■核心 大嘴鸥#279 速65（队伍行 5 条）
   大嘴鸥#279[核心] ⭐潮湿岩石（备选 厚底靴 / 防电果）
        why: 克制 延长自身开出的窗口（特性池 n 选 1：换特性也不失协同）；一件道具兼顾 2 项职责；雨天气窗口延长至 12 回合（8→12，考古实证）；代价 只服务雨天窗口，不提升自身战力｜原则 P5/P2/P4
   胡地#65 ⭐生命宝珠（备选 讲究眼镜 / 节拍器）
        why: 克制 主武器：该职责的最大力度来源；代价 每回合自伤 1/10，不适合站场消耗｜原则 P1/P1
   隆隆岩#76 ⭐讲究围巾（备选 生命宝珠 / 弱点保险）
        why: 克制 一件道具兼顾 2 项职责；代价 锁招，不能变招｜原则 P1/P2
   多边兽2型#233 ⭐进化奇石（备选 讲究围巾 / 嘉珍果）
        why: 克制 综合权衡通过：有效耐久（HP×双防）在奇石加成后超过同族终态——奇石加成后耐久（双防×1.5）362.5（对终态裸耐久比值 1.58，含道具有效耐久比 3.26）—— 综合权衡后未进化+奇石更优（S=0.664 ≥ 0.12，d_bulk=0.693）：奇石双防 X=362.5（有效耐久 16
   阿尔宙斯-格斗#1650 ⭐凸凸头盔（备选 剩饭 / 防飞果）
        why: 克制 物攻手碰瓷（1/6 反伤）；代价 需要被物攻手碰到｜原则 P3
== why 溯源统计：队伍行 46 条，含「｜原则 P…」 46 条，缺 0 条 ==
