== 原则常量（可调性：顶层 var + 函数 = 可被页面/控制台覆写） ==
  DUTY = object（期望 object）
  AX_BY_CLS = object（期望 object）
  AX_OVR = object（期望 object）
  COST_OF = object（期望 object）
  ROLE_PAYLOAD = object（期望 object）
  EVIO_PRIORITY = number（期望 number）
  ROLE_PAYLOAD_BONUS = number（期望 number）
  THREAT_LIB = object（期望 object）
  itemDutyOf = function（期望 function）
  itemScored = function（期望 function）
  itemDecide = function（期望 function）
  oppTargets = function（期望 function）
  DUTY 轴：burst/longevity/punish/tech | ROLE_PAYLOAD 键=控速,速攻 | EVIO_PRIORITY=2 | PAYLOAD_BONUS=1.8
  ITEM_POOL=50 类=8
  原则常量在源码中的出现: P1×30 P2×10 P3×6 P4×12 P5×18
== 慢速围巾观察（速度线口径） ==
  隆隆岩#76 速45 outsped=true | 输出→ 讲究围巾(1.865) > 生命宝珠(1.743) > 弱点保险(1.67) | 控速→ 讲究围巾(3.125) > 嘉珍果(2.658) > 先制之爪(2.4)
  拳海参#771 速5 outsped=true | 输出→ 生命宝珠(1.685) > 讲究头带(1.58) > 节拍器(1.41) | 控速→ 讲究围巾(2.78) > 嘉珍果(2.47) > 先制之爪(2.2)
  钻角犀兽#112 速40 outsped=true | 输出→ 进化奇石(2.71) > 讲究围巾(1.865) > 生命宝珠(1.743) | 控速→ 进化奇石(3.44) > 讲究围巾(3.125) > 嘉珍果(2.658)
  洛奇亚#249 速110 outsped=false | 输出→ 生命宝珠(1.515) > 讲究头带(1.43) > 讲究眼镜(1.43) | 控速→ 嘉珍果(2.425) > 讲究围巾(2.333) > 先制之爪(2.275)
== 结构计数（3 核心） ==
  妙蛙花: 配招：×11 特性：×14 性格：×13 img×614 gotoItem×39 字55311
  护城龙: 配招：×9 特性：×9 性格：×11 img×599 gotoItem×33 字53304
  大嘴鸥: 配招：×9 特性：×10 性格：×11 img×612 gotoItem×33 字54528
