===== Part A 原则层清单 =====
  THREAT_LIB × 2
  oppTargets × 2
  DUTY × 3
  itemScored × 2
  itemDecide × 2
  THREAT_ROLE × 0
  PRINCIPLE × 0
  P1 × 30
  P2 × 10
  P3 × 6
  P4 × 12
  P5 × 18
  [行 3079] function itemScored → function itemScored(s,side,tag,ctx){
 ⌷   var p=profileOf(s),tg=oppTargets(s),d=itemDutyOf(tag,p,tg),res=[],ev=null;
 ⌷   try{ev=evioAdv(s)}catch(e){ev=null}
  [行 3147] function itemDecide → function itemDecide(s,side,roleTag,ctx){
 ⌷   var out=itemScored(s,side,roleTag||'输出',ctx);
 ⌷   out.sort(function(a,b){return (b.sc-a.sc)||(a.i-b.i)});
  [行 2903] var THREAT_LIB → var THREAT_LIB=[
 ⌷   {id:'HZ',   name:'钉子环境',      deriv:'可学入场钉子（FUNC_MV.hazard）者 / 有效物种占比', evid:'FUNC_MV.hazard ∩ learnOf'},
 ⌷   {id:'HZR',  name:'除钉手段',      deriv:'可学除钉（FUNC_MV.removal）者占比',               evid:'FUNC_MV.removal ∩ learn
  [行 2903] THREAT_LIB= → var THREAT_LIB=[
 ⌷   {id:'HZ',   name:'钉子环境',      deriv:'可学入场钉子（FUNC_MV.hazard）者 / 有效物种占比', evid:'FUNC_MV.hazard ∩ learnOf'},
 ⌷   {id:'HZR',  name:'除钉手段',      deriv:'可学除钉（FUNC_MV.removal）者占比',               evid:'FUNC_MV.removal ∩ learn
  [行 2947] function oppTargets → function oppTargets(s){
 ⌷   var key='op'+s.id;
 ⌷   if(_thrMemo[key])return _thrMemo[key];
  [行 2972] var DUTY → var DUTY={
 ⌷   '输出':{burst:1.0,longevity:0.30,punish:0.20,tech:0.40},
 ⌷   '均衡':{burst:0.8,longevity:0.50,punish:0.20,tech:0.50},
  [行 2972] DUTY= → var DUTY={
 ⌷   '输出':{burst:1.0,longevity:0.30,punish:0.20,tech:0.40},
 ⌷   '均衡':{burst:0.8,longevity:0.50,punish:0.20,tech:0.50},
  [行 1611] P1 行：  return {来源:src,位置:pos,偏移:'0x'+off.toString(16).toUpperCase(),图鉴编号:spec,宝可梦:sp?sp.zh:en,英文名:en,等级:lv,EXP:exp,属性1:t1,属性2:t2,种族HP:base[0],种族攻击:base[1],种族防御:base[2],种族特攻:base[3],种族特防:base[4],种族速度:base[5],EV_HP:ev_std[0],EV_攻击:ev_std[1],EV_防御:ev_std[2],EV_特攻:ev_std[3],EV_特防:ev_std[4],EV_速度:ev_std[5],能力_当前HP:cur,能力_最大HP:mx,能力_攻击:atk,能力_防御:dfn,能力_速度:spe,能力_特攻:spa,能力_特防:sdf+cap,特性1:abis[0]||'',特性2:abis[1]||'',特性3:abis[2]||
===== Part A2 类型与可调性 =====
  typeof THREAT_LIB = object
  typeof oppTargets = function
  typeof DUTY = object
  typeof itemScored = function
  typeof itemDecide = function
  THREAT_LIB 条目=9 例=[{"id":"HZ","name":"钉子环境","deriv":"可学入场钉子（FUNC_MV.hazard）者 / 有效物种占比","evid":"FUNC_MV.hazard ∩ learnOf"},{"id":"HZR","name":"除钉手段","deriv":"可学除钉（FUNC_MV.removal）者占比","evid":"FUNC_MV.removal ∩ learnOf"},{"id":"BOOST","name":"强化怪","deriv":"可学强化招（FUNC_MV.boost）且 BST≥500","evid":"FUNC_MV.boost ∩ learnOf + BST"},{"id":"PRIO"
  DUTY 键=12 → 输出,均衡,增伤,强化,轮转,游击,控速,肉盾,受队,盾 例={"burst":1,"longevity":0.3,"punish":0.2,"tech":0.4}
  oppTargets(护城龙#411) = {"weak":["水","格斗","地面"],"quad":["格斗","地面"],"hazWeak":false,"env":{"hazFrac":0.33280839895013126,"remFrac":0.25826771653543307,"boostFrac":0.8131233595800524,"prioFrac":1},"sys":[],"sys0":"","outsped":true,"reps":{"TYPE水":[{"id":"1843","zh":"帕路奇亚-起源形态","en":"Palkia Origin","t1":"龙","t2":"水","base":[90,120,120,170,140,140],"abis":["天崩地裂","悠游自如","降雨"],"inns":["
  itemScored(护城龙,肉盾) = [{"zh":"生命宝珠","id":301,"sc":0.183,"why":"克制 1.3 倍伤害（每回合自伤 1/10）；代价 每回合自伤 1/10，不适合站场消耗｜原则 P1","ax":{"burst":1,"longevity":-0.15,"punish":0,"tech":0.2},"prin":["P1"],"i":0},{"zh":"讲究头带","id":247,"sc":0.235,"why":"克制 物攻×1.5（锁招）；代价 锁招，不能变招｜原则 P1","ax":{"burst":0.9,"longevity":-0.1,"punish":0,"tech":0.2},"prin":["P1"],"i":1},{"zh":"节拍器","id":290,"sc":0.16,"why":"克制 连续使用同一招递增（约 ×1.4 上限）；代价 占道具位，机会成本｜原则 P1","ax":{"burst":0.8,"longevity":0,"punish":0,"tech":0},"prin":["P1"],"i":3},{"zh":"达人带","id":293,"sc":0.15,"why":"克制 效果绝佳时增伤 ×1.2；代价 占道具位，机会成本｜原则 P1","ax":{"burst":0.75,"longevity":0,"punish":0,"tech":0},"prin":["P1"],"i":4},{"zh":"力量头带","id":291,"sc":0.12,"why":"克制 物攻招小幅增伤；代价 占道具位，机会成本｜原则 P1","ax
===== Part B 卡面抽检 =====
■妙蛙花#3 字55311 undefined=0 负向文案=无
   道具行×13 → ?:弱点保险 | #1532:弱点保险 | #192:炽热岩石/光之黏土 | #384:弱点保险/生命宝珠 | #719:厚底靴/凸凸头盔 | #151:弱点保险/生命宝珠 | #249:凸凸头盔/厚底靴 | #3:弱点保险/生命宝珠 | #192:炽热岩石/光之黏土 | #384:弱点保险/生命宝珠 | #719:厚底靴/凸凸头盔 | #151:弱点保险/生命宝珠 | #249:凸凸头盔/厚底靴
■护城龙#411 字53304 undefined=0 负向文案=无
   道具行×11 → ?:讲究围巾 | #249:讲究围巾 | #112:进化奇石/讲究围巾 | #249:凸凸头盔/厚底靴 | #879:生命宝珠/讲究头带 | #1539:凸凸头盔/厚底靴 | #411:厚底靴/凸凸头盔 | #112:进化奇石/讲究围巾 | #249:凸凸头盔/厚底靴 | #879:生命宝珠/讲究头带 | #1539:凸凸头盔/厚底靴
■凤王#250 字53216 undefined=0 负向文案=无
   道具行×11 → ?:厚底靴 | #1885:弱点保险 | #68:生命宝珠/讲究头带 | #112:进化奇石/讲究围巾 | #1659:凸凸头盔/剩饭 | #771:讲究围巾/生命宝珠 | #250:厚底靴/弱点保险 | #68:生命宝珠/讲究头带 | #112:进化奇石/讲究围巾 | #1659:凸凸头盔/剩饭 | #771:讲究围巾/生命宝珠
■煤炭龟#324 字53747 undefined=0 负向文案=无
   道具行×11 → ?:进化奇石 | #1503:进化奇石 | #112:进化奇石/讲究围巾 | #149:弱点保险/生命宝珠 | #249:凸凸头盔/厚底靴 | #771:讲究围巾/生命宝珠 | #324:进化奇石/炽热岩石 | #112:进化奇石/讲究围巾 | #149:弱点保险/生命宝珠 | #249:凸凸头盔/厚底靴 | #771:讲究围巾/生命宝珠
■坚果哑铃#598 字49999 undefined=0 负向文案=无
   道具行×9 → ?:讲究围巾 | #748:厚底靴 | #112:进化奇石/讲究围巾 | #213:厚底靴/凸凸头盔 | #233:进化奇石/讲究围巾 | #598:凸凸头盔/剩饭 | #112:进化奇石/讲究围巾 | #213:厚底靴/凸凸头盔 | #233:进化奇石/讲究围巾
■霸王花#45 字51757 undefined=0 负向文案=无
   道具行×13 → ?:厚底靴 | #1657:厚底靴 | #68:生命宝珠/讲究头带 | #1657:凸凸头盔/厚底靴 | #233:进化奇石/讲究围巾 | #249:凸凸头盔/厚底靴 | #208:凸凸头盔/厚底靴 | #45:生命宝珠/讲究眼镜 | #68:生命宝珠/讲究头带 | #1657:凸凸头盔/厚底靴 | #233:进化奇石/讲究围巾 | #249:凸凸头盔/厚底靴 | #208:凸凸头盔/厚底靴
■大针蜂#15 字52923 undefined=0 负向文案=无
   道具行×11 → #15:生命宝珠 | #1842:厚底靴 | #112:进化奇石/讲究围巾 | #65:生命宝珠/讲究眼镜 | #249:凸凸头盔/厚底靴 | #250:厚底靴/凸凸头盔 | #15:生命宝珠/讲究头带 | #112:进化奇石/讲究围巾 | #65:生命宝珠/讲究眼镜 | #249:凸凸头盔/厚底靴 | #250:厚底靴/凸凸头盔
■雷电云#642 字52692 undefined=0 负向文案=无
   道具行×11 → ?:生命宝珠 | #985:厚底靴 | #65:生命宝珠/讲究眼镜 | #76:讲究围巾/生命宝珠 | #249:凸凸头盔/厚底靴 | #208:凸凸头盔/厚底靴 | #642:生命宝珠/讲究眼镜 | #65:生命宝珠/讲究眼镜 | #76:讲究围巾/生命宝珠 | #249:凸凸头盔/厚底靴 | #208:凸凸头盔/厚底靴
■大嘴鸥#279 字54528 undefined=0 负向文案=无
   道具行×11 → ?:潮湿岩石 | #1843:潮湿岩石 | #65:生命宝珠/讲究眼镜 | #76:讲究围巾/生命宝珠 | #233:进化奇石/讲究围巾 | #1650:凸凸头盔/剩饭 | #279:潮湿岩石/厚底靴 | #65:生命宝珠/讲究眼镜 | #76:讲究围巾/生命宝珠 | #233:进化奇石/讲究围巾 | #1650:凸凸头盔/剩饭
===== Part C 速度线/代价/窗口（定向） =====
  雷电云-灵兽形态#1677 速? tag=输出 → 生命宝珠(克制 主武器：该职责的最大力度来源；代价 每回合自伤 1/10，不适合站场消耗｜原则 P1/P1) ‖ 讲究眼镜(克制 主武器：该职责的最大力度来源；代价 锁招，不能变招｜原则 P1/P1) ‖ 节拍器(克制 主武器：该职责的最大力度来源；代价 占道具位，机会成本｜原则 P1/P1)
  雷电云-灵兽形态#1677 速? tag=控速 → 嘉珍果(克制 直接兑现「控速」职责：夺先手权（围巾=速度×1.5 常驻 / 嘉珍果=速度×2 一次 / 先制之爪=先制概率）；代价 残血才触发｜原则 P5) ‖ 讲究围巾(克制 直接兑现「控速」职责：夺先手权（围巾=速度×1.5 常驻 / 嘉珍果=速度×2 一次 / 先制之爪=先制概率）；代价 锁招，不能变招｜原则 P5) ‖ 先制之爪(克制 直接兑现「控速」职责：夺先手权（围巾=速度×1.5 常驻 / 嘉珍果=速度×2 一次 / 先制之爪=先制概率）；代价 占道具位，机会成本｜原则 P5)
  大针蜂#15 速? tag=输出 → 生命宝珠(克制 主武器：该职责的最大力度来源；代价 每回合自伤 1/10，不适合站场消耗｜原则 P1/P1) ‖ 讲究头带(克制 主武器：该职责的最大力度来源；代价 锁招，不能变招｜原则 P1/P1) ‖ 节拍器(克制 主武器：该职责的最大力度来源；代价 占道具位，机会成本｜原则 P1/P1)
  煤炭龟#324 速? tag=天气 → 进化奇石(克制 综合权衡通过：有效耐久（HP×双防）在奇石加成后超过同族终态——奇石加成后耐久（双防×1.5）385（对终态裸耐久比值 1.20，含道具有效耐久比 1.36）—— 综合权衡后) ‖ 炽热岩石(克制 延长自身开出的窗口（特性池 n 选 1：换特性也不失协同）；一件道具兼顾 2 项职责；晴天气窗口延长至 12 回合（8→12，考古实证）；代价 只服务晴天窗口，不提升自身战力) ‖ 厚底靴(克制 一件道具兼顾 2 项职责；钉子环境：入场不掉血；代价 占道具位但不增加输出｜原则 P2/P4)
  向日花怪#192 速? tag=天气 → 光之黏土(克制 延长自身开出的窗口（特性池 n 选 1：换特性也不失协同）；一件道具兼顾 2 项职责；场地/墙回合延长（考古口径 12）；代价 只延长墙，不延长天气｜原则 P5/P2/P4) ‖ 厚底靴(克制 一件道具兼顾 2 项职责；钉子环境：入场不掉血；代价 占道具位但不增加输出｜原则 P2/P4) ‖ 地形延长器(克制 延长自身开出的窗口（特性池 n 选 1：换特性也不失协同）；一件道具兼顾 2 项职责；场地延长至 12 回合（考古实证）；代价 只延长场地｜原则 P5/P2/P4)
  妙蛙花#3 速? tag=输出 → 生命宝珠(克制 主武器：该职责的最大力度来源；代价 每回合自伤 1/10，不适合站场消耗｜原则 P1/P1) ‖ 讲究眼镜(克制 主武器：该职责的最大力度来源；代价 锁招，不能变招｜原则 P1/P1) ‖ 节拍器(克制 主武器：该职责的最大力度来源；代价 占道具位，机会成本｜原则 P1/P1)
  护城龙#411 速? tag=肉盾 → 厚底靴(克制 一件道具兼顾 2 项职责；代价 占道具位但不增加输出｜原则 P2) ‖ 凸凸头盔(克制 物攻手碰瓷（1/6 反伤）；代价 需要被物攻手碰到｜原则 P3) ‖ 防斗果(克制 对准实际承受最大弱点；代价 占道具位，机会成本｜原则 P5)
