===== tag 来源 =====
[L4375] function roleTagOfCore(plan,s){
 ⌷   var r=(plan&&plan.prof&&plan.prof.role)||'';
 ⌷   if(/受队|肉盾|盾/.test(r))return '肉盾';
 ⌷   if(/强化/.test(r))return '强化';
 ⌷   if(/空间|顺风|控速/.test(r))return '肉盾';
 ⌷   return '输出';
[L4382] function itemTagOfCore(plan,s){
 ⌷   if(plan&&plan.sysKey&&isSetterAny(s))return '天气';   /* 核心自身即设置手：走天气窗口装 */
 ⌷   var t=roleTagOfCore(plan,s);
 ⌷   return (t==='输出')?'输出':t;
 ⌷ }
 ⌷ function renderNeedPlan(s){
[L4357] function roleTagOfNeed(need){
 ⌷   var k=need?need.kind:'';
 ⌷   if(['haz','clear','rec','wear','pivot','anti'].indexOf(k)>-1)return '肉盾';
 ⌷   if(k==='sub'||k==='pass')return '强化';
 ⌷   if(k==='wallp'||k==='walls'||k==='drain')return '肉盾';
 ⌷   return '输出';
[L4365] function itemTagOfNeed(need){
 ⌷   var k=need?need.kind:'';
 ⌷   if(k==='wxsrc')return '天气';
 ⌷   if(k==='trset')return '肉盾';
 ⌷   if(k==='speed')return '控速';
 ⌷   if(k==='sub'||k==='pass')return '强化';
[L4467]     h+=needBuildHtml(m.s,m.core?roleTagOfCore(plan,m.s):roleTagOfNeed(m.need),m.core?itemTagOfCore(plan,m.s):itemTagOfNeed(m.need),{sys:plan.sysKey,need:m.need&&m.need.kind});
 ⌷     h+='</div>';
 ⌷   });
===== 定向决策核验 =====
  护城龙#411 肉盾 → 厚底靴(1.875) > 凸凸头盔(1.866) > 防斗果(1.77)
  护城龙#411 输出 → 讲究围巾(1.865) > 生命宝珠(1.743) > 弱点保险(1.67)
  oppTargets(护城龙).outsped=true weak=水/格斗/地面 quad=格斗/地面 hazWeak=false 速=30
  煤炭龟#324 天气{sys:晴} → 进化奇石(3.425) > 炽热岩石(3.195) > 厚底靴(2.72)
  煤炭龟#324 天气{sys:""} → 进化奇石(3.425) > 炽热岩石(3.195) > 厚底靴(2.72)
  向日花怪#192 天气{sys:晴} → 炽热岩石(3.195) > 光之黏土(3.095) > 厚底靴(2.72)
  向日花怪#192 天气{sys:青草场地} → 光之黏土(3.095) > 厚底靴(2.72) > 地形延长器(2.648)
  雷电云#642(速111) 输出 → 生命宝珠(1.515) > 讲究眼镜(1.44) > 节拍器(1.25)  outsped=false
  雷电云-灵兽#1677(速101) 输出 → 生命宝珠(1.515) > 讲究眼镜(1.44) > 节拍器(1.25)
  大针蜂#15(速135) 输出 → 生命宝珠(1.545) > 讲究头带(1.47) > 节拍器(1.25)
  凤王#250 强化 → 厚底靴(1.87) > 弱点保险(1.74) > 生命宝珠(1.575)
  -- 可调性实证：修改 DUTY 常量后重排（P1 权重表可调）--
   改前 肉盾 → 厚底靴(1.875) > 凸凸头盔(1.866) > 防斗果(1.77)
   改后(tech=0,punish=0) 肉盾 → 剩饭(1.57) > 防斗果(1.35) > 突击背心(1.1)
===== 卡面逐成员（道具 + why title 对齐） =====
■妙蛙花#3 速80 字55311 undefined=0 负向=无
   流派: 推荐流派 1：晴强化清场 特殊向 · 推荐特性 叶绿素 · 4 槽：日光束 / 污泥炸弹 / 生长 / 替身 晴强化清场：本系最高 飞叶风暴(草 130)；特攻输出向 打法依据 （
   #3     ⭐弱点保险  ← 克制 延长自身开出的窗口（特性池 n 选 1：换特性也不失协同）；一件道具兼顾 2 项职责；晴天气窗口延长至 12 回合（8→12，考古实证）；按队伍体系取岩石（窗口由队友提供）；代价 只服务晴天窗口，不提升自身战力｜原则 P5/P
   #1532  ⭐弱点保险  ← 克制 一件道具兼顾 2 项职责；代价 需要先被打到弱点，被动｜原则 P1/P2
   #192   ⭐炽热岩石 /备选 光之黏土  ← 克制 一件道具兼顾 2 项职责；代价 占道具位但不增加输出｜原则 P2
   #384   ⭐弱点保险 /备选 生命宝珠  ← 克制 一件道具兼顾 2 项职责；代价 需要先被打到弱点，被动｜原则 P1/P2
   #719   ⭐厚底靴 /备选 凸凸头盔  ← 克制 物攻手碰瓷（1/6 反伤）；代价 需要被物攻手碰到｜原则 P3
   #151   ⭐弱点保险 /备选 生命宝珠  ← 克制 一件道具兼顾 2 项职责；代价 需要先被打到弱点，被动｜原则 P1/P2
   #249   ⭐凸凸头盔 /备选 厚底靴  ← 克制 延长自身开出的窗口（特性池 n 选 1：换特性也不失协同）；一件道具兼顾 2 项职责；晴天气窗口延长至 12 回合（8→12，考古实证）；按队伍体系取岩石（窗口由队友提供）；代价 只服务晴天窗口，不提升自身战力｜原则 P5/P
   #3     ⭐弱点保险 /备选 生命宝珠  ← 克制 一件道具兼顾 2 项职责；代价 需要先被打到弱点，被动｜原则 P1/P2
   #192   ⭐炽热岩石 /备选 光之黏土  ← 克制 一件道具兼顾 2 项职责；代价 占道具位但不增加输出｜原则 P2
   #384   ⭐弱点保险 /备选 生命宝珠  ← 克制 一件道具兼顾 2 项职责；代价 需要先被打到弱点，被动｜原则 P1/P2
   #719   ⭐厚底靴 /备选 凸凸头盔  ← 克制 物攻手碰瓷（1/6 反伤）；代价 需要被物攻手碰到｜原则 P3
   #151   ⭐弱点保险 /备选 生命宝珠  ← 
   #249   ⭐凸凸头盔 /备选 厚底靴  ← 
■护城龙#411 速30 字53304 undefined=0 负向=无
   流派: 推荐流派 1：钉子强化清场 物理向 · 推荐特性 战斗盔甲 · 4 槽：铁头 / 双刃头锤 / 铁壁 / 替身 钉子强化清场：本系最高 双刃头锤(岩石 150)；自带强化轴；物理输
   #411   ⭐讲究围巾  ← 克制 综合权衡通过：有效耐久（HP×双防）在奇石加成后超过同族终态——奇石加成后耐久（双防×1.5）352.5（对终态裸耐久比值 1.18，含道具有效耐久比 1.38）—— 综合权衡后未进化+奇石更优（S=0.337 ≥ 0.12，
   #249   ⭐讲究围巾  ← 克制 物攻手碰瓷（1/6 反伤）；代价 需要被物攻手碰到｜原则 P3
   #112   ⭐进化奇石 /备选 讲究围巾  ← 克制 主武器：该职责的最大力度来源；代价 每回合自伤 1/10，不适合站场消耗｜原则 P1/P1
   #249   ⭐凸凸头盔 /备选 厚底靴  ← 克制 物攻手碰瓷（1/6 反伤）；代价 需要被物攻手碰到｜原则 P3
   #879   ⭐生命宝珠 /备选 讲究头带  ← 克制 一件道具兼顾 2 项职责；代价 占道具位但不增加输出｜原则 P2
   #1539  ⭐凸凸头盔 /备选 厚底靴  ← 克制 综合权衡通过：有效耐久（HP×双防）在奇石加成后超过同族终态——奇石加成后耐久（双防×1.5）352.5（对终态裸耐久比值 1.18，含道具有效耐久比 1.38）—— 综合权衡后未进化+奇石更优（S=0.337 ≥ 0.12，
   #411   ⭐厚底靴 /备选 凸凸头盔  ← 克制 物攻手碰瓷（1/6 反伤）；代价 需要被物攻手碰到｜原则 P3
   #112   ⭐进化奇石 /备选 讲究围巾  ← 克制 主武器：该职责的最大力度来源；代价 每回合自伤 1/10，不适合站场消耗｜原则 P1/P1
   #249   ⭐凸凸头盔 /备选 厚底靴  ← 克制 物攻手碰瓷（1/6 反伤）；代价 需要被物攻手碰到｜原则 P3
   #879   ⭐生命宝珠 /备选 讲究头带  ← 
   #1539  ⭐凸凸头盔 /备选 厚底靴  ← 
■凤王#250 速90 字53216 undefined=0 负向=无
   流派: 推荐流派 1：顺风强化清场 物理向 · 推荐特性 再生力 · 4 槽：Ｖ热焰 / 星星碰撞 / 替身 / 自我再生 顺风强化清场：本系最高 Ｖ热焰(火 180)；物理输出向 打法依
   #250   ⭐厚底靴  ← 克制 主武器：该职责的最大力度来源；代价 每回合自伤 1/10，不适合站场消耗｜原则 P1/P1
   #1885  ⭐弱点保险  ← 克制 综合权衡通过：有效耐久（HP×双防）在奇石加成后超过同族终态——奇石加成后耐久（双防×1.5）352.5（对终态裸耐久比值 1.18，含道具有效耐久比 1.38）—— 综合权衡后未进化+奇石更优（S=0.337 ≥ 0.12，
   #68    ⭐生命宝珠 /备选 讲究头带  ← 克制 物攻手碰瓷（1/6 反伤）；代价 需要被物攻手碰到｜原则 P3
   #112   ⭐进化奇石 /备选 讲究围巾  ← 克制 一件道具兼顾 2 项职责；代价 锁招，不能变招｜原则 P1/P2
   #1659  ⭐凸凸头盔 /备选 剩饭  ← 克制 一件道具兼顾 2 项职责；与主职责不符（既无力度也非续航件）；钉子环境：入场不掉血；代价 占道具位但不增加输出｜原则 P2/P1/P4
   #771   ⭐讲究围巾 /备选 生命宝珠  ← 克制 主武器：该职责的最大力度来源；代价 每回合自伤 1/10，不适合站场消耗｜原则 P1/P1
   #250   ⭐厚底靴 /备选 弱点保险  ← 克制 综合权衡通过：有效耐久（HP×双防）在奇石加成后超过同族终态——奇石加成后耐久（双防×1.5）352.5（对终态裸耐久比值 1.18，含道具有效耐久比 1.38）—— 综合权衡后未进化+奇石更优（S=0.337 ≥ 0.12，
   #68    ⭐生命宝珠 /备选 讲究头带  ← 克制 物攻手碰瓷（1/6 反伤）；代价 需要被物攻手碰到｜原则 P3
   #112   ⭐进化奇石 /备选 讲究围巾  ← 克制 一件道具兼顾 2 项职责；代价 锁招，不能变招｜原则 P1/P2
   #1659  ⭐凸凸头盔 /备选 剩饭  ← 
   #771   ⭐讲究围巾 /备选 生命宝珠  ← 
■煤炭龟#324 速20 字53747 undefined=0 负向=无
   流派: 推荐流派 1：晴强化清场 双刀向 · 推荐特性 登山者 · 4 槽：喷火 / 铁滚轮 / 破壳 / 替身 晴强化清场：本系最高 闪焰冲锋(火 120)；自带强化轴；功能/耐久向 打
   #324   ⭐进化奇石  ← 克制 综合权衡通过：有效耐久（HP×双防）在奇石加成后超过同族终态——奇石加成后耐久（双防×1.5）352.5（对终态裸耐久比值 1.18，含道具有效耐久比 1.38）—— 综合权衡后未进化+奇石更优（S=0.337 ≥ 0.12，
   #1503  ⭐进化奇石  ← 克制 一件道具兼顾 2 项职责；代价 需要先被打到弱点，被动｜原则 P1/P2
   #112   ⭐进化奇石 /备选 讲究围巾  ← 克制 物攻手碰瓷（1/6 反伤）；代价 需要被物攻手碰到｜原则 P3
   #149   ⭐弱点保险 /备选 生命宝珠  ← 克制 一件道具兼顾 2 项职责；代价 锁招，不能变招｜原则 P1/P2
   #249   ⭐凸凸头盔 /备选 厚底靴  ← 克制 综合权衡通过：有效耐久（HP×双防）在奇石加成后超过同族终态——奇石加成后耐久（双防×1.5）385（对终态裸耐久比值 1.20，含道具有效耐久比 1.36）—— 综合权衡后未进化+奇石更优（S=0.266 ≥ 0.12，d_
   #771   ⭐讲究围巾 /备选 生命宝珠  ← 克制 综合权衡通过：有效耐久（HP×双防）在奇石加成后超过同族终态——奇石加成后耐久（双防×1.5）352.5（对终态裸耐久比值 1.18，含道具有效耐久比 1.38）—— 综合权衡后未进化+奇石更优（S=0.337 ≥ 0.12，
   #324   ⭐进化奇石 /备选 炽热岩石  ← 克制 一件道具兼顾 2 项职责；代价 需要先被打到弱点，被动｜原则 P1/P2
   #112   ⭐进化奇石 /备选 讲究围巾  ← 克制 物攻手碰瓷（1/6 反伤）；代价 需要被物攻手碰到｜原则 P3
   #149   ⭐弱点保险 /备选 生命宝珠  ← 克制 一件道具兼顾 2 项职责；代价 锁招，不能变招｜原则 P1/P2
   #249   ⭐凸凸头盔 /备选 厚底靴  ← 
   #771   ⭐讲究围巾 /备选 生命宝珠  ← 
■坚果哑铃#598 速20 字49999 undefined=0 负向=无
   流派: 推荐流派 1：钉子强化清场 物理向 · 推荐特性 坚不可摧 · 4 槽：捕兽夹 / 强力鞭打 / 剑舞 / 替身 钉子强化清场：本系最高 强力鞭打(草 120)；自带强化轴；物理输
   #598   ⭐讲究围巾  ← 克制 综合权衡通过：有效耐久（HP×双防）在奇石加成后超过同族终态——奇石加成后耐久（双防×1.5）352.5（对终态裸耐久比值 1.18，含道具有效耐久比 1.38）—— 综合权衡后未进化+奇石更优（S=0.337 ≥ 0.12，
   #748   ⭐厚底靴  ← 克制 一件道具兼顾 2 项职责；钉子环境：入场不掉血；代价 占道具位但不增加输出｜原则 P2/P4
   #112   ⭐进化奇石 /备选 讲究围巾  ← 克制 综合权衡通过：有效耐久（HP×双防）在奇石加成后超过同族终态——奇石加成后耐久（双防×1.5）362.5（对终态裸耐久比值 1.58，含道具有效耐久比 3.26）—— 综合权衡后未进化+奇石更优（S=0.664 ≥ 0.12，
   #213   ⭐厚底靴 /备选 凸凸头盔  ← 克制 物攻手碰瓷（1/6 反伤）；代价 需要被物攻手碰到｜原则 P3
   #233   ⭐进化奇石 /备选 讲究围巾  ← 克制 综合权衡通过：有效耐久（HP×双防）在奇石加成后超过同族终态——奇石加成后耐久（双防×1.5）352.5（对终态裸耐久比值 1.18，含道具有效耐久比 1.38）—— 综合权衡后未进化+奇石更优（S=0.337 ≥ 0.12，
   #598   ⭐凸凸头盔 /备选 剩饭  ← 克制 一件道具兼顾 2 项职责；钉子环境：入场不掉血；代价 占道具位但不增加输出｜原则 P2/P4
   #112   ⭐进化奇石 /备选 讲究围巾  ← 克制 综合权衡通过：有效耐久（HP×双防）在奇石加成后超过同族终态——奇石加成后耐久（双防×1.5）362.5（对终态裸耐久比值 1.58，含道具有效耐久比 3.26）—— 综合权衡后未进化+奇石更优（S=0.664 ≥ 0.12，
   #213   ⭐厚底靴 /备选 凸凸头盔  ← 
   #233   ⭐进化奇石 /备选 讲究围巾  ← 
■霸王花#45 速50 字51757 undefined=0 负向=无
   流派: 推荐流派 1：空间破盾 双刀向 · 推荐特性 毒吸收 · 4 槽：花瓣舞 / 剧毒暴冲 / 替身 / 终极吸取 空间破盾：本系最高 垃圾射击(毒 120)；功能/耐久向 打法依据 
   #45    ⭐厚底靴  ← 克制 主武器：该职责的最大力度来源；代价 每回合自伤 1/10，不适合站场消耗｜原则 P1/P1
   #1657  ⭐厚底靴  ← 克制 物攻手碰瓷（1/6 反伤）；代价 需要被物攻手碰到｜原则 P3
   #68    ⭐生命宝珠 /备选 讲究头带  ← 克制 综合权衡通过：有效耐久（HP×双防）在奇石加成后超过同族终态——奇石加成后耐久（双防×1.5）362.5（对终态裸耐久比值 1.58，含道具有效耐久比 3.26）—— 综合权衡后未进化+奇石更优（S=0.664 ≥ 0.12，
   #1657  ⭐凸凸头盔 /备选 厚底靴  ← 克制 物攻手碰瓷（1/6 反伤）；代价 需要被物攻手碰到｜原则 P3
   #233   ⭐进化奇石 /备选 讲究围巾  ← 克制 物攻手碰瓷（1/6 反伤）；代价 需要被物攻手碰到｜原则 P3
   #249   ⭐凸凸头盔 /备选 厚底靴  ← 克制 主武器：该职责的最大力度来源；代价 每回合自伤 1/10，不适合站场消耗｜原则 P1/P1
   #208   ⭐凸凸头盔 /备选 厚底靴  ← 克制 主武器：该职责的最大力度来源；代价 每回合自伤 1/10，不适合站场消耗｜原则 P1/P1
   #45    ⭐生命宝珠 /备选 讲究眼镜  ← 克制 物攻手碰瓷（1/6 反伤）；代价 需要被物攻手碰到｜原则 P3
   #68    ⭐生命宝珠 /备选 讲究头带  ← 克制 综合权衡通过：有效耐久（HP×双防）在奇石加成后超过同族终态——奇石加成后耐久（双防×1.5）362.5（对终态裸耐久比值 1.58，含道具有效耐久比 3.26）—— 综合权衡后未进化+奇石更优（S=0.664 ≥ 0.12，
   #1657  ⭐凸凸头盔 /备选 厚底靴  ← 克制 物攻手碰瓷（1/6 反伤）；代价 需要被物攻手碰到｜原则 P3
   #233   ⭐进化奇石 /备选 讲究围巾  ← 克制 物攻手碰瓷（1/6 反伤）；代价 需要被物攻手碰到｜原则 P3
   #249   ⭐凸凸头盔 /备选 厚底靴  ← 
   #208   ⭐凸凸头盔 /备选 厚底靴  ← 
■大针蜂#15 速135 字52923 undefined=0 负向=无
   流派: 推荐流派 1：钉子主力输出压制 物理向 · 推荐特性 剧毒之触 · 4 槽：居合劈 / 愤怒 / 剑舞 / 急速折返 钉子主力输出压制：本系最高 超级角击(虫 120)；自带强化轴
   #15    ⭐生命宝珠  ← 克制 综合权衡通过：有效耐久（HP×双防）在奇石加成后超过同族终态——奇石加成后耐久（双防×1.5）352.5（对终态裸耐久比值 1.18，含道具有效耐久比 1.38）—— 综合权衡后未进化+奇石更优（S=0.337 ≥ 0.12，
   #1842  ⭐厚底靴  ← 克制 主武器：该职责的最大力度来源；代价 每回合自伤 1/10，不适合站场消耗｜原则 P1/P1
   #112   ⭐进化奇石 /备选 讲究围巾  ← 克制 物攻手碰瓷（1/6 反伤）；代价 需要被物攻手碰到｜原则 P3
   #65    ⭐生命宝珠 /备选 讲究眼镜  ← 克制 一件道具兼顾 2 项职责；钉子环境：入场不掉血；代价 占道具位但不增加输出｜原则 P2/P4
   #249   ⭐凸凸头盔 /备选 厚底靴  ← 克制 主武器：该职责的最大力度来源；代价 每回合自伤 1/10，不适合站场消耗｜原则 P1/P1
   #250   ⭐厚底靴 /备选 凸凸头盔  ← 克制 综合权衡通过：有效耐久（HP×双防）在奇石加成后超过同族终态——奇石加成后耐久（双防×1.5）352.5（对终态裸耐久比值 1.18，含道具有效耐久比 1.38）—— 综合权衡后未进化+奇石更优（S=0.337 ≥ 0.12，
   #15    ⭐生命宝珠 /备选 讲究头带  ← 克制 主武器：该职责的最大力度来源；代价 每回合自伤 1/10，不适合站场消耗｜原则 P1/P1
   #112   ⭐进化奇石 /备选 讲究围巾  ← 克制 物攻手碰瓷（1/6 反伤）；代价 需要被物攻手碰到｜原则 P3
   #65    ⭐生命宝珠 /备选 讲究眼镜  ← 克制 一件道具兼顾 2 项职责；钉子环境：入场不掉血；代价 占道具位但不增加输出｜原则 P2/P4
   #249   ⭐凸凸头盔 /备选 厚底靴  ← 
   #250   ⭐厚底靴 /备选 凸凸头盔  ← 
■雷电云#642 速111 字52692 undefined=0 负向=无
   流派: 推荐流派 1：强化主力输出压制 特殊向 · 推荐特性 电晶体 · 4 槽：暴风 / 真气弹 / 诡计 / 伏特替换 强化主力输出压制：本系最高 电磁炮(电 120)；自带强化轴；特
   #642   ⭐生命宝珠  ← 克制 主武器：该职责的最大力度来源；代价 每回合自伤 1/10，不适合站场消耗｜原则 P1/P1
   #985   ⭐厚底靴  ← 克制 一件道具兼顾 2 项职责；代价 锁招，不能变招｜原则 P1/P2
   #65    ⭐生命宝珠 /备选 讲究眼镜  ← 克制 物攻手碰瓷（1/6 反伤）；代价 需要被物攻手碰到｜原则 P3
   #76    ⭐讲究围巾 /备选 生命宝珠  ← 克制 物攻手碰瓷（1/6 反伤）；代价 需要被物攻手碰到｜原则 P3
   #249   ⭐凸凸头盔 /备选 厚底靴  ← 克制 主武器：该职责的最大力度来源；代价 每回合自伤 1/10，不适合站场消耗｜原则 P1/P1
   #208   ⭐凸凸头盔 /备选 厚底靴  ← 克制 主武器：该职责的最大力度来源；代价 每回合自伤 1/10，不适合站场消耗｜原则 P1/P1
   #642   ⭐生命宝珠 /备选 讲究眼镜  ← 克制 一件道具兼顾 2 项职责；代价 锁招，不能变招｜原则 P1/P2
   #65    ⭐生命宝珠 /备选 讲究眼镜  ← 克制 物攻手碰瓷（1/6 反伤）；代价 需要被物攻手碰到｜原则 P3
   #76    ⭐讲究围巾 /备选 生命宝珠  ← 克制 物攻手碰瓷（1/6 反伤）；代价 需要被物攻手碰到｜原则 P3
   #249   ⭐凸凸头盔 /备选 厚底靴  ← 
   #208   ⭐凸凸头盔 /备选 厚底靴  ← 
■大嘴鸥#279 速65 字54528 undefined=0 负向=无
   流派: 推荐流派 1：雨增伤清场 特殊向 · 推荐特性 降雨 · 4 槽：水炮 / 打嗝 / 顺风 / 替身 雨增伤清场：本系最高 水炮(水 110)；特攻输出向 打法依据 （动态推导）：
   #279   ⭐潮湿岩石  ← 克制 主武器：该职责的最大力度来源；代价 每回合自伤 1/10，不适合站场消耗｜原则 P1/P1
   #1843  ⭐潮湿岩石  ← 克制 一件道具兼顾 2 项职责；代价 锁招，不能变招｜原则 P1/P2
   #65    ⭐生命宝珠 /备选 讲究眼镜  ← 克制 综合权衡通过：有效耐久（HP×双防）在奇石加成后超过同族终态——奇石加成后耐久（双防×1.5）362.5（对终态裸耐久比值 1.58，含道具有效耐久比 3.26）—— 综合权衡后未进化+奇石更优（S=0.664 ≥ 0.12，
   #76    ⭐讲究围巾 /备选 生命宝珠  ← 克制 物攻手碰瓷（1/6 反伤）；代价 需要被物攻手碰到｜原则 P3
   #233   ⭐进化奇石 /备选 讲究围巾  ← 克制 延长自身开出的窗口（特性池 n 选 1：换特性也不失协同）；一件道具兼顾 2 项职责；雨天气窗口延长至 12 回合（8→12，考古实证）；代价 只服务雨天窗口，不提升自身战力｜原则 P5/P2/P4
   #1650  ⭐凸凸头盔 /备选 剩饭  ← 克制 主武器：该职责的最大力度来源；代价 每回合自伤 1/10，不适合站场消耗｜原则 P1/P1
   #279   ⭐潮湿岩石 /备选 厚底靴  ← 克制 一件道具兼顾 2 项职责；代价 锁招，不能变招｜原则 P1/P2
   #65    ⭐生命宝珠 /备选 讲究眼镜  ← 克制 综合权衡通过：有效耐久（HP×双防）在奇石加成后超过同族终态——奇石加成后耐久（双防×1.5）362.5（对终态裸耐久比值 1.58，含道具有效耐久比 3.26）—— 综合权衡后未进化+奇石更优（S=0.664 ≥ 0.12，
   #76    ⭐讲究围巾 /备选 生命宝珠  ← 克制 物攻手碰瓷（1/6 反伤）；代价 需要被物攻手碰到｜原则 P3
   #233   ⭐进化奇石 /备选 讲究围巾  ← 
   #1650  ⭐凸凸头盔 /备选 剩饭  ← 
