== B4 修正口径：道具按「中文名前缀」比对（解析输出现含英文后缀）==
   [PASS] B4-1 队伍#1 #2232 编号/道具/招式/PP | id=2232 item=黑色污泥(Black Sludge) pp=5|10|10|15
   [PASS] B4-2 队伍#2 #598 编号/道具 | id=598 item=吃剩的东西(Leftovers)
   [PASS] B4-3 队伍#3 #2667 编号/道具 | id=2667 item=湿润岩石(Damp Rock)
   [PASS] B4-4 队伍#4 #1677 编号/道具 | id=1677 item=无
   [PASS] B4-5 队伍#5 #249 编号/道具 | id=249 item=文柚果(Sitrus Berry)
   [PASS] B4-6 队伍#6 #882 编号/道具/招式 | id=882 item=讲究围巾(Choice Scarf)

== B16 修正口径：方案卡 why 结构实际形态 ==
   能打什么         = 0
   代价           = 63
   原则           = 63
   敌人           = 0
   威胁           = 0
   为什么          = 12
   whylist      = 0
   class="why"  = 0
   原则P          = 0
   原则 P         = 63
   why/whylist 块数 = 0
   文本中「原则」上下文 → (未出现)
   文本中「代价」上下文 → (未出现)

== 方案卡结构计数 ==
   needcard   = 12
   slotbody   = 5
   体系总览       = 1
   需求驱动       = 3
   零硬门        = 5
   候选池        = 6
   道具         = 1127
   性格         = 9
   配招         = 9

==== 口径修正复验小结 ====
PASS=6 FAIL=0
