================ 1. 表格包裹（回溯 8 行）================
   L281 → ✔ 包裹于 L281  | <div class="scroll"><table id="mvTable"><thead><tr><th>#</th><th>招式</th><th>属性</
   L543 → ✔ 包裹于 L542  | '<table style="margin-top:2px"><thead><tr><th>机制</th><th>参数</th><th>当前值</th></tr
   L1263 → ✔ 包裹于 L1263  | html+='<div class="scroll"><table><thead><tr><th>获得</th><th>招式</th><th>属性</th><t
   L1798 → ✔ 包裹于 L1795  | html+='<table><thead><tr><th>攻击属性</th>';
   L1842 → ✔ 包裹于 L1841  | html+='<table><thead><tr><th>防守属性</th>';
   L1934 → ✔ 包裹于 L1934  | html+='<div class="sec" style="margin-top:8px"><h3>🎯 补位建议（应对共同弱点/覆盖缺口）</h3><div
   L2786 → ✔ 包裹于 L2786  | html+='<div class="sec"><h3>评分维度（'+esc(tArch)+' 体系维度权重表）</h3><div class="scroll"
   L5154 → ✔ 包裹于 L5154  | html+='<div class="scroll"><table style="margin-top:6px"><thead><tr><th></th><th
   L5215 → ✔ 包裹于 L5215  | html+='<div class="scroll"><table><thead><tr><th>槽</th><th>招式</th><th>属性</th><th
   L5260 → ✔ 包裹于 L5260  | html+='<div class="scroll"><table><thead><tr><th>队友</th><th>属性</th><th>评分</th><t
   L5272 → ✔ 包裹于 L5272  | html+='<div class="scroll"><table><thead><tr><th>队友</th><th>属性</th><th>评分</th><t
   ⇒ 11/11  ✔ 11/11 全部包裹

================ 2. 移动端媒体查询全文（L110–160）================
    111 .tplcard.open{border-color:var(--accent)}
    112 .tplcard h3{font-size:15px}
    113 .tplcard .theme{color:var(--sub); font-size:12px; margin:4px 0}
    114 .tip{background:#fff8e6; border-left:3px solid var(--warn); padding:8px 10px; margin:6px 0; font-size:12px; color:#7a5b1a; border-radius:4px}
    115 textarea.savebox{width:100%; min-height:90px; font-family:Consolas,monospace; font-size:11px; border:1px solid var(--line); border-radius:8px; padding:8px; resize:vertical}
    116 @media (max-width:640px){
    117   .grid{grid-template-columns:repeat(auto-fill,minmax(110px,1fr))}
    118   .spcard{width:56px; height:56px}
    119   nav{width:100%; margin-left:0}
    120   nav button{flex:1}
    121   header h1{font-size:15px}
    122   .drawer{width:100%}
    123 }
    124 /* ===== v4.6：移动端（窄屏 ≤480px = 手机竖版验收重点）=====
    125    ① 7 Tab 换行不溢出 ② 触控目标 ≥44px ③ 字体可读 ④ 卡片不横向溢出 */
    126 @media (max-width:640px){
    127   body{font-size:14px}
    128   header h1{font-size:14px; line-height:1.4}
    129   header{padding:6px 8px; align-items:flex-start; flex-wrap:wrap}
    130   nav{width:100%; margin-left:0; flex-wrap:wrap; gap:4px}
    131   nav button{flex:1 1 30%; min-height:44px; font-size:13px; padding:0 6px}
    132   .btn,.btn-mini,.abi,details>summary,details.big>summary,.poolcard,label,input,select,textarea{min-height:44px}
    133   .abi{padding:10px 10px; line-height:1.15}
    134   .btn-mini{padding:10px 10px}
    135   details.big>summary{font-size:14px}
    136   .grid{grid-template-columns:repeat(auto-fill,minmax(96px,1fr)); gap:6px}
    137   .poolgrid{grid-template-columns:repeat(auto-fill,minmax(96px,1fr)); gap:6px}
    138   .spcard{width:56px; height:56px}
    139   .teamwrap{flex-direction:column}
    140   .teambox{width:100% !important; flex:1 1 auto !important}
    141   .drawer{width:100%}
    142   .sec,.tip,.ruleline,.needrow,.slotbody,.slothead,.poolcard{overflow-wrap:anywhere; word-break:break-word}
    143   .scroll,.mxlist{max-height:56vh}
    144   img{max-width:100%}
    145   /* v4.6-C：报告 §7b b5/b6/b7 三项必修（表格 overflow-wrap / 触控 ≥44px / 字号字体族） */
    146   th,td{white-space:normal; word-break:break-word}
    147   table{font-size:12px}
    148   nav button,.btn,.btn-mini,.chips button,.abi,details>summary,details.big>summary,.needcard>summary,
    149   .poolcard,.badge-pick,.badge-pickable,.poolbox .pin,.slot .x,.modal .close,button,label,input,select,textarea{min-height:44px}
    150   .modal .close{width:44px; height:44px; font-size:20px; line-height:1; padding:0}
    151   .chips button{padding:10px 12px}
    152   .slot .x{min-width:44px}
    153   tr.mv th,tr.mv td{padding:12px 8px}
    154   .whylist,.slotinfo,.ruleline,.tagline,.mcnm,.mcx,.mxmore,.poolrow,.split,.card .en,.savebox,.gl,
    155   .badge-pend,.badge-warnimm{font-size:12px}
    156   .spcard{width:88px; height:88px}
    157 }
    158 /* ===== v4.x：词条 tooltip / 流派大卡片 / 列表 / 筛选 ===== */
    159 .gl{border-bottom:1px dotted var(--accent); color:var(--accent); cursor:pointer; position:relative; white-space:nowrap}
    160 .gl:hover::after{content:attr(data-g); position:absolute; left:0; top:135%; z-index:90; background:#111827; color:#fff; font-size:11px; line-height:1.55; padding:6px 8px; border-radius:6px; width:min(320px,72vw); white-space:normal; box-shadow:0 6px 18px rgba(0,0,0,.3); pointer-events:none}
    161 details.big{border:1px solid var(--line); background:var(--card); border-radius:10px; margin:12px 0; padding:2px 12px}
    162 details.big.rec{border-color:var(--accent); box-shadow:0 0 0 1px var(--accent) inset}
    163 details.big>summary{cursor:pointer; padding:9px 0; list-style:none; font-size:15px; font-weight:600}

================ 3. 内部串定位（行号 + 上下文 90 字符）================
   [genBuilds] 共 1 处
      L3691 … ============ v4.3：战术流派动态推导（07 §4.6；取代 v4.2 的 genBuilds 固定枚举） ============
   [v45-3] 共 3 处
      L3800 … /* v45-3：本侧可学、对**盲点**（防守属性）≥2x 的最高威力招；无则 null（不可
      L3918 … /* ---- v45-3：补盲驱动 ----
      L5222 … /* v45-3：盲点提示 + 补盲结果/不可让位原因（透明化：可学者已补入，不可学或无空位才保
   [WCONF.] 共 163 处
      L389 … ","再生力轮转保血线，拖垮对手输出"],"tips":["毒菱层数与豁免规则读引擎参数 WCONF.hazardRules.toxicSpikes（maxLayers / ste
      L389 … groundedPoisonAbsorbs），本卡不写死数值","撒菱与隐形岩伤害分别读 WCONF.hazardRules.spikes.dmg[] 与 WCONF.hazard
      L389 … 撒菱与隐形岩伤害分别读 WCONF.hazardRules.spikes.dmg[] 与 WCONF.hazardRules.stealthRock.dmgByRockEff[]，
      L389 … lthRock.dmgByRockEff[]，勿按固定数值理解","清除浓雾的拆除范围按 WCONF.defogRapidSpin 语义（双方钉子 / 仅对手侧墙 / 不清场地地形
      L389 … 气手二次上场抢回"],"tips":["天气增伤不再分「手动/特性」两档，统一读引擎参数 WCONF.weatherBoostByFlag（TEMPORARY|PRIMAL 档）"
      L389 … ostByFlag（TEMPORARY|PRIMAL 档）","天气持续回合与岩石延长读 WCONF.manualDurTurns / abilityDurTurns / rock
   [源码实证] 共 63 处
      L389 … "终极冲击：一般系物攻核弹，僵直一回合","432":"清除浓雾：清双方钉子、墙仅对手侧（源码实证）；降闪避1级待实测","229":"高速旋转：清自身钉子+提速，扫钉位必备","
      L389 … rockTurnsAbility）。暴风、打雷等招在雨天下必中。【来源档位：v2.65 源码实证】"},{"key":"weather_sun","term":"Sun (Sun
      L389 … lity）。太阳之力94：晴天下最高攻击项×1.5，但每回合掉血。【来源档位：v2.65 源码实证】"},{"key":"weather_sand","term":"Sandsto
      L389 … rnsAbility）。拨沙受益者在沙暴中速度×2。【来源档位：回合数与分档 v2.65 源码实证；岩石特防×1.5 属原版口径，未列入 v2.65 实证清单】"},{"key":
      L389 … anualDurTurns / rockTurnsManual）。【来源档位：v2.65 源码实证】"},{"key":"weather_manual","term":"Manua
      L389 … 伤与特性同档（WCONF.weatherBoostByFlag）。【来源档位：v2.65 源码实证】"},{"key":"weather_ability","term":"Weat
   [待游戏内截图校准] 共 3 处
      L422 … UI 相应位置加徽标「待游戏内截图校准」，待游戏内证据再定稿。 */
      L490 … ge badge-pend" title="该数值为口径表默认值，尚未经游戏内实测确认">待游戏内截图校准</span>'}
      L547 … onStab）；新增 2 项待实测：戏法空间第 6 回合差、冻伤雪天 ×3 未找到。凡带「待游戏内截图校准」徽标者为默认口径、待实测定稿。</div></details>';
   [数据契约] 共 1 处
      L715 … 数据契约（数据层并行产出，缺失时优雅回退）：
   [changelog] 共 6 处
      L389 … RATION = 8（WCONF.manualDurTurns），**无 5 回合档**（changelog v1.5「still 5 turns」与之冲突，已登记，取源码）。增伤
      L389 … 在 v2.65.3b 移除。【来源档位：增伤 v2.65 源码实证；龙伤减半移除见 官方 changelog v2.65.3b】"},{"key":"terrain_toxic",
      L427 … 原 manualDurTurns=5 / rockTurnsManual=8 系 changelog 口径——源码无 5 回合档，UI 标注「源码 v2.65 实证 8，c
      L427 … changelog 口径——源码无 5 回合档，UI 标注「源码 v2.65 实证 8，changelog 记 5」*/,
      L516 … urns',WCONF.manualDurTurns+' 回合（v2.65 源码实证 8，changelog 记 5）',''],
      L547 … 10945b9@2026-10-06）</b>：天气回合 8/岩石 12（手动与特性同档；changelog 记「手动 5」与源码不符）、天气增伤**不分来源单档 ×1.5**（无
   [ABI_ATE] 共 12 处
      L389 … cate325→毒 / Normalize96→一般）。宏族**×1.0**（WCONF.ABI_ATE.multiplier，10% 加成已移除）；转换后招式获得 STAB ×1
      L389 … lize280（岩石→冰） / Superconductor659（钢→电）（WCONF.ABI_ATE.specialMultiplier）。家族 Pin A 25 / Pin
      L417 … /* ============ 机制默认口径参数（WCONF / ABI_ATE） ============
      L468 … var ABI_ATE={
      L479 … function ateMulOf(id){var v=ABI_ATE.specialBoost[''+id];return (v===undef
      L479 … TE.specialBoost[''+id];return (v===undefined?ABI_ATE.multiplier:v)}
   [docs/战斗分析] 共 1 处
      L418 … 源：docs/战斗分析/_机制默认口径表.md「引擎参数汇总表」逐项照抄（v1.0，2026-
   [参数</th>] 共 1 处
      L543 … e="margin-top:2px"><thead><tr><th>机制</th><th>参数</th><th>当前值</th></tr></thead><tbody>';

================ 4. gotoItem 实现 =================
function gotoItem(name){
     var id=itemByZhOrEn(name),it=ITM[id];
     alert('【'+name+'】\n'+(it?it[3]||'(无描述)':'（未收录）'));
   }
   
   /* ============ 核心配队（选定核心 → 定位/配招/性格/队友） ============ */
   var NATURES={
     '固执':['+攻击','-特攻'],'爽朗':['+速度','-特攻'],'胆小':['+速度','-攻击'],'内敛':['+特攻','-攻击'],
     '大胆':['+防御','-攻击'],'沉着':['+特防','-攻击'],'淘气':['+防御','-特攻'],'慎重':['+特防','-特攻'],
     '勇敢':['+攻击','-速度'],'冷静':['+特攻','-速度'],'悠闲':['+防御','-速度'],'狂

================ 5. 渲染态：内部文案扫描 =================
   加载 = OK
   selectCore 异常 window.scrollTo is not a function
   #coreOut       长度=415698  ✘ 命中 源码实证×13, 待游戏内截图校准×2
   #coreOut       长度=415698  ✘ 命中 源码实证×13, 待游戏内截图校准×2
   #ruleBoxTeam   长度=5990    ✘ 命中 WCONF.×23, 源码实证×13, 源码考古×2, 源码未找到×1, 待游戏内截图校准×7, changelog×2, ABI_ATE×1, 参数×4
   #ruleBoxCore   长度=5990    ✘ 命中 WCONF.×23, 源码实证×13, 源码考古×2, 源码未找到×1, 待游戏内截图校准×7, changelog×2, ABI_ATE×1, 参数×4
   #ruleBoxTpl    长度=5990    ✘ 命中 WCONF.×23, 源码实证×13, 源码考古×2, 源码未找到×1, 待游戏内截图校准×7, changelog×2, ABI_ATE×1, 参数×4
   #tplRuleTip    长度=592     ✘ 命中 源码实证×2, 源码考古×1, 源码未找到×1, 待游戏内截图校准×2
   口径表三处长度 = [5990,5990,5990]  ⚠ 仍完全相同（重复注入未改）
   #tplRuleTip 渲染文本 → 💡 ER 特化提示（读 WCONF 口径表 · v2.65+ 源码考古）：天气 8 回合（岩石 12 回合），手动招与特性同档；晴/雨增伤 ×1.5（v2.65 源码实证：不分手动/特性，无「特性 20%」档）；冻伤替代冰冻（每回合 1/16 最大HP + 特攻 ×0.5，冰雹触发 ×3 待游戏内截图校准 源码未找到）；个体默认 31、Iron Pill 可把速度 IV 调 0（空间队）；所有招式 PP 全满；训练师全员 4 特性+道具。 v4.x：数据来源完整（招式/特性中文说明、机制词条、进化家族、战术模板齐备）；词条解释（天气/场地/钉子/强化/异常/先制/蓄力/属性转换/冻伤/麻痹等）在正文中以虚线下划线标出，悬停看释义、点击开「词条卡片」（居中轻量 modal，带遮罩与关闭）。 场地：场地 8 回合（延展器 12 回合）· 场地属性增伤 ×1.3（v2.65 源码实证：B_TE
   #coreOut 文本节选 → 妙蛙花 Venusaur #3 ➕ 入队 草 毒 定位判断 均衡/多功能 —— 种族分布均衡，按配招决定定位；种族 物攻82/特攻100/速度80 耐久口径（口径实读）：物理耐久 = HP+物攻+防御、特殊耐久 = HP+特攻+特防；≥300 判肉盾、≥230 偏耐久、≥270 开肉盾流派。 细分定位： 天气速攻潜力(可选池) 站场强化 对攻吸血 强度：茂盛(&lt;1/3血)×1.5 本系最高威力 疯狂植物(130) / 飞叶风暴(130) 耐久 中物耐 / 中特耐 均衡/多功能。细分：天气速攻潜力(可选池)、站场强化、对攻吸血。强度：茂盛(&lt;1/3血)×1.5。本系最高威力 130（草）。耐久 中物耐 / 中特耐。有回复。速度80 中速。怕 飞行/超能力 弱点（天性口径） 飞行 超能力 找队友时优先补这些 ⭐ 推荐流派 1：晴强化清场 特殊向 · 推荐特性 叶绿素 · 4 槽：日
