HTML : 2,329,097 B | mtime 2026/10/8 11:49:34
SHA256: CEEE7BBC4527F69D6CF0938C18E4B27E2803F79CF33AFB852018A9E0C3237338
script 块数 = 1
总行数 = 5388
--- 部署文件 ---
index.html : 存在 2,329,097 B  SHA=CEEE7BBC4527F69D
.nojekyll : 存在 0 B  SHA=E3B0C44298FC1C14
404.html : 不存在
--- 工作区探针 ---
archive_v44.py                      1.2 KB  2026/10/8 2:22:12
assert_results.json                48.3 KB  2026/10/8 10:05:09
bu_abi1.json                        0.2 KB  2026/10/7 20:13:32
bu_abirev.json                      0.2 KB  2026/10/7 20:46:35
bu_abirev2.json                     0.3 KB  2026/10/7 20:46:48
bu_abirev3.json                     0.3 KB  2026/10/7 20:47:02
bu_abirev4.json                     0.4 KB  2026/10/7 20:47:17
bu_abirev5.json                     0.5 KB  2026/10/7 20:47:29
bu_abirev6.json                     0.3 KB  2026/10/7 20:47:43
bu_abirev7.json                     1.4 KB  2026/10/7 20:47:54
bu_atk2.json                        1.3 KB  2026/10/7 20:15:38
bu_atk3.json                        0.1 KB  2026/10/7 20:15:55
bu_chip.json                        0.5 KB  2026/10/7 20:48:21
bu_core.json                        1.4 KB  2026/10/7 18:07:48
bu_core2.json                       1.1 KB  2026/10/7 18:08:07
bu_core3.json                       0.6 KB  2026/10/7 18:08:24
bu_core4.json                       1.4 KB  2026/10/7 18:08:47
bu_def.json                         0.6 KB  2026/10/7 20:15:03
bu_detail.json                      2.4 KB  2026/10/7 19:11:02
bu_detail2.json                     1.4 KB  2026/10/7 19:11:14
bu_inn1.json                        0.4 KB  2026/10/7 19:42:46
bu_mx1.json                         1.1 KB  2026/10/7 20:13:49
bu_mx2.json                         0.1 KB  2026/10/7 20:14:02
bu_mx3.json                         0.4 KB  2026/10/7 20:14:13
bu_mx4.json                         0.0 KB  2026/10/7 20:14:30
bu_mx5.json                        20.1 KB  2026/10/7 20:14:41
bu_nat.json                         0.4 KB  2026/10/7 19:42:17
bu_pk.json                          0.6 KB  2026/10/7 19:10:47
bu_probe.json                       4.0 KB  2026/10/7 18:07:29
bu_st.json                          1.7 KB  2026/10/7 19:10:33
bu_step.json                        0.4 KB  2026/10/7 19:42:02
bu_struct.json                      1.4 KB  2026/10/7 19:42:28
bu_tabs.json                        0.2 KB  2026/10/7 19:41:54
bu_tpl.json                         0.4 KB  2026/10/7 20:15:18
bu_truse.json                       0.3 KB  2026/10/7 18:39:41
check_v45.log                       0.0 KB  2026/10/8 9:21:47
check_v451.log                      0.1 KB  2026/10/8 10:12:16
css_probe.log                       1.1 KB  2026/10/7 1:21:19
css_probe2.log                      2.6 KB  2026/10/7 1:21:33
dump_party.py                       1.1 KB  2026/10/7 1:25:02
extract.mjs                         0.7 KB  2026/10/7 1:10:08
extract_v44.cjs                     0.4 KB  2026/10/8 2:12:24
extract_v45.cjs                     0.5 KB  2026/10/8 9:21:38
extract_v45.log                     0.1 KB  2026/10/8 9:21:47
extract_v451.log                    0.1 KB  2026/10/8 10:04:43
fix_and_archive_v433.py             1.4 KB  2026/10/8 1:40:52
fix_tail.py                         0.6 KB  2026/10/8 1:41:01
html_script.js                  2,246.1 KB  2026/10/8 10:04:54
html_script_fresh.js            2,213.5 KB  2026/10/8 1:33:57
html_script_v44.js              2,217.9 KB  2026/10/8 2:12:25
html_script_v45.js              2,246.1 KB  2026/10/8 10:04:43
html_script_v451.js             2,246.1 KB  2026/10/8 10:04:43
probe_css.cjs                       0.9 KB  2026/10/7 1:21:15
probe_css2.cjs                      0.7 KB  2026/10/7 1:21:29
probe_dump.json                    11.1 KB  2026/10/7 1:14:43
probe_sav.py                        1.6 KB  2026/10/7 1:09:57
probe_tpl_system.cjs               11.6 KB  2026/10/7 1:46:44
probe_tpl_v42.cjs                  13.1 KB  2026/10/7 18:05:56
probe_tpl_v42b.cjs                 10.1 KB  2026/10/7 18:04:54
probe_v42.log                       2.3 KB  2026/10/7 18:06:28
probe_v43.cjs                      13.4 KB  2026/10/7 23:09:54
probe_v43.log                       5.3 KB  2026/10/7 23:10:11
probe_v43_v432.log                  5.3 KB  2026/10/8 0:31:14
probe_v43_v433.log                  5.4 KB  2026/10/8 1:38:40
probe_v43_v44.log                   5.4 KB  2026/10/8 2:19:23
probe_v43_v45.log                   5.6 KB  2026/10/8 9:22:13
probe_v43_v451.log                  5.6 KB  2026/10/8 10:05:20
probe_v431.cjs                     10.6 KB  2026/10/7 23:36:27
probe_v431.log                      3.8 KB  2026/10/7 23:36:41
probe_v431_v432.log                 4.1 KB  2026/10/8 0:32:25
probe_v431b.cjs                     5.9 KB  2026/10/7 23:38:02
probe_v431b.log                     1.9 KB  2026/10/7 23:39:09
probe_v431b_v432.log                1.9 KB  2026/10/8 0:34:28
probe_v432.cjs                      8.7 KB  2026/10/8 0:34:57
probe_v432.log                      3.3 KB  2026/10/8 0:35:50
probe_v432_v44.log                  3.3 KB  2026/10/8 2:20:19
probe_v432_v45.log                  3.3 KB  2026/10/8 9:23:06
probe_v432_v451.log                 3.3 KB  2026/10/8 10:06:13
probe_v433.cjs                     11.6 KB  2026/10/8 1:24:17
probe_v433.log                     17.6 KB  2026/10/8 1:25:24
probe_v433b.cjs                     6.0 KB  2026/10/8 1:25:53
probe_v433b.log                    16.6 KB  2026/10/8 1:26:43
probe_v433c.cjs                     5.4 KB  2026/10/8 1:27:28
probe_v433c.log                     3.3 KB  2026/10/8 1:28:54
probe_v433d.cjs                     5.3 KB  2026/10/8 1:30:02
probe_v433d.log                    21.5 KB  2026/10/8 1:30:23
probe_v433e.cjs                     6.1 KB  2026/10/8 1:31:49
probe_v433e.log                     1.3 KB  2026/10/8 1:31:58
probe_v433f.cjs                     5.3 KB  2026/10/8 1:32:48
probe_v433f.log                     3.7 KB  2026/10/8 1:33:06
probe_v433g.cjs                     5.0 KB  2026/10/8 1:33:52
probe_v433g.log                     0.7 KB  2026/10/8 1:34:03
probe_v433h.cjs                     4.6 KB  2026/10/8 1:34:46
probe_v433h.log                    21.2 KB  2026/10/8 1:35:15
probe_v433i.cjs                     4.9 KB  2026/10/8 1:36:12
probe_v433i.log                    12.7 KB  2026/10/8 1:36:37
probe_v433j.cjs                     4.6 KB  2026/10/8 1:37:35
probe_v433j.log                    13.4 KB  2026/10/8 1:38:09
probe_v44.cjs                       7.3 KB  2026/10/8 2:13:11
probe_v44.log                      11.6 KB  2026/10/8 2:13:52
probe_v44b.cjs                      7.1 KB  2026/10/8 2:15:47
probe_v44b.log                     21.4 KB  2026/10/8 2:16:22
probe_v44c.cjs                      4.7 KB  2026/10/8 2:17:22
probe_v44c.log                     11.3 KB  2026/10/8 2:17:56
probe_v44d.cjs                      5.5 KB  2026/10/8 2:18:40
probe_v44d.log                      1.8 KB  2026/10/8 2:18:55
probe_v45.cjs                      12.3 KB  2026/10/8 9:24:49
probe_v45.log                       9.9 KB  2026/10/8 9:25:20
probe_v451.cjs                      9.1 KB  2026/10/8 10:05:34
probe_v451.log                      5.1 KB  2026/10/8 10:07:44
probe_v451b.cjs                     4.3 KB  2026/10/8 10:10:09
probe_v451b.log                     3.5 KB  2026/10/8 10:11:00
probe_v45b.cjs                      7.9 KB  2026/10/8 9:26:08
probe_v45b.log                      2.7 KB  2026/10/8 9:27:05
probe_v45c.cjs                      7.4 KB  2026/10/8 9:28:17
probe_v45c.log                      3.9 KB  2026/10/8 9:29:47
probe_v45c_v451.log                 3.3 KB  2026/10/8 10:09:32
probe_v45d.cjs                      4.9 KB  2026/10/8 9:30:29
probe_v45d.log                      9.1 KB  2026/10/8 9:30:53
probe_v45e.cjs                      5.4 KB  2026/10/8 9:32:28
probe_v45e.log                      5.5 KB  2026/10/8 9:33:01
probe_v45f.cjs                      3.9 KB  2026/10/8 9:33:31
probe_v45f.log                     26.8 KB  2026/10/8 9:33:49
probe_v46a.cjs                      4.4 KB  2026/10/8 11:01:53
probe_v46a.log                      7.2 KB  2026/10/8 11:01:57
probe_v46b.cjs                      3.8 KB  2026/10/8 11:02:23
probe_v46b.log                      3.6 KB  2026/10/8 11:02:27
probe_v46c.cjs                      3.1 KB  2026/10/8 11:02:55
probe_v46c.log                      8.2 KB  2026/10/8 11:02:59
probe_v46d.cjs                      2.9 KB  2026/10/8 11:03:52
probe_v46d.log                      4.5 KB  2026/10/8 11:03:58
probe_v46e.cjs                      6.9 KB  2026/10/8 11:05:09
probe_v46e.log                      5.8 KB  2026/10/8 11:05:21
probe_v46f.cjs                      6.2 KB  2026/10/8 11:06:13
probe_v46f.log                      3.3 KB  2026/10/8 11:07:03
probe_v46g.cjs                      2.5 KB  2026/10/8 11:07:47
probe_v46g.log                      6.2 KB  2026/10/8 11:07:53
probe_v46h.cjs                      2.8 KB  2026/10/8 11:11:50
probe_v46h.log                      1.2 KB  2026/10/8 11:11:59
probe_v46i.cjs                      2.8 KB  2026/10/8 11:12:16
probe_v46i.log                      5.3 KB  2026/10/8 11:12:24
probe2.cjs                          4.3 KB  2026/10/7 1:14:39
probe2.log                         11.6 KB  2026/10/7 1:14:43
run.cjs                            37.4 KB  2026/10/7 1:29:15
run.log                             3.9 KB  2026/10/7 1:18:51
run_v43.log                         3.6 KB  2026/10/7 23:08:00
run_v431.log                        3.7 KB  2026/10/7 23:35:30
run_v432.log                        3.7 KB  2026/10/8 0:20:54
run_v433.log                        3.7 KB  2026/10/8 1:21:23
run_v44.log                         3.7 KB  2026/10/8 2:12:49
run_v45.log                         3.7 KB  2026/10/8 9:22:03
run_v451.log                        3.7 KB  2026/10/8 10:05:10
sav_CWD.csv                       187.3 KB  2026/10/7 1:09:41
sav_CWD.json                      629.4 KB  2026/10/7 1:09:41
sav_PROJ.csv                      187.3 KB  2026/10/7 1:09:42
sav_PROJ.json                     629.4 KB  2026/10/7 1:09:42
sav_v42.csv                       187.3 KB  2026/10/7 20:48:14
sav_v42.json                      629.4 KB  2026/10/7 20:48:14
