== 流派卡渲染面原文（每卡：流派名｜道具行｜盲点行｜免疫/双刀） ==
### 妙蛙花（#3）流派卡 2 张
  [1] 向 「晴强化清场 特殊向 · 推荐特性 叶绿素 · 4」｜道具行⭐=(无)｜盲点=(无盲点)｜免疫=对手带对应免疫特性时下列属性招无效——需多备打击面或用特性穿透（破格/兆级电压）｜双刀补盲=(无)
  [2] 向 「晴增伤清场 特殊向 · 推荐特性 叶绿素 · 4」｜道具行⭐=(无)｜盲点=(无盲点)｜免疫=对手带对应免疫特性时下列属性招无效——需多备打击面或用特性穿透（破格/兆级电压）｜双刀补盲=(无)
    队伍行核心: (未捕获)
### 护城龙（#411）流派卡 2 张
  [1] 向 「钉子强化清场 物理向 · 推荐特性 战斗盔甲 ·」｜道具行⭐=(无)｜盲点=(无盲点)｜免疫=对手带对应免疫特性时下列属性招无效——需多备打击面或用特性穿透（破格/兆级电压）｜双刀补盲=(无)
  [2] 向 「钉子主力输出压制 物理向 · 推荐特性 战斗盔甲」｜道具行⭐=(无)｜盲点=(无盲点)｜免疫=对手带对应免疫特性时下列属性招无效——需多备打击面或用特性穿透（破格/兆级电压）｜双刀补盲=(无)
    队伍行核心: (未捕获)
### 凤王（#250）流派卡 2 张
  [1] 向 「顺风强化清场 物理向 · 推荐特性 再生力 · 」｜道具行⭐=(无)｜盲点=(无盲点)｜免疫=对手带对应免疫特性时下列属性招无效——需多备打击面或用特性穿透（破格/兆级电压）｜双刀补盲=(无)
  [2] 向 「顺风主力输出压制 物理向 · 推荐特性 再生力 」｜道具行⭐=(无)｜盲点=(无盲点)｜免疫=对手带对应免疫特性时下列属性招无效——需多备打击面或用特性穿透（破格/兆级电压）｜双刀补盲=(无)
    队伍行核心: (未捕获)
### 煤炭龟（#324）流派卡 2 张
  [1] 向 「晴强化清场 双刀向 · 推荐特性 登山者 · 4」｜道具行⭐=(无)｜盲点=(无盲点)｜免疫=对手带对应免疫特性时下列属性招无效——需多备打击面或用特性穿透（破格/兆级电压）｜双刀补盲=(无)
  [2] 向 「晴增伤清场 双刀向 · 推荐特性 登山者 · 4」｜道具行⭐=(无)｜盲点=(无盲点)｜免疫=对手带对应免疫特性时下列属性招无效——需多备打击面或用特性穿透（破格/兆级电压）｜双刀补盲=(无)
    队伍行核心: (未捕获)
### 坚果哑铃（#598）流派卡 2 张
  [1] 向 「钉子强化清场 物理向 · 推荐特性 坚不可摧 ·」｜道具行⭐=(无)｜盲点=(无盲点)｜免疫=对手带对应免疫特性时下列属性招无效——需多备打击面或用特性穿透（破格/兆级电压）｜双刀补盲=(无)
  [2] 向 「钉子受队消耗 物理向 · 推荐特性 坚不可摧 ·」｜道具行⭐=(无)｜盲点=(无盲点)｜免疫=对手带对应免疫特性时下列属性招无效——需多备打击面或用特性穿透（破格/兆级电压）｜双刀补盲=(无)
    队伍行核心: (未捕获)
### 霸王花（#45）流派卡 2 张
  [1] 向 「空间破盾 双刀向 · 推荐特性 毒吸收 · 4 」｜道具行⭐=(无)｜盲点=(无盲点)｜免疫=对手带对应免疫特性时下列属性招无效——需多备打击面或用特性穿透（破格/兆级电压）｜双刀补盲=(无)
  [2] 向 「空间主力输出压制 特殊向 · 推荐特性 毒吸收 」｜道具行⭐=(无)｜盲点=(无盲点)｜免疫=对手带对应免疫特性时下列属性招无效——需多备打击面或用特性穿透（破格/兆级电压）｜双刀补盲=(无)
    队伍行核心: (未捕获)
### 大针蜂（#15）流派卡 2 张
  [1] 向 「钉子主力输出压制 物理向 · 推荐特性 剧毒之触」｜道具行⭐=(无)｜盲点=(无盲点)｜免疫=对手带对应免疫特性时下列属性招无效——需多备打击面或用特性穿透（破格/兆级电压）｜双刀补盲=(无)
  [2] 向 「钉子稳健联防消耗 物理向 · 推荐特性 剧毒之触」｜道具行⭐=(无)｜盲点=(无盲点)｜免疫=对手带对应免疫特性时下列属性招无效——需多备打击面或用特性穿透（破格/兆级电压）｜双刀补盲=(无)
    队伍行核心: (未捕获)
### 雷电云（#642）流派卡 2 张
  [1] 向 「强化主力输出压制 特殊向 · 推荐特性 电晶体 」｜道具行⭐=(无)｜盲点=(无盲点)｜免疫=对手带对应免疫特性时下列属性招无效——需多备打击面或用特性穿透（破格/兆级电压）｜双刀补盲=(无)
  [2] 向 「强化稳健联防消耗 特殊向 · 推荐特性 电晶体 」｜道具行⭐=(无)｜盲点=(无盲点)｜免疫=对手带对应免疫特性时下列属性招无效——需多备打击面或用特性穿透（破格/兆级电压）｜双刀补盲=(无)
    队伍行核心: (未捕获)
### 大嘴鸥（#279）流派卡 2 张
  [1] 向 「雨增伤清场 特殊向 · 推荐特性 降雨 · 4 」｜道具行⭐=(无)｜盲点=(无盲点)｜免疫=对手带对应免疫特性时下列属性招无效——需多备打击面或用特性穿透（破格/兆级电压）｜双刀补盲=(无)
  [2] 向 「雨破盾 双刀向 · 推荐特性 降雨 · 4 槽：」｜道具行⭐=(无)｜盲点=(无盲点)｜免疫=对手带对应免疫特性时下列属性招无效——需多备打击面或用特性穿透（破格/兆级电压）｜双刀补盲=(无)
    队伍行核心: (未捕获)
== 判定 ==
total=1 PASS=1 FAIL=0
