== 控速位成员配招（大嘴鸥 / 霸王花 / 坚果哑铃） ==
  [大嘴鸥] 需求=控速位,28 分,多功能 ×3
     全文: 多边兽2型 #233 控速位 28 分 多功能 ×3 ➕ 入队 🎯 设为核心 ↔ 可用 雨 受益招 2 个；补核心盲点：飞行/地面/恶；提供回复/续航；满足需求「控速位」：先制/控速招（电磁波） 配招： 波导弹 冰冻光束 诡计 电磁波 备选： 电磁炮 精神强念 自我再生 特性： 察觉 复制 道具： ⭐进化奇石 讲究围巾 备选 嘉珍果 备选 性格： 内敛 / 胆小
  [霸王花] 需求=控速位,28 分,多功能 ×3
     全文: 多边兽2型 #233 控速位 28 分 多功能 ×3 ➕ 入队 🎯 设为核心 ↔ 补核心盲点：钢/恶/岩石；提供回复/续航；满足需求「控速位」：先制/控速招（电磁波） 配招： 波导弹 冰冻光束 诡计 电磁波 备选： 电磁炮 精神强念 自我再生 特性： 察觉 复制 道具： ⭐进化奇石 讲究围巾 备选 嘉珍果 备选 性格： 内敛 / 胆小
  [坚果哑铃] 需求=控速位,25 分,多功能 ×2
     全文: 多边兽2型 #233 控速位 25 分 多功能 ×2 ➕ 入队 🎯 设为核心 ↔ 补核心盲点：恶/幽灵；提供回复/续航；满足需求「控速位」：先制/控速招（电磁波） 配招： 波导弹 冰冻光束 诡计 电磁波 备选： 电磁炮 精神强念 自我再生 特性： 察觉 复制 道具： ⭐进化奇石 讲究围巾 备选 嘉珍果 备选 性格： 内敛 / 胆小 体检：需求覆盖 100%（已满足 9/9）· 队伍 4 只 · 停止原因 STOP_ALL_NEEDS_MET 告警：需求已清零 → 输出 4 只紧凑队伍（不再为凑满 6 只而加人） 🪨 奇石权衡否决 547 只（进化型凭道具/速度/力度反超 → 不推荐） 口径（v4.3.2 权衡模型）：A = 本形态+进化奇石（双防×1.5） vs B = 同族终态+其最优道具；未过门（d_bulk ≤ 0 或 S &lt; 0.12）即不推荐 —— 否决 ≠ 剔除 ，候选池仍可查看全部名次。 科斯莫古 #78
== 流派卡道具 why（护城龙 / 坚果哑铃 / 霸王花） ==
  [护城龙] 护城龙 #411 核心 ➕ 入队 🎯 设为核心 配招： 隐形岩 电磁波 替身 铁壁 备选： 铁头 双刃头锤 拍落 特性： 战斗盔甲 持久力 道具： ⭐厚底靴 凸凸头盔 备选 防斗果 备选 性格： 淘气 / 慎重 / 大胆
  [护城龙] 钻角犀兽 #112 补盲点：毒 31 分 多功能 ×3 ➕ 入队 🎯 设为核心 ↔ 补核心盲点：电/毒/恶；满足需求「补盲点：毒」：对 毒 有克制招 配招： 双刃头锤 真气拳 剑舞 岩石封锁 备选： 突飞猛扑 咬碎 铁壁 特性： 大地束缚 避雷针 道具： ⭐进化奇石 讲究围巾 备选 生命宝珠 备选 性格： 勇敢 / 固执
  [护城龙] 洛奇亚 #249 消耗位 30 分 多功能 ×3 ➕ 入队 🎯 设为核心 ↔ 补核心盲点：电/毒/恶；替核心吸收：格斗/地面/水；提供回复/续航；满足需求「消耗位」：消耗：剧毒 配招： 剧毒 自我再生 顺风 替身 备选： 喷水 预知未来 流星群 特性： 暴风雨 奇迹皮肤 道具： ⭐凸凸头盔 厚底靴 备选 防电果 备选 性格： 淘气 / 慎重 / 大胆
  [护城龙] 大王铜象 #879 补盲点：幽灵 35 分 多功能 ×3 ➕ 入队 🎯 设为核心 ↔ 补核心盲点：电/毒/恶；满足需求「补盲点：幽灵」：抵抗/免疫 幽灵（替队吸收） 配招： 钢之牙 怪力 铁壁 岩石封锁 备选： 波动冲 扑击 隐形岩 特性： 储水 远隔 道具： ⭐生命宝珠 讲究头带 备选 节拍器 备选 性格： 勇敢 / 固执
  [护城龙] 超级拉帝亚斯 #1539 物理联防位（物盾） 23 分 多功能 ×2 ➕ 入队 🎯 设为核心 ↔ 补核心盲点：电/毒/恶；替核心吸收：格斗/地面/水；提供回复/续航；满足需求「物理联防位（物盾）」：物防 120 / 耐久 350（达物盾线） 配招： 自我再生 电磁波 替身 冥想 备选： 流星群 薄雾球 十万伏特 特性： 自然恢复 镜甲 道具： ⭐凸凸头盔 厚底靴 备选 防冰果 备选 性格： 淘气 / 慎重 / 大胆 体检：需求覆盖 100%（已满足 11/11）· 队伍 5 只 · 停止原因 STOP_ALL_NEEDS_MET 告警：需求已清零 → 输出 5 只紧凑队伍（不再为凑满 6 只
  --- 护城龙 流派卡渲染（打法原则/道具行） ---
  [坚果哑铃] 坚果哑铃 #598 核心 ➕ 入队 🎯 设为核心 配招： 寄生种子 终极吸取 撒菱 替身 备选： 捕兽夹 强力鞭打 迁怒 特性： 坚不可摧 粗糙皮肤 道具： ⭐凸凸头盔 剩饭 备选 厚底靴 备选 性格： 淘气 / 慎重 / 大胆
  [坚果哑铃] 钻角犀兽 #112 补盲点：毒 31 分 多功能 ×3 ➕ 入队 🎯 设为核心 ↔ 补核心盲点：毒/恶/幽灵；替核心吸收：火；满足需求「补盲点：毒」：对 毒 有克制招 配招： 双刃头锤 真气拳 剑舞 岩石封锁 备选： 突飞猛扑 咬碎 铁壁 特性： 大地束缚 避雷针 道具： ⭐进化奇石 讲究围巾 备选 生命宝珠 备选 性格： 勇敢 / 固执
  [坚果哑铃] 壶壶 #213 除钉位（清场） 19 分 多功能 ×3 ➕ 入队 🎯 设为核心 ↔ 补核心盲点：毒/恶/幽灵；提供回复/续航；满足需求「除钉位（清场）」：除钉：高速旋转 配招： 剧毒 自我再生 隐形岩 岩石封锁 备选： 铁滚轮 怪力 强力鞭打 特性： 懦夫 我们滚吧 道具： ⭐厚底靴 凸凸头盔 备选 剩饭 备选 性格： 淘气 / 慎重 / 大胆
  [坚果哑铃] 多边兽2型 #233 控速位 25 分 多功能 ×2 ➕ 入队 🎯 设为核心 ↔ 补核心盲点：恶/幽灵；提供回复/续航；满足需求「控速位」：先制/控速招（电磁波） 配招： 波导弹 冰冻光束 诡计 电磁波 备选： 电磁炮 精神强念 自我再生 特性： 察觉 复制 道具： ⭐进化奇石 讲究围巾 备选 嘉珍果 备选 性格： 内敛 / 胆小 体检：需求覆盖 100%（已满足 9/9）· 队伍 4 只 · 停止原因 STOP_ALL_NEEDS_MET 告警：需求已清零 → 输出 4 只紧凑队伍（不再为凑满 6 只而加人） 🪨 奇石权衡否决 547 只（进化型凭道具/速度/力度反超 → 不推荐） 口径
  --- 坚果哑铃 流派卡渲染（打法原则/道具行） ---
  [霸王花] 霸王花 #45 核心 ➕ 入队 🎯 设为核心 配招： 花瓣舞 污泥波 寄生种子 替身 备选： 月亮之力 大地之力 终极吸取 特性： 毒吸收 孢子 道具： ⭐生命宝珠 讲究眼镜 备选 节拍器 备选 性格： 冷静 / 内敛
  [霸王花] 怪力 #68 补盲点：一般 29 分 多功能 ×3 ➕ 入队 🎯 设为核心 ↔ 补核心盲点：一般/钢/恶；提供回复/续航；满足需求「补盲点：一般」：对 一般 有克制招 配招： 彗星拳 真气拳 健美 替身 备选： 怪力 落石 吸取拳 特性： 毅力 铁拳之力 道具： ⭐生命宝珠 讲究头带 备选 节拍器 备选 性格： 勇敢 / 固执
  [霸王花] 阿尔宙斯-钢 #1657 物理联防位（物盾） 34 分 多功能 ×3 ➕ 入队 🎯 设为核心 ↔ 补核心盲点：一般/钢/恶；替核心吸收：冰/飞行/超能力；提供回复/续航；满足需求「物理联防位（物盾）」：物防 120 / 耐久 360（达物盾线） 配招： 寄生种子 自我再生 撒菱 电磁波 备选： 加农光炮 暗影潜袭 亚空裂斩 特性： 多重属性 多重属性 道具： ⭐凸凸头盔 厚底靴 备选 防焰果 备选 性格： 淘气 / 慎重 / 大胆
  [霸王花] 多边兽2型 #233 控速位 28 分 多功能 ×3 ➕ 入队 🎯 设为核心 ↔ 补核心盲点：钢/恶/岩石；提供回复/续航；满足需求「控速位」：先制/控速招（电磁波） 配招： 波导弹 冰冻光束 诡计 电磁波 备选： 电磁炮 精神强念 自我再生 特性： 察觉 复制 道具： ⭐进化奇石 讲究围巾 备选 嘉珍果 备选 性格： 内敛 / 胆小
  [霸王花] 洛奇亚 #249 特殊联防位（特盾） 30 分 多功能 ×3 ➕ 入队 🎯 设为核心 ↔ 补核心盲点：一般/钢/恶；替核心吸收：火/冰/超能力；提供回复/续航；满足需求「特殊联防位（特盾）」：特防 154 / 耐久 390（达特盾线） 配招： 剧毒 自我再生 顺风 替身 备选： 喷水 预知未来 流星群 特性： 暴风雨 奇迹皮肤 道具： ⭐凸凸头盔 厚底靴 备选 防电果 备选 性格： 淘气 / 慎重 / 大胆
  [霸王花] 大钢蛇 #208 钉位（铺场） 13 分 ➕ 入队 🎯 设为核心 ↔ 补核心盲点：一般/钢/恶；替核心吸收：飞行/超能力；满足需求「钉位（铺场）」：钉子：隐形岩 配招： 隐形岩 电磁波 替身 铁壁 备选： 铁尾 突飞猛扑 龙之俯冲 特性： 余震 坚不可摧 道具： ⭐凸凸头盔 厚底靴 备选 剩饭 备选 性格： 淘气 / 慎重 / 大胆 体检：需求覆盖 100%（已满足 13/13）· 队伍 6 只 · 停止原因 STOP_SIZE_LIMIT 🪨 奇石权衡否决 548 只（进化型凭道具/速度/力度反超 → 不推荐） 口径（v4.3.2 权衡模型）：A = 本形态+进化奇石（双防×1.5） v
  --- 霸王花 流派卡渲染（打法原则/道具行） ---
