== A. 使用率先验标注（渲染面：机制口径块 #ruleBoxCore） ==
  片段: 威胁库使用率先验（v4.5） ERDATA.usageMeta 威胁先验：gen3ou×1 + gen9nationaldex×0.5｜覆盖 751 只（2026-09）｜**原版使用率 ≠ ER 使用率**，仅弱先验（ER 无对战统计=已知缺口） 除钉 ID 勘误：229=高速旋转（清自身侧）/ 432=清除浓雾（清双方钉子、墙仅对手侧、降闪避
== B. 控速行（badge 需求标签）→ 成员 ⭐道具 ==
  [坚果哑铃] 需求「控速位」→ 多边兽2型#233 ⭐进化奇石
  [霸王花] 需求「控速位」→ 多边兽2型#233 ⭐进化奇石
  [大嘴鸥] 需求「控速位」→ 多边兽2型#233 ⭐进化奇石
  需求 badge 词频 Top12: 多功能 ×3×29 核心×9 29 分×7 补盲点：一般×6 30 分×5 31 分×5 特殊联防位（特盾）×5 物理联防位（物盾）×4 接棒位×3 多功能 ×2×3 13 分×3 26 分×3
== C. 同卡道具一致性：队伍行核心 ⭐ vs 流派卡 ⭐（各流派） ==
  妙蛙花: 队伍行核心 ⭐弱点保险｜「晴强化清场」⭐弱点保险 「晴增伤清场」⭐弱点保险
  护城龙: 队伍行核心 ⭐厚底靴｜「钉子强化清场」⭐讲究围巾 「钉子主力输出压制」⭐讲究围巾
  凤王: 队伍行核心 ⭐厚底靴｜「顺风强化清场」⭐厚底靴 「顺风主力输出压制」⭐弱点保险
  煤炭龟: 队伍行核心 ⭐进化奇石｜「晴强化清场」⭐进化奇石 「晴增伤清场」⭐进化奇石
  坚果哑铃: 队伍行核心 ⭐凸凸头盔｜「钉子强化清场」⭐讲究围巾 「钉子受队消耗」⭐厚底靴
  霸王花: 队伍行核心 ⭐生命宝珠｜「空间破盾」⭐厚底靴 「空间主力输出压制」⭐厚底靴
  大针蜂: 队伍行核心 ⭐生命宝珠｜「钉子主力输出压制」⭐生命宝珠 「钉子稳健联防消耗」⭐厚底靴
  雷电云: 队伍行核心 ⭐生命宝珠｜「强化主力输出压制」⭐生命宝珠 「强化稳健联防消耗」⭐厚底靴
  大嘴鸥: 队伍行核心 ⭐潮湿岩石｜「雨增伤清场」⭐潮湿岩石 「雨破盾」⭐潮湿岩石
== D. 盲点案例（霸王花/雷电云 全流派） ==
  霸王花 「空间破盾」side=双刀 roleTag=输出：花瓣舞(草) 剧毒暴冲(毒) 寄生种子(草) 替身(一般)
  霸王花 「空间主力输出压制」side=特殊 roleTag=输出：花瓣舞(草) 污泥波(毒) 寄生种子(草) 替身(一般)
    卡面盲点行: 盲点属性（4 招均 ≤0.5x）： 钢 特性免疫警示 对手带对应免疫特性时下列属性招无效——需多备打击面或用特性穿透（破格/兆级电压）：花瓣舞： 草 （食草） 选招依据：槽1 花瓣舞 威力120
  雷电云 「强化主力输出压制」side=特殊 roleTag=输出：暴风(飞行) 闪电猛冲(电) 诡计(恶) 伏特替换(电)
  雷电云 「强化稳健联防消耗」side=特殊 roleTag=肉盾：羽栖(飞行) 电磁波(电) 替身(一般) 伏特替换(电)
    卡面盲点行: (无)
  凤王 「顺风强化清场」side=物理 roleTag=强化：Ｖ热焰(火) 星星碰撞(妖精) 自我再生(一般) 岩石封锁(岩石)
  凤王 「顺风主力输出压制」side=物理 roleTag=输出：Ｖ热焰(火) 星星碰撞(妖精) 岩石封锁(岩石) 替身(一般)
    卡面盲点行: (无)
== E. 汇总 ==
total=11 PASS=8 FAIL=3
  FAIL B-控速协同 | 控速行 3 例，⭐围巾/嘉珍果/先制之爪 = 0｜明细 多边兽2型→进化奇石 / 多边兽2型→进化奇石 / 多边兽2型→进化奇石
  FAIL C-护城龙-武器一致 | 队伍行核心 ⭐厚底靴｜流派卡 「钉子强化清场」⭐讲究围巾 「钉子主力输出压制」⭐讲究围巾  ← 流派含锁招道具
  FAIL C-坚果哑铃-武器一致 | 队伍行核心 ⭐凸凸头盔｜流派卡 「钉子强化清场」⭐讲究围巾 「钉子受队消耗」⭐厚底靴  ← 流派含锁招道具
