== A. 原则层并入结构（配招/流派/先验） ==
  usagePriorOf = function
  mvWhyStd = function
  mvPrinSet = function
  mvKindOf = function
  USAGE_PRIOR_W = number
  ERDATA.usagePrior 条目=751 样例#248=1 #530=0.0308 #411=0.0016
  usageMeta={"month":"2026-09","rating":0,"srcs":[{"file":"2026-09-gen3ou-0.json","format":"gen3ou","weight":1,"species":213},{"file":"2026-09-gen9nationaldex-0.json","format":"gen9nationaldex","weight":0.5,"species":738}],"coverage":751,"note":"原版（Smogon/PS）使用率 ≠ ER 使用率；
  USAGE_PRIOR_W=0.6 | PLAY_WHY 键=speed,boost,tr,stall,pivot,wx,imm,mix,main,def | PLAY_KIND={"speed":"attack","boost":"boost","tr":"attack","stall":"wear","pivot":"pivot","wx":"weather","imm":"protect","mix":"cover","main":"attack","def":"rec"}
  源码注释「原版（PS OU/ND）使用率 ≠ ER 使用率」出现=1；渲染面文案出现=
== B. 卡面一体化（9 核心） ==
  妙蛙花#3: 打法原则行=0(流派2)｜why含原则=16｜chip(title含克制)=77(含原则77)｜原版≠ER 标注=0｜4槽行=2｜选招依据=2｜禁用词=0
     ⚠ 原则行数与流派数不等
     流派名: 晴强化清场 / 晴增伤清场
  护城龙#411: 打法原则行=0(流派2)｜why含原则=16｜chip(title含克制)=63(含原则63)｜原版≠ER 标注=0｜4槽行=2｜选招依据=2｜禁用词=0
     ⚠ 原则行数与流派数不等
     流派名: 钉子强化清场 / 钉子主力输出压制
  凤王#250: 打法原则行=0(流派2)｜why含原则=16｜chip(title含克制)=63(含原则63)｜原版≠ER 标注=0｜4槽行=2｜选招依据=2｜禁用词=0
     ⚠ 原则行数与流派数不等
     流派名: 顺风强化清场 / 顺风主力输出压制
  煤炭龟#324: 打法原则行=0(流派2)｜why含原则=16｜chip(title含克制)=63(含原则63)｜原版≠ER 标注=0｜4槽行=2｜选招依据=2｜禁用词=0
     ⚠ 原则行数与流派数不等
     流派名: 晴强化清场 / 晴增伤清场
  坚果哑铃#598: 打法原则行=0(流派2)｜why含原则=16｜chip(title含克制)=49(含原则49)｜原版≠ER 标注=0｜4槽行=2｜选招依据=2｜禁用词=0
     ⚠ 原则行数与流派数不等
     流派名: 钉子强化清场 / 钉子受队消耗
  霸王花#45: 打法原则行=0(流派2)｜why含原则=16｜chip(title含克制)=77(含原则77)｜原版≠ER 标注=0｜4槽行=2｜选招依据=2｜禁用词=0
     ⚠ 原则行数与流派数不等
     流派名: 空间破盾 / 空间主力输出压制
  大针蜂#15: 打法原则行=0(流派2)｜why含原则=16｜chip(title含克制)=63(含原则63)｜原版≠ER 标注=0｜4槽行=2｜选招依据=2｜禁用词=0
     ⚠ 原则行数与流派数不等
     流派名: 钉子主力输出压制 / 钉子稳健联防消耗
  雷电云#642: 打法原则行=0(流派2)｜why含原则=16｜chip(title含克制)=63(含原则63)｜原版≠ER 标注=0｜4槽行=2｜选招依据=2｜禁用词=0
     ⚠ 原则行数与流派数不等
     流派名: 强化主力输出压制 / 强化稳健联防消耗
  大嘴鸥#279: 打法原则行=0(流派2)｜why含原则=16｜chip(title含克制)=63(含原则63)｜原版≠ER 标注=0｜4槽行=2｜选招依据=2｜禁用词=0
     ⚠ 原则行数与流派数不等
     流派名: 雨增伤清场 / 雨破盾
== C. 对位抽检（配招/流派维度）—— 9 核心 ==
  妙蛙花 流派1「晴强化清场」side=特殊 roleTag=强化｜⭐道具=弱点保险
     4 槽: 日光束[本系·攻击] 污泥炸弹[本系·攻击] 生长[强化] 终极吸取[回复]
     R3强化 PASS 强化招=生长｜回复招=终极吸取
     流派 why: 克制 站场强化后一次清场（对位=逼换空档）；代价 强化回合先被打，需耐久/掩护｜原则 P1/P4（职责 强化：tech 主导，权重 1.19）
     先制招=无｜备选流派=晴增伤清场
  护城龙 流派1「钉子强化清场」side=物理 roleTag=强化｜⭐道具=讲究围巾
     4 槽: 铁头[本系·攻击] 双刃头锤[本系·攻击] 铁壁[强化] 电磁波[控速]
     R1盾 PASS 回复招=无｜tag=本系·攻击/本系·攻击/强化/控速
     流派 why: 克制 站场强化后一次清场（对位=逼换空档）；代价 强化回合先被打，需耐久/掩护｜原则 P1/P4（职责 强化：tech 主导，权重 1.19）
     先制招=无｜备选流派=钉子主力输出压制
  凤王 流派1「顺风强化清场」side=物理 roleTag=强化｜⭐道具=厚底靴
     4 槽: Ｖ热焰[本系·攻击] 星星碰撞[本系·攻击] 自我再生[回复] 岩石封锁[控速]
     R3强化 FAIL 强化招=无｜回复招=自我再生
     流派 why: 克制 站场强化后一次清场（对位=逼换空档）；代价 强化回合先被打，需耐久/掩护｜原则 P1/P4（职责 强化：tech 主导，权重 1.19）
     先制招=无｜备选流派=顺风主力输出压制
  煤炭龟 流派1「晴强化清场」side=双刀 roleTag=强化｜⭐道具=进化奇石
     4 槽: 喷火[本系·攻击] 铁滚轮[攻击] 破壳[强化] 大晴天[天气]
     R4天气 PASS 天气来源=|招:大晴天｜特性=登山者/迟钝/坚不可摧
     流派 why: 克制 站场强化后一次清场（对位=逼换空档）；代价 强化回合先被打，需耐久/掩护｜原则 P1/P4（职责 强化：tech 主导，权重 1.19）
     先制招=无｜备选流派=晴增伤清场
  坚果哑铃 流派1「钉子强化清场」side=物理 roleTag=强化｜⭐道具=讲究围巾
     4 槽: 捕兽夹[本系·攻击] 强力鞭打[本系·攻击] 剑舞[强化] 终极吸取[回复]
     R1盾 PASS 回复招=终极吸取｜tag=本系·攻击/本系·攻击/强化/回复
     流派 why: 克制 站场强化后一次清场（对位=逼换空档）；代价 强化回合先被打，需耐久/掩护｜原则 P1/P4（职责 强化：tech 主导，权重 1.19）
     先制招=无｜备选流派=钉子受队消耗
  霸王花 流派1「空间破盾」side=双刀 roleTag=输出｜⭐道具=厚底靴
     4 槽: 花瓣舞[本系·攻击] 剧毒暴冲[本系·攻击] 寄生种子[消耗] 替身[保命]
     R2攻手 FAIL 非本系攻击招(补盲)=无｜本系=草/毒
     流派 why: 克制 双刀破盾（双侧本系达标，打穿单侧盾）；代价 努力值分散，单项力度不及专精｜原则 P1（职责 输出：burst 主导，权重 1.07）
     先制招=无｜备选流派=空间主力输出压制
  大针蜂 流派1「钉子主力输出压制」side=物理 roleTag=输出｜⭐道具=生命宝珠
     4 槽: 居合劈[攻击] 愤怒[攻击] 剑舞[强化] 急速折返[游击]
     R2攻手 PASS 非本系攻击招(补盲)=居合劈(钢),愤怒(格斗)｜本系=虫/毒
     流派 why: 克制 本系最高威力主武器压制；代价 单一输出轴，遇本系盲点需队友补｜原则 P1（职责 输出：burst 主导，权重 1.12）
     先制招=无｜备选流派=钉子稳健联防消耗
  雷电云 流派1「强化主力输出压制」side=特殊 roleTag=输出｜⭐道具=生命宝珠
     4 槽: 暴风[本系·攻击] 闪电猛冲[本系·攻击] 诡计[强化] 伏特替换[游击]
     R2攻手 FAIL 非本系攻击招(补盲)=无｜本系=电/飞行
     流派 why: 克制 本系最高威力主武器压制；代价 单一输出轴，遇本系盲点需队友补｜原则 P1（职责 输出：burst 主导，权重 1.12）
     先制招=无｜备选流派=强化稳健联防消耗
  大嘴鸥 流派1「雨增伤清场」side=特殊 roleTag=输出｜⭐道具=潮湿岩石
     4 槽: 水炮[本系·攻击] 打嗝[攻击] 顺风[控速] 求雨[天气]
     R4天气 PASS 天气来源=特性:降雨|招:求雨｜特性=降雨/寻回犬/吹气筒
     流派 why: 克制 体系窗口内增伤清场（×1.5，窗口 8 回合）；代价 窗口外收益回到基线｜原则 P4/P5（职责 输出：tech 主导，权重 0.72）
     先制招=无｜备选流派=雨破盾
== D. 控速位（跨卡扫描：需求行「控速」→ 成员 ⭐道具 + 其先制招） ==
  [护城龙] 超级拉帝亚斯#1539 ⭐凸凸头盔｜先制招=无先制
  [凤王] 拳海参#771 ⭐讲究围巾｜先制招=无先制
  [坚果哑铃] 多边兽2型#233 ⭐进化奇石｜先制招=无先制
  [霸王花] 多边兽2型#233 ⭐进化奇石｜先制招=无先制
  [霸王花] 大钢蛇#208 ⭐凸凸头盔｜先制招=无先制
  [大针蜂] 凤王#250 ⭐厚底靴｜先制招=无先制
  [雷电云] 大钢蛇#208 ⭐凸凸头盔｜先制招=无先制
  [大嘴鸥] 多边兽2型#233 ⭐进化奇石｜先制招=无先制
  [大嘴鸥] 阿尔宙斯-格斗#1650 ⭐凸凸头盔｜先制招=无先制
== E. 汇总 ==
total=64 PASS=51 FAIL=13
  FAIL B-妙蛙花-流派原则行 | 打法原则行=0 流派数=2（晴强化清场/晴增伤清场）
  FAIL B-护城龙-流派原则行 | 打法原则行=0 流派数=2（钉子强化清场/钉子主力输出压制）
  FAIL B-凤王-流派原则行 | 打法原则行=0 流派数=2（顺风强化清场/顺风主力输出压制）
  FAIL B-煤炭龟-流派原则行 | 打法原则行=0 流派数=2（晴强化清场/晴增伤清场）
  FAIL B-坚果哑铃-流派原则行 | 打法原则行=0 流派数=2（钉子强化清场/钉子受队消耗）
  FAIL B-霸王花-流派原则行 | 打法原则行=0 流派数=2（空间破盾/空间主力输出压制）
  FAIL B-大针蜂-流派原则行 | 打法原则行=0 流派数=2（钉子主力输出压制/钉子稳健联防消耗）
  FAIL B-雷电云-流派原则行 | 打法原则行=0 流派数=2（强化主力输出压制/强化稳健联防消耗）
  FAIL B-大嘴鸥-流派原则行 | 打法原则行=0 流派数=2（雨增伤清场/雨破盾）
  FAIL C-凤王-R3强化 | 强化招=无｜回复招=自我再生
  FAIL C-霸王花-R2攻手 | 非本系攻击招(补盲)=无｜本系=草/毒
  FAIL C-雷电云-R2攻手 | 非本系攻击招(补盲)=无｜本系=电/飞行
  FAIL D-控速协同 | 控速位 9 例，围巾/嘉珍果/先制之爪 或 自带先制招 = 1
