### 妙蛙花  rawLen=422398  「道具：」出现 13 次　「盲点属性」6 次　「细节 details.big」2 张
  [道具0] … style="font-size:11px;color:var(--sub)"> +防御-攻击</span> <b>道具：</b><b class="abi" style="border-color:var(--ok)" onclick="gotoItem(&quot;弱点保险&quot;)" title="主推">⭐弱点保险</b><span style="font-size:11px;color:var(--sub)"> 克制 一件道具兼顾 2 项职责；代价 需要先被打到弱点，被动｜原则 P1/P2</sp
  [道具1] … style="font-size:11px;color:var(--sub)"> +速度-攻击</span> <b>道具：</b><b class="abi" style="border-color:var(--ok)" onclick="gotoItem(&quot;弱点保险&quot;)" title="主推">⭐弱点保险</b><span style="font-size:11px;color:var(--sub)"> 克制 一件道具兼顾 2 项职责；代价 需要先被打到弱点，被动｜原则 P1/P2</sp
  [道具2] …otoAbi(&quot;青草制造者&quot;)" title="负责青草场地体系">青草制造者</span> <b>道具：</b><b class="abi" style="border-color:var(--ok)" onclick="event.stopPropagation();gotoItem(&quot;炽热岩石&quot;)" title="主推：克制 延长自身开出的窗口（特性池 n 选 1：换特性也不失协同）；一件道具兼顾 2 项职责；晴天气窗口延长至 12 回合（8→12，考古实证）；按队伍体
  [道具3] …tion();gotoAbi(&quot;恐惧散布者&quot;)" title="">恐惧散布者</span> <b>道具：</b><b class="abi" style="border-color:var(--ok)" onclick="event.stopPropagation();gotoItem(&quot;弱点保险&quot;)" title="主推：克制 一件道具兼顾 2 项职责；代价 需要先被打到弱点，被动｜原则 P1/P2">⭐弱点保险</b> <span class="abi" style="
  [道具4] …gation();gotoAbi(&quot;魔法防守&quot;)" title="">魔法防守</span> <b>道具：</b><b class="abi" style="border-color:var(--ok)" onclick="event.stopPropagation();gotoItem(&quot;厚底靴&quot;)" title="主推：克制 一件道具兼顾 2 项职责；代价 占道具位但不增加输出｜原则 P2">⭐厚底靴</b> <span class="abi" style="opacit
  [道具5] …gation();gotoAbi(&quot;神秘力量&quot;)" title="">神秘力量</span> <b>道具：</b><b class="abi" style="border-color:var(--ok)" onclick="event.stopPropagation();gotoItem(&quot;弱点保险&quot;)" title="主推：克制 一件道具兼顾 2 项职责；代价 需要先被打到弱点，被动｜原则 P1/P2">⭐弱点保险</b> <span class="abi" style="
  [道具6] …gation();gotoAbi(&quot;奇迹皮肤&quot;)" title="">奇迹皮肤</span> <b>道具：</b><b class="abi" style="border-color:var(--ok)" onclick="event.stopPropagation();gotoItem(&quot;凸凸头盔&quot;)" title="主推：克制 物攻手碰瓷（1/6 反伤）；代价 需要被物攻手碰到｜原则 P3">⭐凸凸头盔</b> <span class="abi" style="opaci
  [道具7] …pagation();gotoAbi(&quot;叶绿体&quot;)" title="">叶绿体</span> <b>道具：</b><b class="abi" style="border-color:var(--ok)" onclick="event.stopPropagation();gotoItem(&quot;弱点保险&quot;)" title="主推：克制 一件道具兼顾 2 项职责；代价 需要先被打到弱点，被动｜原则 P1/P2">⭐弱点保险</b> <span class="abi" style="
  [道具8] …otoAbi(&quot;青草制造者&quot;)" title="负责青草场地体系">青草制造者</span> <b>道具：</b><b class="abi" style="border-color:var(--ok)" onclick="event.stopPropagation();gotoItem(&quot;炽热岩石&quot;)" title="主推：克制 延长自身开出的窗口（特性池 n 选 1：换特性也不失协同）；一件道具兼顾 2 项职责；晴天气窗口延长至 12 回合（8→12，考古实证）；按队伍体
  [道具9] …tion();gotoAbi(&quot;恐惧散布者&quot;)" title="">恐惧散布者</span> <b>道具：</b><b class="abi" style="border-color:var(--ok)" onclick="event.stopPropagation();gotoItem(&quot;弱点保险&quot;)" title="主推：克制 一件道具兼顾 2 项职责；代价 需要先被打到弱点，被动｜原则 P1/P2">⭐弱点保险</b> <span class="abi" style="
  [道具10] …gation();gotoAbi(&quot;魔法防守&quot;)" title="">魔法防守</span> <b>道具：</b><b class="abi" style="border-color:var(--ok)" onclick="event.stopPropagation();gotoItem(&quot;厚底靴&quot;)" title="主推：克制 一件道具兼顾 2 项职责；代价 占道具位但不增加输出｜原则 P2">⭐厚底靴</b> <span class="abi" style="opacit
  [道具11] …gation();gotoAbi(&quot;神秘力量&quot;)" title="">神秘力量</span> <b>道具：</b><b class="abi" style="border-color:var(--ok)" onclick="event.stopPropagation();gotoItem(&quot;弱点保险&quot;)" title="主推：克制 一件道具兼顾 2 项职责；代价 需要先被打到弱点，被动｜原则 P1/P2">⭐弱点保险</b> <span class="abi" style="
  [盲点0] …n-top:4px;font-size:12px"><span style="color:var(--warn)">⚠ 盲点属性（4 招均 ≤0.5x）：<span class="t t-钢">钢</span></span></div><d
  [盲点1] …n-top:4px;font-size:12px"><span style="color:var(--warn)">⚠ 盲点属性（4 招均 ≤0.5x）：<span class="t t-钢">钢</span></span></div><d
  [盲点2] … style="font-size:11px;color:var(--sub);margin:2px 0">职责：对核心盲点属性的答案（克制招或抵抗承伤） | 为什么需要：核心对「一般」缺少高效手段（盲点）</div><div class=
  [盲点3] … style="font-size:11px;color:var(--sub);margin:2px 0">职责：对核心盲点属性的答案（克制招或抵抗承伤） | 为什么需要：核心对「钢」缺少高效手段（盲点） | 由「向日花怪」顺带满足（多功能
  [盲点4] … style="font-size:11px;color:var(--sub);margin:2px 0">职责：对核心盲点属性的答案（克制招或抵抗承伤） | 为什么需要：核心对「恶」缺少高效手段（盲点） | 由「烈空坐」顺带满足（多功能 
  [盲点5] … style="font-size:11px;color:var(--sub);margin:2px 0">职责：对核心盲点属性的答案（克制招或抵抗承伤） | 为什么需要：核心对「岩石」缺少高效手段（盲点） | 由「向日花怪」顺带满足（多功
### 护城龙  rawLen=406801  「道具：」出现 11 次　「盲点属性」4 次　「细节 details.big」2 张
  [道具0] … style="font-size:11px;color:var(--sub)"> +防御-攻击</span> <b>道具：</b><b class="abi" style="border-color:var(--ok)" onclick="gotoItem(&quot;讲究围巾&quot;)" title="主推">⭐讲究围巾</b><span style="font-size:11px;color:var(--sub)"> 克制 一件道具兼顾 2 项职责；代价 锁招，不能变招｜原则 P1/P2</span> 
  [道具1] … style="font-size:11px;color:var(--sub)"> +攻击-特攻</span> <b>道具：</b><b class="abi" style="border-color:var(--ok)" onclick="gotoItem(&quot;讲究围巾&quot;)" title="主推">⭐讲究围巾</b><span style="font-size:11px;color:var(--sub)"> 克制 一件道具兼顾 2 项职责；代价 锁招，不能变招｜原则 P1/P2</span> 
  [道具2] …ation();gotoAbi(&quot;避雷针&quot;)" title="免疫电">避雷针</span> <b>道具：</b><b class="abi" style="border-color:var(--ok)" onclick="event.stopPropagation();gotoItem(&quot;进化奇石&quot;)" title="主推：克制 综合权衡通过：有效耐久（HP×双防）在奇石加成后超过同族终态——奇石加成后耐久（双防×1.5）352.5（对终态裸耐久比值 1.18，含道具有效耐
  [道具3] …gation();gotoAbi(&quot;奇迹皮肤&quot;)" title="">奇迹皮肤</span> <b>道具：</b><b class="abi" style="border-color:var(--ok)" onclick="event.stopPropagation();gotoItem(&quot;凸凸头盔&quot;)" title="主推：克制 物攻手碰瓷（1/6 反伤）；代价 需要被物攻手碰到｜原则 P3">⭐凸凸头盔</b> <span class="abi" style="opaci
  [道具4] …ropagation();gotoAbi(&quot;远隔&quot;)" title="">远隔</span> <b>道具：</b><b class="abi" style="border-color:var(--ok)" onclick="event.stopPropagation();gotoItem(&quot;生命宝珠&quot;)" title="主推：克制 主武器：该职责的最大力度来源；代价 每回合自伤 1/10，不适合站场消耗｜原则 P1/P1">⭐生命宝珠</b> <span class="abi
  [道具5] …ropagation();gotoAbi(&quot;镜甲&quot;)" title="">镜甲</span> <b>道具：</b><b class="abi" style="border-color:var(--ok)" onclick="event.stopPropagation();gotoItem(&quot;凸凸头盔&quot;)" title="主推：克制 物攻手碰瓷（1/6 反伤）；代价 需要被物攻手碰到｜原则 P3">⭐凸凸头盔</b> <span class="abi" style="opaci
  [道具6] …pagation();gotoAbi(&quot;持久力&quot;)" title="">持久力</span> <b>道具：</b><b class="abi" style="border-color:var(--ok)" onclick="event.stopPropagation();gotoItem(&quot;厚底靴&quot;)" title="主推：克制 一件道具兼顾 2 项职责；代价 占道具位但不增加输出｜原则 P2">⭐厚底靴</b> <span class="abi" style="opacit
  [道具7] …ation();gotoAbi(&quot;避雷针&quot;)" title="免疫电">避雷针</span> <b>道具：</b><b class="abi" style="border-color:var(--ok)" onclick="event.stopPropagation();gotoItem(&quot;进化奇石&quot;)" title="主推：克制 综合权衡通过：有效耐久（HP×双防）在奇石加成后超过同族终态——奇石加成后耐久（双防×1.5）352.5（对终态裸耐久比值 1.18，含道具有效耐
  [道具8] …gation();gotoAbi(&quot;奇迹皮肤&quot;)" title="">奇迹皮肤</span> <b>道具：</b><b class="abi" style="border-color:var(--ok)" onclick="event.stopPropagation();gotoItem(&quot;凸凸头盔&quot;)" title="主推：克制 物攻手碰瓷（1/6 反伤）；代价 需要被物攻手碰到｜原则 P3">⭐凸凸头盔</b> <span class="abi" style="opaci
  [道具9] …ropagation();gotoAbi(&quot;远隔&quot;)" title="">远隔</span> <b>道具：</b><b class="abi" style="border-color:var(--ok)" onclick="event.stopPropagation();gotoItem(&quot;生命宝珠&quot;)" title="主推：克制 主武器：该职责的最大力度来源；代价 每回合自伤 1/10，不适合站场消耗｜原则 P1/P1">⭐生命宝珠</b> <span class="abi
  [道具10] …ropagation();gotoAbi(&quot;镜甲&quot;)" title="">镜甲</span> <b>道具：</b><b class="abi" style="border-color:var(--ok)" onclick="event.stopPropagation();gotoItem(&quot;凸凸头盔&quot;)" title="主推：克制 物攻手碰瓷（1/6 反伤）；代价 需要被物攻手碰到｜原则 P3">⭐凸凸头盔</b> <span class="abi" style="opaci
  [盲点0] … style="font-size:11px;color:var(--sub);margin:2px 0">职责：对核心盲点属性的答案（克制招或抵抗承伤） | 为什么需要：核心对「毒」缺少高效手段（盲点）</div><div class="
  [盲点1] … style="font-size:11px;color:var(--sub);margin:2px 0">职责：对核心盲点属性的答案（克制招或抵抗承伤） | 为什么需要：核心对「电」缺少高效手段（盲点） | 由「钻角犀兽」顺带满足（多功能
  [盲点2] … style="font-size:11px;color:var(--sub);margin:2px 0">职责：对核心盲点属性的答案（克制招或抵抗承伤） | 为什么需要：核心对「恶」缺少高效手段（盲点） | 由「钻角犀兽」顺带满足（多功能
  [盲点3] … style="font-size:11px;color:var(--sub);margin:2px 0">职责：对核心盲点属性的答案（克制招或抵抗承伤） | 为什么需要：核心对「幽灵」缺少高效手段（盲点）</div><div class=
### 坚果哑铃  rawLen=381326  「道具：」出现 9 次　「盲点属性」4 次　「细节 details.big」2 张
  [道具0] … style="font-size:11px;color:var(--sub)"> +防御-攻击</span> <b>道具：</b><b class="abi" style="border-color:var(--ok)" onclick="gotoItem(&quot;讲究围巾&quot;)" title="主推">⭐讲究围巾</b><span style="font-size:11px;color:var(--sub)"> 克制 一件道具兼顾 2 项职责；代价 锁招，不能变招｜原则 P1/P2</span> 
  [道具1] … style="font-size:11px;color:var(--sub)"> +防御-攻击</span> <b>道具：</b><b class="abi" style="border-color:var(--ok)" onclick="gotoItem(&quot;厚底靴&quot;)" title="主推">⭐厚底靴</b><span style="font-size:11px;color:var(--sub)"> 克制 一件道具兼顾 2 项职责；代价 占道具位但不增加输出｜原则 P2</span> <s
  [道具2] …ation();gotoAbi(&quot;避雷针&quot;)" title="免疫电">避雷针</span> <b>道具：</b><b class="abi" style="border-color:var(--ok)" onclick="event.stopPropagation();gotoItem(&quot;进化奇石&quot;)" title="主推：克制 综合权衡通过：有效耐久（HP×双防）在奇石加成后超过同族终态——奇石加成后耐久（双防×1.5）352.5（对终态裸耐久比值 1.18，含道具有效耐
  [道具3] …gation();gotoAbi(&quot;我们滚吧&quot;)" title="">我们滚吧</span> <b>道具：</b><b class="abi" style="border-color:var(--ok)" onclick="event.stopPropagation();gotoItem(&quot;厚底靴&quot;)" title="主推：克制 一件道具兼顾 2 项职责；钉子环境：入场不掉血；代价 占道具位但不增加输出｜原则 P2/P4">⭐厚底靴</b> <span class="abi"
  [道具4] …ropagation();gotoAbi(&quot;复制&quot;)" title="">复制</span> <b>道具：</b><b class="abi" style="border-color:var(--ok)" onclick="event.stopPropagation();gotoItem(&quot;进化奇石&quot;)" title="主推：克制 综合权衡通过：有效耐久（HP×双防）在奇石加成后超过同族终态——奇石加成后耐久（双防×1.5）362.5（对终态裸耐久比值 1.58，含道具有效耐
  [道具5] …gation();gotoAbi(&quot;粗糙皮肤&quot;)" title="">粗糙皮肤</span> <b>道具：</b><b class="abi" style="border-color:var(--ok)" onclick="event.stopPropagation();gotoItem(&quot;凸凸头盔&quot;)" title="主推：克制 物攻手碰瓷（1/6 反伤）；代价 需要被物攻手碰到｜原则 P3">⭐凸凸头盔</b> <span class="abi" style="opaci
  [道具6] …ation();gotoAbi(&quot;避雷针&quot;)" title="免疫电">避雷针</span> <b>道具：</b><b class="abi" style="border-color:var(--ok)" onclick="event.stopPropagation();gotoItem(&quot;进化奇石&quot;)" title="主推：克制 综合权衡通过：有效耐久（HP×双防）在奇石加成后超过同族终态——奇石加成后耐久（双防×1.5）352.5（对终态裸耐久比值 1.18，含道具有效耐
  [道具7] …gation();gotoAbi(&quot;我们滚吧&quot;)" title="">我们滚吧</span> <b>道具：</b><b class="abi" style="border-color:var(--ok)" onclick="event.stopPropagation();gotoItem(&quot;厚底靴&quot;)" title="主推：克制 一件道具兼顾 2 项职责；钉子环境：入场不掉血；代价 占道具位但不增加输出｜原则 P2/P4">⭐厚底靴</b> <span class="abi"
  [道具8] …ropagation();gotoAbi(&quot;复制&quot;)" title="">复制</span> <b>道具：</b><b class="abi" style="border-color:var(--ok)" onclick="event.stopPropagation();gotoItem(&quot;进化奇石&quot;)" title="主推：克制 综合权衡通过：有效耐久（HP×双防）在奇石加成后超过同族终态——奇石加成后耐久（双防×1.5）362.5（对终态裸耐久比值 1.58，含道具有效耐
  [盲点0] …n-top:4px;font-size:12px"><span style="color:var(--warn)">⚠ 盲点属性（4 招均 ≤0.5x）：<span class="t t-钢">钢</span></span></div><d
  [盲点1] … style="font-size:11px;color:var(--sub);margin:2px 0">职责：对核心盲点属性的答案（克制招或抵抗承伤） | 为什么需要：核心对「毒」缺少高效手段（盲点）</div><div class="
  [盲点2] … style="font-size:11px;color:var(--sub);margin:2px 0">职责：对核心盲点属性的答案（克制招或抵抗承伤） | 为什么需要：核心对「恶」缺少高效手段（盲点） | 由「钻角犀兽」顺带满足（多功能
  [盲点3] … style="font-size:11px;color:var(--sub);margin:2px 0">职责：对核心盲点属性的答案（克制招或抵抗承伤） | 为什么需要：核心对「幽灵」缺少高效手段（盲点） | 由「钻角犀兽」顺带满足（多功
### 霸王花  rawLen=394577  「道具：」出现 13 次　「盲点属性」6 次　「细节 details.big」2 张
  [道具0] … style="font-size:11px;color:var(--sub)"> +特攻-攻击</span> <b>道具：</b><b class="abi" style="border-color:var(--ok)" onclick="gotoItem(&quot;厚底靴&quot;)" title="主推">⭐厚底靴</b><span style="font-size:11px;color:var(--sub)"> 克制 一件道具兼顾 2 项职责；代价 占道具位但不增加输出｜原则 P2</span> <s
  [道具1] … style="font-size:11px;color:var(--sub)"> +特攻-攻击</span> <b>道具：</b><b class="abi" style="border-color:var(--ok)" onclick="gotoItem(&quot;厚底靴&quot;)" title="主推">⭐厚底靴</b><span style="font-size:11px;color:var(--sub)"> 克制 一件道具兼顾 2 项职责；代价 占道具位但不增加输出｜原则 P2</span> <s
  [道具2] …gation();gotoAbi(&quot;铁拳之力&quot;)" title="">铁拳之力</span> <b>道具：</b><b class="abi" style="border-color:var(--ok)" onclick="event.stopPropagation();gotoItem(&quot;生命宝珠&quot;)" title="主推：克制 主武器：该职责的最大力度来源；代价 每回合自伤 1/10，不适合站场消耗｜原则 P1/P1">⭐生命宝珠</b> <span class="abi
  [道具3] …gation();gotoAbi(&quot;多重属性&quot;)" title="">多重属性</span> <b>道具：</b><b class="abi" style="border-color:var(--ok)" onclick="event.stopPropagation();gotoItem(&quot;凸凸头盔&quot;)" title="主推：克制 物攻手碰瓷（1/6 反伤）；代价 需要被物攻手碰到｜原则 P3">⭐凸凸头盔</b> <span class="abi" style="opaci
  [道具4] …ropagation();gotoAbi(&quot;复制&quot;)" title="">复制</span> <b>道具：</b><b class="abi" style="border-color:var(--ok)" onclick="event.stopPropagation();gotoItem(&quot;进化奇石&quot;)" title="主推：克制 综合权衡通过：有效耐久（HP×双防）在奇石加成后超过同族终态——奇石加成后耐久（双防×1.5）362.5（对终态裸耐久比值 1.58，含道具有效耐
  [道具5] …gation();gotoAbi(&quot;奇迹皮肤&quot;)" title="">奇迹皮肤</span> <b>道具：</b><b class="abi" style="border-color:var(--ok)" onclick="event.stopPropagation();gotoItem(&quot;凸凸头盔&quot;)" title="主推：克制 物攻手碰瓷（1/6 反伤）；代价 需要被物攻手碰到｜原则 P3">⭐凸凸头盔</b> <span class="abi" style="opaci
  [道具6] …gation();gotoAbi(&quot;坚不可摧&quot;)" title="">坚不可摧</span> <b>道具：</b><b class="abi" style="border-color:var(--ok)" onclick="event.stopPropagation();gotoItem(&quot;凸凸头盔&quot;)" title="主推：克制 物攻手碰瓷（1/6 反伤）；代价 需要被物攻手碰到｜原则 P3">⭐凸凸头盔</b> <span class="abi" style="opaci
  [道具7] …ropagation();gotoAbi(&quot;孢子&quot;)" title="">孢子</span> <b>道具：</b><b class="abi" style="border-color:var(--ok)" onclick="event.stopPropagation();gotoItem(&quot;生命宝珠&quot;)" title="主推：克制 主武器：该职责的最大力度来源；代价 每回合自伤 1/10，不适合站场消耗｜原则 P1/P1">⭐生命宝珠</b> <span class="abi
  [道具8] …gation();gotoAbi(&quot;铁拳之力&quot;)" title="">铁拳之力</span> <b>道具：</b><b class="abi" style="border-color:var(--ok)" onclick="event.stopPropagation();gotoItem(&quot;生命宝珠&quot;)" title="主推：克制 主武器：该职责的最大力度来源；代价 每回合自伤 1/10，不适合站场消耗｜原则 P1/P1">⭐生命宝珠</b> <span class="abi
  [道具9] …gation();gotoAbi(&quot;多重属性&quot;)" title="">多重属性</span> <b>道具：</b><b class="abi" style="border-color:var(--ok)" onclick="event.stopPropagation();gotoItem(&quot;凸凸头盔&quot;)" title="主推：克制 物攻手碰瓷（1/6 反伤）；代价 需要被物攻手碰到｜原则 P3">⭐凸凸头盔</b> <span class="abi" style="opaci
  [道具10] …ropagation();gotoAbi(&quot;复制&quot;)" title="">复制</span> <b>道具：</b><b class="abi" style="border-color:var(--ok)" onclick="event.stopPropagation();gotoItem(&quot;进化奇石&quot;)" title="主推：克制 综合权衡通过：有效耐久（HP×双防）在奇石加成后超过同族终态——奇石加成后耐久（双防×1.5）362.5（对终态裸耐久比值 1.58，含道具有效耐
  [道具11] …gation();gotoAbi(&quot;奇迹皮肤&quot;)" title="">奇迹皮肤</span> <b>道具：</b><b class="abi" style="border-color:var(--ok)" onclick="event.stopPropagation();gotoItem(&quot;凸凸头盔&quot;)" title="主推：克制 物攻手碰瓷（1/6 反伤）；代价 需要被物攻手碰到｜原则 P3">⭐凸凸头盔</b> <span class="abi" style="opaci
  [盲点0] …n-top:4px;font-size:12px"><span style="color:var(--warn)">⚠ 盲点属性（4 招均 ≤0.5x）：<span class="t t-钢">钢</span></span></div><d
  [盲点1] …n-top:4px;font-size:12px"><span style="color:var(--warn)">⚠ 盲点属性（4 招均 ≤0.5x）：<span class="t t-钢">钢</span></span></div><d
  [盲点2] … style="font-size:11px;color:var(--sub);margin:2px 0">职责：对核心盲点属性的答案（克制招或抵抗承伤） | 为什么需要：核心对「一般」缺少高效手段（盲点）</div><div class=
  [盲点3] … style="font-size:11px;color:var(--sub);margin:2px 0">职责：对核心盲点属性的答案（克制招或抵抗承伤） | 为什么需要：核心对「钢」缺少高效手段（盲点） | 由「怪力」顺带满足（多功能 +
  [盲点4] … style="font-size:11px;color:var(--sub);margin:2px 0">职责：对核心盲点属性的答案（克制招或抵抗承伤） | 为什么需要：核心对「恶」缺少高效手段（盲点） | 由「阿尔宙斯-钢」顺带满足（多
  [盲点5] … style="font-size:11px;color:var(--sub);margin:2px 0">职责：对核心盲点属性的答案（克制招或抵抗承伤） | 为什么需要：核心对「岩石」缺少高效手段（盲点） | 由「阿尔宙斯-钢」顺带满足（
### 凤王  rawLen=406397  「道具：」出现 11 次　「盲点属性」4 次　「细节 details.big」2 张
  [道具0] … style="font-size:11px;color:var(--sub)"> +防御-攻击</span> <b>道具：</b><b class="abi" style="border-color:var(--ok)" onclick="gotoItem(&quot;厚底靴&quot;)" title="主推">⭐厚底靴</b><span style="font-size:11px;color:var(--sub)"> 克制 一件道具兼顾 2 项职责；与主职责不符（既无力度也非续航件）；钉子环境：入场不掉血；
  [道具1] … style="font-size:11px;color:var(--sub)"> +速度-特攻</span> <b>道具：</b><b class="abi" style="border-color:var(--ok)" onclick="gotoItem(&quot;弱点保险&quot;)" title="主推">⭐弱点保险</b><span style="font-size:11px;color:var(--sub)"> 克制 一件道具兼顾 2 项职责；代价 需要先被打到弱点，被动｜原则 P1/P2</sp
  [道具2] …gation();gotoAbi(&quot;铁拳之力&quot;)" title="">铁拳之力</span> <b>道具：</b><b class="abi" style="border-color:var(--ok)" onclick="event.stopPropagation();gotoItem(&quot;生命宝珠&quot;)" title="主推：克制 主武器：该职责的最大力度来源；代价 每回合自伤 1/10，不适合站场消耗｜原则 P1/P1">⭐生命宝珠</b> <span class="abi
  [道具3] …ation();gotoAbi(&quot;避雷针&quot;)" title="免疫电">避雷针</span> <b>道具：</b><b class="abi" style="border-color:var(--ok)" onclick="event.stopPropagation();gotoItem(&quot;进化奇石&quot;)" title="主推：克制 综合权衡通过：有效耐久（HP×双防）在奇石加成后超过同族终态——奇石加成后耐久（双防×1.5）352.5（对终态裸耐久比值 1.18，含道具有效耐
  [道具4] …gation();gotoAbi(&quot;多重属性&quot;)" title="">多重属性</span> <b>道具：</b><b class="abi" style="border-color:var(--ok)" onclick="event.stopPropagation();gotoItem(&quot;凸凸头盔&quot;)" title="主推：克制 物攻手碰瓷（1/6 反伤）；代价 需要被物攻手碰到｜原则 P3">⭐凸凸头盔</b> <span class="abi" style="opaci
  [道具5] …gation();gotoAbi(&quot;灭亡之躯&quot;)" title="">灭亡之躯</span> <b>道具：</b><b class="abi" style="border-color:var(--ok)" onclick="event.stopPropagation();gotoItem(&quot;讲究围巾&quot;)" title="主推：克制 一件道具兼顾 2 项职责；代价 锁招，不能变招｜原则 P1/P2">⭐讲究围巾</b> <span class="abi" style="opac
  [道具6] …gation();gotoAbi(&quot;魔法防守&quot;)" title="">魔法防守</span> <b>道具：</b><b class="abi" style="border-color:var(--ok)" onclick="event.stopPropagation();gotoItem(&quot;厚底靴&quot;)" title="主推：克制 一件道具兼顾 2 项职责；与主职责不符（既无力度也非续航件）；钉子环境：入场不掉血；代价 占道具位但不增加输出｜原则 P2/P1/P4">⭐厚底靴<
  [道具7] …gation();gotoAbi(&quot;铁拳之力&quot;)" title="">铁拳之力</span> <b>道具：</b><b class="abi" style="border-color:var(--ok)" onclick="event.stopPropagation();gotoItem(&quot;生命宝珠&quot;)" title="主推：克制 主武器：该职责的最大力度来源；代价 每回合自伤 1/10，不适合站场消耗｜原则 P1/P1">⭐生命宝珠</b> <span class="abi
  [道具8] …ation();gotoAbi(&quot;避雷针&quot;)" title="免疫电">避雷针</span> <b>道具：</b><b class="abi" style="border-color:var(--ok)" onclick="event.stopPropagation();gotoItem(&quot;进化奇石&quot;)" title="主推：克制 综合权衡通过：有效耐久（HP×双防）在奇石加成后超过同族终态——奇石加成后耐久（双防×1.5）352.5（对终态裸耐久比值 1.18，含道具有效耐
  [道具9] …gation();gotoAbi(&quot;多重属性&quot;)" title="">多重属性</span> <b>道具：</b><b class="abi" style="border-color:var(--ok)" onclick="event.stopPropagation();gotoItem(&quot;凸凸头盔&quot;)" title="主推：克制 物攻手碰瓷（1/6 反伤）；代价 需要被物攻手碰到｜原则 P3">⭐凸凸头盔</b> <span class="abi" style="opaci
  [道具10] …gation();gotoAbi(&quot;灭亡之躯&quot;)" title="">灭亡之躯</span> <b>道具：</b><b class="abi" style="border-color:var(--ok)" onclick="event.stopPropagation();gotoItem(&quot;讲究围巾&quot;)" title="主推：克制 一件道具兼顾 2 项职责；代价 锁招，不能变招｜原则 P1/P2">⭐讲究围巾</b> <span class="abi" style="opac
  [盲点0] … style="font-size:11px;color:var(--sub);margin:2px 0">职责：对核心盲点属性的答案（克制招或抵抗承伤） | 为什么需要：核心对「龙」缺少高效手段（盲点）</div><div class="
  [盲点1] … style="font-size:11px;color:var(--sub);margin:2px 0">职责：对核心盲点属性的答案（克制招或抵抗承伤） | 为什么需要：核心对「一般」缺少高效手段（盲点） | 由「怪力」顺带满足（多功能 
  [盲点2] … style="font-size:11px;color:var(--sub);margin:2px 0">职责：对核心盲点属性的答案（克制招或抵抗承伤） | 为什么需要：核心对「电」缺少高效手段（盲点） | 由「怪力」顺带满足（多功能 +
  [盲点3] … style="font-size:11px;color:var(--sub);margin:2px 0">职责：对核心盲点属性的答案（克制招或抵抗承伤） | 为什么需要：核心对「飞行」缺少高效手段（盲点）</div><div class=
