== B1 复核：流派「打法原则」行（容错：标签被空格拆断） ==
  妙蛙花: 打法原则行=2(容错2) 流派=2｜依据2｜盲点2/无盲点0/双刀补盲0/免疫2
  护城龙: 打法原则行=2(容错2) 流派=2｜依据2｜盲点0/无盲点2/双刀补盲0/免疫2
  凤王: 打法原则行=2(容错2) 流派=2｜依据2｜盲点0/无盲点2/双刀补盲0/免疫2
  煤炭龟: 打法原则行=2(容错2) 流派=2｜依据2｜盲点0/无盲点2/双刀补盲0/免疫2
  坚果哑铃: 打法原则行=2(容错2) 流派=2｜依据2｜盲点1/无盲点1/双刀补盲0/免疫2
  霸王花: 打法原则行=2(容错2) 流派=2｜依据2｜盲点2/无盲点0/双刀补盲0/免疫2
  大针蜂: 打法原则行=2(容错2) 流派=2｜依据2｜盲点1/无盲点1/双刀补盲1/免疫2
  雷电云: 打法原则行=2(容错2) 流派=2｜依据2｜盲点0/无盲点2/双刀补盲0/免疫2
  大嘴鸥: 打法原则行=2(容错2) 流派=2｜依据2｜盲点0/无盲点2/双刀补盲0/免疫2
== C4 复核：凤王「强化」流派深挖 ==
  流派1「顺风强化清场」side=物理 roleTag=强化 route=-
     slots: Ｖ热焰[tag:本系·攻击|ty:火|pow:180] 星星碰撞[tag:本系·攻击|ty:妖精|pow:120] 自我再生[tag:回复|ty:一般|pow:0] 岩石封锁[tag:控速|ty:岩石|pow:55]
     why: 克制 站场强化后一次清场（对位=逼换空档）；代价 强化回合先被打，需耐久/掩护｜原则 P1/P4（职责 强化：tech 主导，权重 1.19）
     basis: 本系最高 Ｖ热焰(180)　力度 130；强化路径：可学强化招（攻/特攻双倍型优先）；破盾路线择优 = 强化
     drivenBy: 可学强化招；耐久三角 350（≥270 可站场强化）
  流派2「顺风主力输出压制」side=物理 roleTag=输出 route=-
     slots: Ｖ热焰[tag:本系·攻击|ty:火|pow:180] 星星碰撞[tag:本系·攻击|ty:妖精|pow:120] 岩石封锁[tag:控速|ty:岩石|pow:55] 替身[tag:保命|ty:一般|pow:0]
     why: 克制 本系最高威力主武器压制；代价 单一输出轴，遇本系盲点需队友补｜原则 P1（职责 输出：burst 主导，权重 1.12）
     basis: 本系最高 Ｖ热焰(180)　力度 130；破盾路线择优 = 强化；自带先制招
     drivenBy: 力度 130 / 本系最高折算威力 288
  凤王可学「强化类」候选=冥想
  凤王特性池=再生力/魔法防守/自给自足｜天性池=威严之翼/华贵之鸟/棱镜鳞片
  物理攻击池Top6=Ｖ热焰(attack),星星碰撞(attack),岩石封锁(cover),神鸟猛击(cover)
== D2 复核：控速行精确抽取（只看行首需求标签含「控速」的行） ==
== E2 汇总 ==
total=10 PASS=9 FAIL=1
  FAIL D2-控速协同 | 控速行 0 例，⭐围巾/嘉珍果/先制之爪 = 0
