==== SUMMARY ====
total=289 PASS=287 FAIL=2 THREW=2
CORE total=286 PASS=284 FAIL=2 | DEFECT-PROBE total=3 PASS=3 FAIL=0（探针 FAIL=缺陷证实）
htmlBytes=2251479 mtime=2026-10-07T15:46:55.860Z / 2251479B
loadError=null
WCONF={"manualDurTurns":8,"abilityDurTurns":8,"rockTurnsAbility":12,"rockTurnsManual":12,"boost":0.5,"abilityBoost":0.5,"terrainBoost":1.3,"terrainDurTurns":8,"terrainExtenderTurns":12,"tailwindTurns":4,"autoTailwindTurns":4,"lightClayTurns":null,"trickroomTurns":5,"trickroomPrio":-7,"paraSpeed":0.5,"paraFullChance":0.25,"hazardRules":{"spikes":{"maxLayers":3,"dmg":[0.125,0.16666666666666666,0.25],"groundedOnly":true},"stealthRock":{"layers":1,"dmgByRockEff":[0.5,0.25,0.125,0.0625,0.03125]},"toxicSpikes":{"maxLayers":2,"steelImmune":true,"groundedPoisonAbsorbs":true},"stickyWeb":{"layers":1,"speedStage":-1,"immune":["飞行","飘浮","气球"]}},"defogRapidSpin":{"rapidSpin":"self","defog":"both","defogEvasion":-1,"walls":"foeOnly"},"frostbite":{"dmgFraction":0.0625,"spAtkMult":0.5,"hailChanceMult":3},"toxicTerrain":{"exists":true,"durTurns":8,"dmgFraction":0.0625,"boost":1.3,"spikesToToxicSpikes":false,"seed":"未收录"},"wxGrantOrder":"slow"}
V4FIELDS={"mvDescZh":true,"abiDescZh":true,"glossary":true,"familyRoot":true,"templates":18}
counts={"mvDescZh":291,"abiDescZh":118,"glossary":40,"familyRoot":534,"matchupSp":18,"templates":18}
==== FAILURES ====
FAIL V5 | 强化招感知天气：晴体系下 生长(74) 进入妙蛙花主流派配招 | THREW: ctx.genBuilds is not a function
FAIL B8 | genBuilds 至少产出 2 个流派（大卡片+备选） | THREW: ctx.genBuilds is not a function
==== FACTS ====
save={"total":431,"party":6,"pc":425,"special":15,"K":4,"anchorsOk":["护城龙 BOX1第1格 ✓","远古巨蜓 BOX4第1格 ✓","花舞鸟 BOX20第1格 ✓","超级化石翼龙 BOX26第28格 ✓","土王Mega(队伍首条) 队伍首条 ✓"],"anchorsFail":[]}
venusaur={"id":"3","zh":"妙蛙花","t1":"草","t2":"毒","abis":["叶绿体","粉彩护幕","叶绿素"],"inns":["茂盛","厚脂肪","毒吸收"],"sys":["晴"],"role":"均衡/多功能","side":"特殊"}
teammates(V)=[["席多蓝恩",46],["莱希拉姆",46],["超级喷火驼",46],["超级喷火龙Y",44],["班基拉斯R",44],["太阳岩",42]]
node.exe : C:\Users\22210\AppData\Local\Doubao\User Data\Default\.doubao\agent_mode\workspace\.sessions\384456870010854
42\agents\s_000cL1cUc3b\scratch\v4verify\run.cjs:401
所在位置 行:3 字符: 1
+ & node run.cjs 'D:\game\elite-redux\配招助手_ER.html' 'D:\game\elite-redu ...
+ ~~~~~~~~~~~~~~~~~~~~~~~~~~~~~~~~~~~~~~~~~~~~~~~~~~~~~~~~~~~~~~~~~~~~~
    + CategoryInfo          : NotSpecified: (C:\Users\22210\...ify\run.cjs:401:String) [], RemoteException
    + FullyQualifiedErrorId : NativeCommandError
 
console.log('builds(V)=' + JSON.stringify(ctx.genBuilds(V).map(b => ({ name: b.name, side: b.side, roleTag: b.roleTag, 
selfSetter: b.mv.selfSetter, main: b.mv.main.map(x => (MV[x.id] ? MV[x.id][1] : x.id)) }))));
                                              ^

TypeError: ctx.genBuilds is not a function
    at Object.<anonymous> (C:\Users\22210\AppData\Local\Doubao\User Data\Default\.doubao\agent_mode\workspace\.sessions
\38445687001085442\agents\s_000cL1cUc3b\scratch\v4verify\run.cjs:401:47)
    at Module._compile (node:internal/modules/cjs/loader:1781:14)
    at Object..js (node:internal/modules/cjs/loader:1913:10)
    at Module.load (node:internal/modules/cjs/loader:1505:32)
    at Function._load (node:internal/modules/cjs/loader:1309:12)
    at wrapModuleLoad (node:internal/modules/cjs/loader:254:19)
    at Function.executeUserEntryPoint [as runMain] (node:internal/modules/run_main:171:5)
    at node:internal/main/run_main_module:36:49

Node.js v22.23.2
