== A. v45-1：流派卡主推 ≡ 队伍行核心主推（MISMATCH） ==
  妙蛙花：流派卡 ["弱点保险","弱点保险"] ｜队伍行核心 ⭐弱点保险  ✓
  护城龙：流派卡 ["厚底靴","厚底靴"] ｜队伍行核心 ⭐厚底靴  ✓
  凤王：流派卡 ["厚底靴","厚底靴"] ｜队伍行核心 ⭐厚底靴  ✓
  煤炭龟：流派卡 ["进化奇石","进化奇石"] ｜队伍行核心 ⭐进化奇石  ✓
  坚果哑铃：流派卡 ["凸凸头盔","凸凸头盔"] ｜队伍行核心 ⭐凸凸头盔  ✓
  霸王花：流派卡 ["生命宝珠","生命宝珠"] ｜队伍行核心 ⭐生命宝珠  ✓
  大针蜂：流派卡 ["生命宝珠","生命宝珠"] ｜队伍行核心 ⭐生命宝珠  ✓
  雷电云：流派卡 ["生命宝珠","生命宝珠"] ｜队伍行核心 ⭐生命宝珠  ✓
  大嘴鸥：流派卡 ["潮湿岩石","潮湿岩石"] ｜队伍行核心 ⭐潮湿岩石  ✓
== B. v45-2：凤王命名 + 全局「强化」流派必须含强化招 ==
  妙蛙花 「晴强化清场」roleTag=强化 4 槽=日光束/污泥炸弹/生长/终极吸取｜含强化招=true
  妙蛙花 「晴增伤清场」roleTag=增伤 4 槽=日光束/污泥炸弹/生长/大地之力｜含强化招=true
  护城龙 「钉子强化清场」roleTag=强化 4 槽=铁头/双刃头锤/铁壁/电磁波｜含强化招=true
  护城龙 「钉子主力输出压制」roleTag=输出 4 槽=铁头/双刃头锤/铁壁/电磁波｜含强化招=true
  凤王 「顺风主力清场」roleTag=输出 4 槽=Ｖ热焰/星星碰撞/自我再生/岩石封锁｜含强化招=false
  凤王 「顺风主力输出压制」roleTag=输出 4 槽=Ｖ热焰/星星碰撞/岩石封锁/替身｜含强化招=false
  煤炭龟 「晴强化清场」roleTag=强化 4 槽=喷火/铁滚轮/破壳/大晴天｜含强化招=true
  煤炭龟 「晴增伤清场」roleTag=增伤 4 槽=喷火/铁滚轮/破壳/大晴天｜含强化招=true
  坚果哑铃 「钉子强化清场」roleTag=强化 4 槽=捕兽夹/扑击/剑舞/终极吸取｜含强化招=true
  坚果哑铃 「钉子受队消耗」roleTag=受队 4 槽=寄生种子/终极吸取/撒菱/替身｜含强化招=false
  霸王花 「空间破盾」roleTag=输出 4 槽=花瓣舞/剧毒暴冲/寄生种子/大地之力｜含强化招=false
  霸王花 「空间主力输出压制」roleTag=输出 4 槽=花瓣舞/污泥波/寄生种子/大地之力｜含强化招=false
  大针蜂 「钉子主力输出压制」roleTag=输出 4 槽=居合劈/愤怒/剑舞/急速折返｜含强化招=true
  大针蜂 「钉子稳健联防消耗」roleTag=肉盾 4 槽=剧毒/羽栖/毒菱/替身｜含强化招=false
  雷电云 「强化主力输出压制」roleTag=输出 4 槽=暴风/闪电猛冲/诡计/伏特替换｜含强化招=true
  雷电云 「强化稳健联防消耗」roleTag=肉盾 4 槽=羽栖/电磁波/替身/伏特替换｜含强化招=false
  大嘴鸥 「雨增伤清场」roleTag=输出 4 槽=水炮/打嗝/顺风/求雨｜含强化招=false
  大嘴鸥 「雨破盾」roleTag=输出 4 槽=水炮/打嗝/顺风/求雨｜含强化招=false
  禁用词命中=0｜流派名全集(18)=["晴强化清场","晴增伤清场","钉子强化清场","钉子主力输出压制","顺风主力清场","顺风主力输出压制","钉子受队消耗","空间破盾","空间主力输出压制","钉子稳健联防消耗","强化主力输出压制","强化稳健联防消耗","雨增伤清场","雨破盾"]
== C. v45-3：盲点行 + 补招驱动披露 ==
  妙蛙花：盲点行 1 → 盲点属性（4 招均 ≤0.5x）： 钢 <span s｜换招披露 1 → 可换入替代 终极吸取） —— 当前保留主攻/强化/回复职能，未换，v45-3） <div style="font-size:12px;margin-top:｜双刀补盲 0
  护城龙：盲点行 0｜换招披露 0｜双刀补盲 0
  凤王：盲点行 0｜换招披露 0｜双刀补盲 0
  煤炭龟：盲点行 0｜换招披露 0｜双刀补盲 0
  坚果哑铃：盲点行 0｜换招披露 0｜双刀补盲 0
  霸王花：盲点行 0｜换招披露 0｜双刀补盲 0
  大针蜂：盲点行 1 → 盲点属性（4 招均 ≤0.5x）： 钢 /<span cla｜换招披露 0｜双刀补盲 2
  雷电云：盲点行 0｜换招披露 0｜双刀补盲 0
  大嘴鸥：盲点行 0｜换招披露 0｜双刀补盲 0
== D. 回归：使用率标注 / 控速位 ==
  坚果哑铃 控速位需求行 1 条
  霸王花 控速位需求行 1 条
  大嘴鸥 控速位需求行 1 条
== 汇总 ==
total=8 PASS=7 FAIL=1
  PASS A-道具一致性 | MISMATCH=0
  PASS B-凤王-命名不含强化 | 流派名=["顺风主力清场","顺风主力输出压制"]
  FAIL B-雷电云-强化流派有强化招 | 「强化稳健联防消耗」roleTag=肉盾 4 槽=羽栖/电磁波/替身/伏特替换 无强化招
  PASS B-禁用词 | 禁用词命中=0｜共 18 个流派名
  PASS C-妙蛙花-换招披露 | 可换入替代 终极吸取） —— 当前保留主攻/强化/回复职能，未换，v45-3） <div style="font-size:12px;margin-top:
  PASS C-坚果哑铃-盲点消解 | 盲点行=0
  PASS C-霸王花-盲点消解 | 盲点行=0
  PASS D-使用率标注 | ruleBoxCore 命中
