### 妙蛙花
  [盲点属性（4 招均 ≤0.5x）] 盲点属性（4 招均 ≤0.5x）： 钢 （本侧可学补盲招 大地之力（可换入替代 终极吸取） —— 当前保留主攻/强化/回复职能，未换，v45-3） <div style="font-size:12px;mar
  [可换入] 可换入替代 终极吸取） —— 当前保留主攻/强化/回复职能，未换，v45-3） 特性免疫警示 对手带对应免疫特性时下列属性招无效——需多备打击面或用特性穿透（破格/兆级
  [双刀补盲] (0)
  [无盲点] 无盲点（21 属性均有 ≥1x 手段） （补盲：大地之力 覆盖 钢 ，v45-3） <span class="badge
### 大针蜂
  [盲点属性（4 招均 ≤0.5x）] 盲点属性（4 招均 ≤0.5x）： 钢 / 岩石 （本侧 ≤0.5x，另一侧流派有 ≥1x 覆盖 → 见下方「双刀补盲」） <div style="font
  [可换入] (0)
  [双刀补盲] 双刀补盲」） 特性免疫警示 对手带对应免疫特性时下列属性招无效——需多备打击面或用特性穿透（破格/兆级电压）： 岩石</span
  [双刀补盲] 双刀补盲： 钢 / 岩石 可用特攻侧招式覆盖（另一侧流派已含） 选招依据：槽1 剧毒 定位权重 +0 × 必中×1.05 × 克制 消耗：兑现「肉盾」职责；代价 需连续回合兑现｜原则 P2/
  [无盲点] 无盲点（21 属性均有 ≥1x 手段） 特性免疫警示 对手带对应免疫特性时下列属性招无效——需多备打击面或用特性穿透（破格/兆级电压）：急速折返：<span class
### 霸王花
  [盲点属性（4 招均 ≤0.5x）] (0)
  [可换入] (0)
  [双刀补盲] (0)
  [无盲点] 无盲点（21 属性均有 ≥1x 手段） （补盲：大地之力 覆盖 钢 ，v45-3） <span class="badge
  [无盲点] 无盲点（21 属性均有 ≥1x 手段） （补盲：大地之力 覆盖 钢 ，v45-3） <span class="badge
### 坚果哑铃
  [盲点属性（4 招均 ≤0.5x）] (0)
  [可换入] (0)
  [双刀补盲] (0)
  [无盲点] 无盲点（21 属性均有 ≥1x 手段） （补盲：扑击 覆盖 钢 ，v45-3） <span class="badge ba
  [无盲点] 无盲点（21 属性均有 ≥1x 手段） 特性免疫警示 对手带对应免疫特性时下列属性招无效——需多备打击面或用特性穿透（破格/兆级电压）：终极吸取：<span class
### 护城龙
  [盲点属性（4 招均 ≤0.5x）] (0)
  [可换入] (0)
  [双刀补盲] (0)
  [无盲点] 无盲点（21 属性均有 ≥1x 手段） 特性免疫警示 对手带对应免疫特性时下列属性招无效——需多备打击面或用特性穿透（破格/兆级电压）：双刃头锤：<span class
  [无盲点] 无盲点（21 属性均有 ≥1x 手段） 特性免疫警示 对手带对应免疫特性时下列属性招无效——需多备打击面或用特性穿透（破格/兆级电压）：双刃头锤：<span class
### 凤王
  [盲点属性（4 招均 ≤0.5x）] (0)
  [可换入] (0)
  [双刀补盲] (0)
  [无盲点] 无盲点（21 属性均有 ≥1x 手段） 特性免疫警示 对手带对应免疫特性时下列属性招无效——需多备打击面或用特性穿透（破格/兆级电压）：Ｖ热焰：<span class=
  [无盲点] 无盲点（21 属性均有 ≥1x 手段） 特性免疫警示 对手带对应免疫特性时下列属性招无效——需多备打击面或用特性穿透（破格/兆级电压）：Ｖ热焰：<span class=
== 9 核心全场计数（渲染面） ==
  盲点属性（4 招均 ≤0.5x） = 2
  可换入 = 1
  无盲点（21 = 16
  双刀补盲 = 2
