渲染面容器 8 个 / 合计 540354 字符

===== 全渲染面关键词命中 =====
  源码实证                0
  数据表实证               0
  待游戏内截图校准            0
  源码考古                0
  源码未找到               0
  changelog           2   ← 命中
  WCONF               24   ← 命中
  游戏源码                18   ← 命中
  源码核对                17   ← 命中
  Pin A=              1   ← 命中
  待实测                 5   ← 命中
  待游戏内实测确认            9   ← 命中
  v2.65               4   ← 命中
  v4.x                1   ← 命中
  v4.6                0
  v45-3               0
  alert(              0
  内部参数                1   ← 命中
  调试                  0
  TODO                0
  FIXME               0
  console.            0

===== 命中分布（按容器）=====
  #tplRuleTip   len=   587 → WCONF×1 , 游戏源码×4 , 源码核对×3 , 待游戏内实测确认×2 , v4.x×1
  #ruleBoxCore  len=  5946 → changelog×2 , WCONF×23 , 游戏源码×14 , 源码核对×14 , Pin A=×1 , 待实测×5 , 待游戏内实测确认×7 , v2.65×4 , 内部参数×1

===== #tplRuleTip 全文（模板页玩家可见提示）=====
  💡 ER 特化提示（读 WCONF 口径表 · 已按游戏源码核对）：天气 8 回合（岩石 12 回合），手动招与特性同档；晴/雨增伤 ×1.5（已按游戏源码核对：不分手动/特性，无「特性 20%」档）；冻伤替代冰冻（每回合 1/16 最大HP + 特攻 ×0.5，冰雹触发 ×3 待游戏内实测确认 游戏源码中未见）；个体默认 31、Iron Pill 可把速度 IV 调 0（空间队）；所有招式 PP 全满；训练师全员 4 特性+道具。 v4.x：数据来源完整（招式/特性中文说明、机制词条、进化家族、战术模板齐备）；词条解释（天气/场地/钉子/强化/异常/先制/蓄力/属性转换/冻伤/麻痹等）在正文中以虚线下划线标出，悬停看释义、点击开「词条卡片」（居中轻量 modal，带遮罩与关闭）。 场地：场地 8 回合（延展器 12 回合）· 场地属性增伤 ×1.3（已按游戏源码核对：B_TERRAIN_TYPE_BOOST=GEN_8）；顺风 4 回合 / 空间 5 回合 待游戏内实测确认 -7
