-- buildItem 定义行=3127 源（前 1500 字）
function buildItem(s,side,roleTag,ctx){
  return itemDecide(s,side,roleTag,ctx).map(function(e){return [e.zh,e.why]});
}
function pickAbiFor(s,side,roleTag){
  var names=s.abis,out=[];
  names.forEach(function(n){
    var id=abiIdByZhOrEn(n),tag=id?ERDATA.abiTags[id]:null,sc=0,why=[];
    var sys=SYS_MAP[n];
    if(sys){sc+=3;why.push('负责'+sys+'体系')}
    if(tag){
      if(tag.out){sc+=3;why.push('输出×'+tag.out.mul+(tag.out.cond?'('+tag.out.cond+')':''))}
      if(tag.im){sc+=2;why.push('免疫'+tag.im.join('/'))}
      if(tag.hf){sc+=1;why.push('减半'+tag.hf.join('/'))}
      if(tag.add){sc+=2;why.push('附加属性/免疫')}
      if(tag.phy&&(roleTag==='肉盾'||roleTag==='受队'||roleTag==='强化')){sc+=1;why.push('物理减伤')}
      if(tag.nt){sc+=1;why.push('关键耐性')}
    }
    if(sc===0&&names.length===1){sc=0;why.push('唯一可选')}
    out.push({n:n,sc:sc,why:why});
  });
  out.sort(function(a,b){return b.sc-a.sc});
  return out;
}
function mkBuild(s,side,name,spBest,phBest,roleTagEx,itemTagEx){
  /* v4.3：roleTag 由流派对象显式给出（打法 tag）；未给出时回退旧式按流派名推断 */
  var roleTag=roleTagEx||(name.indexOf('肉盾')>-1?'肉盾':(name.indexOf('受队')>-1?'受队':(name.indexOf('天气')>-1?'天气':(name.indexOf('均衡')>-1?'均衡':'输出'))));
-- tag 直调对照（sets: side=coreSide(s)）
   向日花怪#192 tag=天气 → 光之黏土/厚底靴/地形延长器
   煤炭龟#324 tag=天气 → 炽热岩石/厚底靴/进化奇石
   妙蛙花#3 tag=输出 → 生命宝珠/弱点保险/「草」宝石
   护城龙#411 tag=肉盾 → 凸凸头盔/厚底靴/剩饭
   护城龙#411 tag=输出 → 讲究围巾/弱点保险/生命宝珠
   钻角犀兽#112 tag=输出 → 讲究围巾/弱点保险/进化奇石
   钻角犀兽#112 tag=肉盾 → 进化奇石/凸凸头盔/厚底靴
   洛奇亚#249 tag=肉盾 → 凸凸头盔/厚底靴/剩饭
   向日花怪#192 tag=场地 → 光之黏土/厚底靴/地形延长器
-- 方案卡文本（真实 selectCore 渲染）
   ■妙蛙花#3 体系提示=队友提供 | 炽热岩石×0 潮湿岩石×0 光滑岩石×0 冰冷岩石×0 | 光之黏土×2
      队伍首段: 队伍方案（6 只） 妙蛙花 #3 核心 ➕ 入队 🎯 设为核心 配招： 日光束 污泥炸弹 生长 替身 备选： 花粉团 飞叶风暴 终极吸取 特性： 叶绿素 叶绿体 道具： ⭐生命宝珠 弱点保险 备选 「草」宝石 备选 性格： 内敛 / 胆小 向日花怪 #192 需要天气/场地来源（设置手） 34 分 多功能 ×3 ➕ 入队 🎯 设为核心 ↔ 体系受益 叶绿素/太阳之力（晴 窗口内增益）；补核心盲点：钢/岩石；提供回复/续航；满足需求「需要天气/场地来源（设置手）」：自动开晴（干旱） 配招： 过热 日光束 生长 替身 备选： 破坏光线 飞叶风暴 终极吸取 特性： 叶绿素 青草制造者 道具： ⭐光之黏土 厚底靴 备选 地形延长器 备选 性格： 冷静 / 内敛 烈空坐 #384 补盲点：一般 35 分 多功能 ×3 ➕ 入队 🎯 设为核心 ↔ 可用 晴 受益招 1 个；补核心盲点：一般/钢/恶；替核心吸收：飞行；满足需求「补盲点：一般」：对 一般 有克制招 配招： 钢之牙 巨龙威能 剑舞 顺风 备选： 暗影爪 铁头 健美 特性： 龙颚 恐惧散布者 道具： ⭐厚底靴 弱点保险 备选 逃脱按钮 备选 性格： 内敛 / 胆小 蒂安希
   ■班基拉斯#248 体系提示=— | 炽热岩石×0 潮湿岩石×0 光滑岩石×2 冰冷岩石×0 | 光之黏土×0
      光滑岩石 语境: …）、非本系补盲 ×0.7；有目标真免疫 ×0.5 性格： 淘气 +防御-特攻（物盾消耗） 慎重 +特防-特攻 大胆 +防御-攻击 道具： ⭐光滑岩石 克制 延长自身开出的窗口（特性池 n 选 1：换特性也不失协同）；一件…
      光滑岩石 语境: …标免疫风险：本系主攻豁免（仅警示）、非本系补盲 ×0.7；有目标真免疫 ×0.5 性格： 固执 +攻击-特攻 爽朗 +速度-特攻 道具： ⭐光滑岩石 克制 延长自身开出的窗口（特性池 n 选 1：换特性也不失协同）；一件…
      队伍首段: 队伍方案（6 只） 班基拉斯 #248 核心 ➕ 入队 🎯 设为核心 配招： 铁尾 尖石攻击 龙之舞 岩石封锁 备选： 咬碎 龙爪 自我激励 特性： 掠食者 自信过度 道具： ⭐讲究围巾 弱点保险 备选 生命宝珠 备选 性格： 固执 / 爽朗 钻角犀兽 #112 补盲点：超能力 31 分 多功能 ×3 ➕ 入队 🎯 设为核心 ↔ 可用 沙 受益招 3 个；补核心盲点：冰/电/超能力；满足需求「补盲点：超能力」：对 超能力 有克制招 配招： 双刃头锤 真气拳 剑舞 岩石封锁 备选： 突飞猛扑 咬碎 铁壁 特性： 大地束缚 避雷针 道具： ⭐讲究围巾 弱点保险 备选 进化奇石 备选 性格： 勇敢 / 固执 耿鬼 #94 补盲点：岩石 41 分 多功能 ×3 ➕ 入队 🎯 设为核心 ↔ 补核心盲点：冰/超能力/岩石；替核心吸收：格斗/虫/草；满足需求「补盲点：岩石」：对 岩石 有克制招 配招： 打嗝 冰冻光束 诡计 电磁波 备选： 愤怒灵魂 真气弹 替身 特性： 复仇 惊吓 道具： ⭐生命宝珠 弱点保险 备选 「幽灵」宝石 备选 性格： 胆小 / 内敛 壶壶 #213 除钉位（清场） 19 分 多功能 ×3 ➕ 入队 🎯 
   ■拉普拉斯#131 体系提示=— | 炽热岩石×0 潮湿岩石×0 光滑岩石×0 冰冷岩石×2 | 光之黏土×0
      冰冷岩石 语境: …）、非本系补盲 ×0.7；有目标真免疫 ×0.5 性格： 淘气 +防御-特攻（物盾消耗） 慎重 +特防-特攻 大胆 +防御-攻击 道具： ⭐冰冷岩石 克制 延长自身开出的窗口（特性池 n 选 1：换特性也不失协同）；一件…
      冰冷岩石 语境: …标免疫风险：本系主攻豁免（仅警示）、非本系补盲 ×0.7；有目标真免疫 ×0.5 性格： 内敛 +特攻-攻击 胆小 +速度-攻击 道具： ⭐冰冷岩石 克制 延长自身开出的窗口（特性池 n 选 1：换特性也不失协同）；一件…
      队伍首段: 队伍方案（6 只） 拉普拉斯 #131 核心 ➕ 入队 🎯 设为核心 配招： 暴风雪 流星群 替身 打雷 备选： 龙之波动 清除浓雾 守住 特性： 适应力 降雪 道具： ⭐讲究围巾 弱点保险 备选 厚底靴 备选 性格： 内敛 / 胆小 怪力 #68 补盲点：一般 29 分 多功能 ×3 ➕ 入队 🎯 设为核心 ↔ 补核心盲点：一般/虫/飞行；替核心吸收：岩石；提供回复/续航；满足需求「补盲点：一般」：对 一般 有克制招 配招： 彗星拳 真气拳 健美 替身 备选： 怪力 落石 吸取拳 特性： 毅力 铁拳之力 道具： ⭐生命宝珠 讲究围巾 备选 讲究头带 备选 性格： 勇敢 / 固执 洛奇亚 #249 消耗位 24 分 多功能 ×3 ➕ 入队 🎯 设为核心 ↔ 可用 雪 受益招 2 个；补核心盲点：一般/虫/飞行；替核心吸收：格斗；提供回复/续航；满足需求「消耗位」：消耗：剧毒 配招： 自我再生 剧毒 替身 顺风 备选： 喷水 预知未来 流星群 特性： 暴风雨 奇迹皮肤 道具： ⭐凸凸头盔 厚底靴 备选 剩饭 备选 性格： 淘气 / 慎重 / 大胆 大钢蛇 #208 钉位（铺场） 19 分 多功能 ×3 ➕ 入队 🎯 设
   ■大嘴鸥#279 体系提示=— | 炽热岩石×0 潮湿岩石×2 光滑岩石×0 冰冷岩石×0 | 光之黏土×0
      潮湿岩石 语境: …标免疫风险：本系主攻豁免（仅警示）、非本系补盲 ×0.7；有目标真免疫 ×0.5 性格： 内敛 +特攻-攻击 胆小 +速度-攻击 道具： ⭐潮湿岩石 克制 延长自身开出的窗口（特性池 n 选 1：换特性也不失协同）；一件…
      潮湿岩石 语境: …标免疫风险：本系主攻豁免（仅警示）、非本系补盲 ×0.7；有目标真免疫 ×0.5 性格： 内敛 +特攻-攻击 胆小 +速度-攻击 道具： ⭐潮湿岩石 克制 延长自身开出的窗口（特性池 n 选 1：换特性也不失协同）；一件…
      队伍首段: 队伍方案（5 只（需求已清零，紧凑队）） 大嘴鸥 #279 核心 ➕ 入队 🎯 设为核心 配招： 水炮 打嗝 顺风 替身 备选： 暴风 冲浪 羽栖 特性： 降雨 寻回犬 道具： ⭐讲究围巾 弱点保险 备选 厚底靴 备选 性格： 内敛 / 胆小 胡地 #65 补盲点：地面 29 分 多功能 ×3 ➕ 入队 🎯 设为核心 ↔ 补核心盲点：飞行/地面/毒；提供回复/续航；满足需求「补盲点：地面」：对 地面 有克制招 配招： 能量球 精神突进 冥想 电磁波 备选： 真气弹 电磁炮 自我再生 特性： 念动力 神秘力量 道具： ⭐生命宝珠 弱点保险 备选 红牌 备选 性格： 胆小 / 内敛 隆隆岩 #76 补盲点：一般 29 分 多功能 ×3 ➕ 入队 🎯 设为核心 ↔ 补核心盲点：一般/飞行/地面；替核心吸收：电/岩石；满足需求「补盲点：一般」：对 一般 有克制招 配招： 铁滚轮 双刃头锤 铁壁 岩石封锁 备选： 真气拳 硬压 隐形岩 特性： 坚硬脑袋 坚壁 道具： ⭐讲究围巾 弱点保险 备选 生命宝珠 备选 性格： 勇敢 / 固执 多边兽2型 #233 控速位 28 分 多功能 ×3 ➕ 入队 🎯 设为核心 ↔ 可用 雨 受
   ■护城龙#411 体系提示=— | 炽热岩石×0 潮湿岩石×0 光滑岩石×0 冰冷岩石×0 | 光之黏土×0
      队伍首段: 队伍方案（5 只（需求已清零，紧凑队）） 护城龙 #411 核心 ➕ 入队 🎯 设为核心 配招： 铁头 双刃头锤 铁壁 电磁波 备选： 拍落 广域破坏 隐形岩 特性： 战斗盔甲 持久力 道具： ⭐讲究围巾 弱点保险 备选 生命宝珠 备选 性格： 勇敢 / 固执 钻角犀兽 #112 补盲点：毒 31 分 多功能 ×3 ➕ 入队 🎯 设为核心 ↔ 补核心盲点：电/毒/恶；满足需求「补盲点：毒」：对 毒 有克制招 配招： 双刃头锤 真气拳 剑舞 岩石封锁 备选： 突飞猛扑 咬碎 铁壁 特性： 大地束缚 避雷针 道具： ⭐讲究围巾 弱点保险 备选 进化奇石 备选 性格： 勇敢 / 固执 洛奇亚 #249 消耗位 30 分 多功能 ×3 ➕ 入队 🎯 设为核心 ↔ 补核心盲点：电/毒/恶；替核心吸收：格斗/地面/水；提供回复/续航；满足需求「消耗位」：消耗：剧毒 配招： 自我再生 剧毒 替身 顺风 备选： 喷水 预知未来 流星群 特性： 暴风雨 奇迹皮肤 道具： ⭐凸凸头盔 厚底靴 备选 剩饭 备选 性格： 淘气 / 慎重 / 大胆 大王铜象 #879 补盲点：幽灵 35 分 多功能 ×3 ➕ 入队 🎯 设为核心 ↔ 补核心盲
   ■煤炭龟#324 体系提示=— | 炽热岩石×2 潮湿岩石×0 光滑岩石×0 冰冷岩石×0 | 光之黏土×0
      炽热岩石 语境: …）、非本系补盲 ×0.7；有目标真免疫 ×0.5 性格： 淘气 +防御-特攻（物盾消耗） 慎重 +特防-特攻 大胆 +防御-攻击 道具： ⭐炽热岩石 克制 延长自身开出的窗口（特性池 n 选 1：换特性也不失协同）；一件…
      炽热岩石 语境: …：本系主攻豁免（仅警示）、非本系补盲 ×0.7；有目标真免疫 ×0.5 性格： 冷静 +特攻-速度（配空间） 内敛 +特攻-攻击 道具： ⭐炽热岩石 克制 延长自身开出的窗口（特性池 n 选 1：换特性也不失协同）；一件…
      队伍首段: 队伍方案（5 只（需求已清零，紧凑队）） 煤炭龟 #324 核心 ➕ 入队 🎯 设为核心 配招： 喷火 铁滚轮 破壳 替身 备选： 日光束 扑击 铁壁 特性： 登山者 迟钝 道具： ⭐讲究围巾 弱点保险 备选 进化奇石 备选 性格： 冷静 / 内敛 钻角犀兽 #112 补盲点：一般 31 分 多功能 ×3 ➕ 入队 🎯 设为核心 ↔ 可用 晴 受益招 1 个；补核心盲点：一般/格斗/电；替核心吸收：岩石；满足需求「补盲点：一般」：对 一般 有克制招 配招： 双刃头锤 真气拳 剑舞 岩石封锁 备选： 突飞猛扑 咬碎 铁壁 特性： 大地束缚 避雷针 道具： ⭐讲究围巾 弱点保险 备选 进化奇石 备选 性格： 勇敢 / 固执 快龙 #149 补盲点：飞行 39 分 多功能 ×3 ➕ 入队 🎯 设为核心 ↔ 可用 晴 受益招 1 个；补核心盲点：格斗/电/飞行；替核心吸收：地面/水；提供回复/续航；满足需求「补盲点：飞行」：对 飞行 有克制招 配招： 逆鳞 大闹一番 龙之舞 电磁波 备选： 闪电惩击 地震 羽栖 特性： 龙颚 暴走 道具： ⭐厚底靴 弱点保险 备选 逃脱按钮 备选 性格： 固执 / 爽朗 洛奇亚 #249 物理
