■妙蛙花#3 卡片55275字 | 禁用流派词命中=0
   流派: 推荐流派 1：晴强化清场 特殊向 · 推荐特性 叶绿素 · 4 槽：日光束 / 污泥炸弹 / 生长 / 替身 晴强化清场：本系最高 飞叶风暴(草 130)；特攻输出向 打法依据 （动态推导）：本系最高 飞叶风暴(130) 力度 100；体系 晴（队友提供窗口）；强化路径：可学强化招（攻/特攻双倍型优先）；破盾路线择优 = 强化 触发依据 ：可学强化招；耐久三角 273（≥270 可站场强化） 种族 / 强度概要 种族 物攻82/特攻100/物防83/特防100/速度80（总值 535） 强度：茂盛(&lt;1/3血)×1.5 本系最高威力 疯狂植物(130) / 飞叶风暴(130) 耐久 中物
   道具块×13: 道具： ⭐弱点保险 克制 一件道具兼顾 2 项职责；代价 需要先被打到弱点，被动｜原则 P1/P2 逃脱按钮 备选 克制 被打即换人（保轮转节奏）；代价 || 道具： ⭐弱点保险 克制 一件道具兼顾 2 项职责；代价 需要先被打到弱点，被动｜原则 P1/P2 逃脱按钮 备选 克制 被打即换人（保轮转节奏）；代价 || 道具： ⭐光之黏土 厚底靴 备选 地形延长器 备选 性格： 冷静 / 内敛 备选（同一需求池内按正向分排序，共 935 只；低分排后但均可入选）： 煤炭 || 道具： ⭐厚底靴 弱点保险 备选 逃脱按钮 备选 性格： 内敛 / 胆小 备选（同一需求池内按正向分排序，共 786 只；低分排后但均可入选）： 超级狙
   结构: 配招：×11 天性×1 词条×0 | onclick: gotoMv×97 gotoAbi×28 gotoItem×39 gotoTerm×0 | 精灵图 img×614 | 已排除/硬排除文案=无
■护城龙#411 卡片53294字 | 禁用流派词命中=0
   流派: 推荐流派 1：钉子强化清场 物理向 · 推荐特性 战斗盔甲 · 4 槽：铁头 / 双刃头锤 / 铁壁 / 替身 钉子强化清场：本系最高 双刃头锤(岩石 150)；自带强化轴；物理输出向 打法依据 （动态推导）：本系最高 双刃头锤(150) 力度 52；强化路径：可学强化招（攻/特攻双倍型优先）；破盾路线择优 = 强化 触发依据 ：可学强化招；耐久三角 386（≥270 可站场强化） 种族 / 强度概要 种族 物攻52/特攻47/物防168/特防138/速度30（总值 515） 强度：— 本系最高威力 双刃头锤(150) / 铁蹄光线(140) 耐久 高物耐 / 中特耐 推荐特性（点击跳特性反查
   道具块×11: 道具： ⭐讲究围巾 克制 一件道具兼顾 2 项职责；代价 锁招，不能变招｜原则 P1/P2 弱点保险 备选 克制 一件道具兼顾 2 项职责；代价 需要先 || 道具： ⭐讲究围巾 克制 一件道具兼顾 2 项职责；代价 锁招，不能变招｜原则 P1/P2 弱点保险 备选 克制 一件道具兼顾 2 项职责；代价 需要先 || 道具： ⭐讲究围巾 弱点保险 备选 进化奇石 备选 性格： 勇敢 / 固执 备选（同一需求池内按正向分排序，共 1163 只；低分排后但均可入选）： 胡 || 道具： ⭐凸凸头盔 厚底靴 备选 剩饭 备选 性格： 淘气 / 慎重 / 大胆 备选（同一需求池内按正向分排序，共 319 只；低分排后但均可入选）： 
   结构: 配招：×9 天性×1 词条×0 | onclick: gotoMv×83 gotoAbi×24 gotoItem×33 gotoTerm×0 | 精灵图 img×599 | 已排除/硬排除文案=无
■凤王#250 卡片53164字 | 禁用流派词命中=0
   流派: 推荐流派 1：顺风强化清场 物理向 · 推荐特性 再生力 · 4 槽：Ｖ热焰 / 星星碰撞 / 替身 / 自我再生 顺风强化清场：本系最高 Ｖ热焰(火 180)；物理输出向 打法依据 （动态推导）：本系最高 Ｖ热焰(180) 力度 130；强化路径：可学强化招（攻/特攻双倍型优先）；破盾路线择优 = 强化 触发依据 ：可学强化招；耐久三角 350（≥270 可站场强化） 种族 / 强度概要 种族 物攻130/特攻110/物防90/特防154/速度90（总值 680） 强度：华贵之鸟×1.5 本系最高威力 Ｖ热焰(180) / 破灭之光(140) 耐久 高物耐 / 高特耐 推荐特性（点击跳特性反
   道具块×11: 道具： ⭐厚底靴 克制 一件道具兼顾 2 项职责；钉子环境：入场不掉血；代价 占道具位但不增加输出｜原则 P2/P4 弱点保险 备选 克制 一件道具兼顾 || 道具： ⭐弱点保险 克制 一件道具兼顾 2 项职责；代价 需要先被打到弱点，被动｜原则 P1/P2 厚底靴 备选 克制 钉子环境：入场不掉血；代价 占道 || 道具： ⭐生命宝珠 讲究围巾 备选 讲究头带 备选 性格： 勇敢 / 固执 备选（同一需求池内按正向分排序，共 699 只；低分排后但均可入选）： 隆隆 || 道具： ⭐讲究围巾 弱点保险 备选 进化奇石 备选 性格： 勇敢 / 固执 备选（同一需求池内按正向分排序，共 1228 只；低分排后但均可入选）： 胡
   结构: 配招：×9 天性×1 词条×0 | onclick: gotoMv×81 gotoAbi×24 gotoItem×33 gotoTerm×0 | 精灵图 img×599 | 已排除/硬排除文案=无
■喷火龙#6 卡片52670字 | 禁用流派词命中=0
   流派: 推荐流派 1：顺风主力输出压制 特殊向 · 推荐特性 巨翼 · 4 槽：过热 / 流星群 / 顺风 / 替身 顺风主力输出压制：本系最高 过热(火 130)；特攻输出向 打法依据 （动态推导）：本系最高 过热(130) 力度 109；破盾路线择优 = 强化；自带先制招 触发依据 ：力度 109 / 本系最高折算威力 208 种族 / 强度概要 种族 物攻84/特攻109/物防78/特防85/速度100（总值 535） 强度：猛火(&lt;1/3血)×1.5 本系最高威力 爆炸烈焰(130) / 过热(130) 耐久 中物耐 / 中特耐 推荐特性（点击跳特性反查）： 巨翼 匹配2 熔解 其余： 
   道具块×11: 道具： ⭐厚底靴 克制 钉子环境：入场不掉血；代价 占道具位但不增加输出｜原则 P4 弱点保险 备选 克制 一件道具兼顾 2 项职责；代价 需要先被打到 || 道具： ⭐厚底靴 克制 一件道具兼顾 2 项职责；钉子环境：入场不掉血；代价 占道具位但不增加输出｜原则 P2/P4 剩饭 备选 克制 每回合回 1/1 || 道具： ⭐生命宝珠 弱点保险 备选 红牌 备选 性格： 胆小 / 内敛 备选（同一需求池内按正向分排序，共 1239 只；低分排后但均可入选）： 怪力( || 道具： ⭐讲究围巾 弱点保险 备选 生命宝珠 备选 性格： 勇敢 / 固执 备选（同一需求池内按正向分排序，共 782 只；低分排后但均可入选）： 耿鬼
   结构: 配招：×9 天性×1 词条×0 | onclick: gotoMv×81 gotoAbi×24 gotoItem×33 gotoTerm×0 | 精灵图 img×597 | 已排除/硬排除文案=无
■煤炭龟#324 卡片53339字 | 禁用流派词命中=0
   流派: 推荐流派 1：晴强化清场 双刀向 · 推荐特性 登山者 · 4 槽：喷火 / 铁滚轮 / 破壳 / 替身 晴强化清场：本系最高 闪焰冲锋(火 120)；自带强化轴；功能/耐久向 打法依据 （动态推导）：本系最高 闪焰冲锋(120) 力度 85；体系 晴（自身设置手）；强化路径：可学强化招（攻/特攻双倍型优先）；破盾路线择优 = 强化 触发依据 ：可学强化招；耐久三角 280（≥270 可站场强化） 种族 / 强度概要 种族 物攻85/特攻85/物防140/特防70/速度20（总值 470） 强度：— 本系最高威力 喷火(150) / 过热(130) 耐久 中物耐 / 低特耐 推荐特性（点击跳特
   道具块×11: 道具： ⭐炽热岩石 克制 延长自身开出的窗口（特性池 n 选 1：换特性也不失协同）；一件道具兼顾 2 项职责；晴天气窗口延长至 12 回合（8→12， || 道具： ⭐炽热岩石 克制 延长自身开出的窗口（特性池 n 选 1：换特性也不失协同）；一件道具兼顾 2 项职责；晴天气窗口延长至 12 回合（8→12， || 道具： ⭐讲究围巾 弱点保险 备选 进化奇石 备选 性格： 勇敢 / 固执 备选（同一需求池内按正向分排序，共 785 只；低分排后但均可入选）： 怪力 || 道具： ⭐厚底靴 弱点保险 备选 逃脱按钮 备选 性格： 固执 / 爽朗 备选（同一需求池内按正向分排序，共 1229 只；低分排后但均可入选）： 暴飞
   结构: 配招：×9 天性×1 词条×0 | onclick: gotoMv×81 gotoAbi×24 gotoItem×33 gotoTerm×0 | 精灵图 img×594 | 已排除/硬排除文案=无
■大比鸟#18 卡片52837字 | 禁用流派词命中=0
   流派: 推荐流派 1：顺风主力输出压制 特殊向 · 推荐特性 华贵之鸟 · 4 槽：热风 / 真气弹 / 自我激励 / 顺风 顺风主力输出压制：本系最高 破坏光线(一般 150)；自带强化轴；特攻输出向 打法依据 （动态推导）：本系最高 破坏光线(150) 力度 85；破盾路线择优 = 强化；自带先制招 触发依据 ：力度 85 / 本系最高折算威力 240 种族 / 强度概要 种族 物攻80/特攻85/物防75/特防70/速度101（总值 494） 强度：华贵之鸟×1.5、鸟群(&lt;1/3血)×1.5 本系最高威力 破坏光线(150) / 终极冲击(150) 耐久 中物耐 / 中特耐 推荐特性（点
   道具块×11: 道具： ⭐弱点保险 克制 一件道具兼顾 2 项职责；代价 需要先被打到弱点，被动｜原则 P1/P2 厚底靴 备选 克制 钉子环境：入场不掉血；代价 占道 || 道具： ⭐厚底靴 克制 一件道具兼顾 2 项职责；钉子环境：入场不掉血；代价 占道具位但不增加输出｜原则 P2/P4 凸凸头盔 备选 克制 物攻手碰瓷（ || 道具： ⭐生命宝珠 弱点保险 备选 红牌 备选 性格： 胆小 / 内敛 备选（同一需求池内按正向分排序，共 1241 只；低分排后但均可入选）： 怪力( || 道具： ⭐凸凸头盔 厚底靴 备选 剩饭 备选 性格： 淘气 / 慎重 / 大胆 备选（同一需求池内按正向分排序，共 322 只；低分排后但均可入选）： 
   结构: 配招：×9 天性×1 词条×0 | onclick: gotoMv×83 gotoAbi×24 gotoItem×33 gotoTerm×0 | 精灵图 img×597 | 已排除/硬排除文案=无
■班基拉斯#248 卡片54174字 | 禁用流派词命中=0
   流派: 推荐流派 1：沙强化清场 物理向 · 推荐特性 掠食者 · 4 槽：铁尾 / 尖石攻击 / 龙之舞 / 替身 沙强化清场：本系最高 怪力(岩石 110)；自带强化轴；物理输出向 打法依据 （动态推导）：本系最高 怪力(110) 力度 134；体系 沙（自身设置手）；强化路径：可学强化招（攻/特攻双倍型优先）；破盾路线择优 = 强化 触发依据 ：可学强化招；耐久三角 310（≥270 可站场强化） 种族 / 强度概要 种族 物攻134/特攻95/物防110/特防100/速度61（总值 600） 强度：— 本系最高威力 岩石炮(120) / 怪力(110) 耐久 高物耐 / 中特耐 推荐特性（点击
   道具块×13: 道具： ⭐光滑岩石 克制 延长自身开出的窗口（特性池 n 选 1：换特性也不失协同）；一件道具兼顾 2 项职责；沙天气窗口延长至 12 回合（8→12， || 道具： ⭐光滑岩石 克制 延长自身开出的窗口（特性池 n 选 1：换特性也不失协同）；一件道具兼顾 2 项职责；沙天气窗口延长至 12 回合（8→12， || 道具： ⭐讲究围巾 弱点保险 备选 进化奇石 备选 性格： 勇敢 / 固执 备选（同一需求池内按正向分排序，共 1118 只；低分排后但均可入选）： 胡 || 道具： ⭐生命宝珠 弱点保险 备选 「幽灵」宝石 备选 性格： 胆小 / 内敛 备选（同一需求池内按正向分排序，共 1232 只；低分排后但均可入选）：
   结构: 配招：×11 天性×1 词条×0 | onclick: gotoMv×95 gotoAbi×28 gotoItem×39 gotoTerm×0 | 精灵图 img×601 | 已排除/硬排除文案=无
■拉普拉斯#131 卡片52418字 | 禁用流派词命中=0
   流派: 推荐流派 1：雪强化清场 特殊向 · 推荐特性 适应力 · 4 槽：暴风雪 / 流星群 / 替身 / 打雷 雪强化清场：本系最高 水炮(水 110)；特攻输出向 打法依据 （动态推导）：本系最高 水炮(110) 力度 95；体系 雪（自身设置手）；强化路径：可学强化招（攻/特攻双倍型优先）；破盾路线择优 = 强化 触发依据 ：可学强化招；耐久三角 305（≥270 可站场强化） 种族 / 强度概要 种族 物攻85/特攻95/物防80/特防95/速度60（总值 545） 强度：适应力×1.33 本系最高威力 水炮(110) / 暴风雪(110) 耐久 中物耐 / 高特耐 推荐特性（点击跳特性反查
   道具块×13: 道具： ⭐冰冷岩石 克制 延长自身开出的窗口（特性池 n 选 1：换特性也不失协同）；一件道具兼顾 2 项职责；雪天气窗口延长至 12 回合（8→12， || 道具： ⭐冰冷岩石 克制 延长自身开出的窗口（特性池 n 选 1：换特性也不失协同）；一件道具兼顾 2 项职责；雪天气窗口延长至 12 回合（8→12， || 道具： ⭐生命宝珠 讲究围巾 备选 讲究头带 备选 性格： 勇敢 / 固执 备选（同一需求池内按正向分排序，共 786 只；低分排后但均可入选）： 隆隆 || 道具： ⭐凸凸头盔 厚底靴 备选 剩饭 备选 性格： 淘气 / 慎重 / 大胆 备选（同一需求池内按正向分排序，共 319 只；低分排后但均可入选）： 
   结构: 配招：×11 天性×1 词条×0 | onclick: gotoMv×91 gotoAbi×28 gotoItem×39 gotoTerm×0 | 精灵图 img×572 | 已排除/硬排除文案=无
