==== v4.3.3 道具多样化专项 ====
PASS Z0-load | ok
PASS Z1-itemPool | 项数=54（含动态属性宝石 1 项，映射 18 枚宝石）｜类别=8 类 {"输出":13,"防御续航":11,"天气场地":10,"控速机动":9,"钉子反钉":2,"减伤果":5,"香草":3,"奇石":1}｜字段缺失=0｜WX_ROCK={"晴":"炽热岩石","雨":"潮湿岩石","沙":"光滑岩石","雪":"冰冷岩石"}｜TERRAIN_SEED={"电场":"电气种子","青草场地":"青草种子","薄雾场地":"薄雾种子","精神场地":"精神种子"}
PASS Z2a-weatherRocks | 晴→六尾#37:炽热岩石>气势披带>剩饭[主推✓] ｜ 雨→可达鸭#54:潮湿岩石>气势披带>剩饭[主推✓] ｜ 沙→穿山鼠#27:光滑岩石>气势披带>剩饭[主推✓] ｜ 雪→拉普拉斯#131:冰冷岩石>气势披带>剩饭[主推✓]
PASS Z2b-terrainClay | 皮卡丘#25 场地手→["光之黏土","电气种子","地形延长器"]
PASS Z2c-shieldItems | 护城龙#411 受队→["剩饭","凸凸头盔","文柚果"]
PASS Z2d-slitItem | 妙蛙草#2 肉盾→["黑色污泥","剩饭","凸凸头盔"]
PASS Z2e-outItem | 大针蜂#15(速135) 输出→["生命宝珠","讲究围巾","「虫」宝石"]
PASS Z2f-choiceItems | 比比鸟（物）→["生命宝珠","讲究头带","「一般」宝石"] ｜ 妙蛙草（特）→["生命宝珠","讲究眼镜","「草」宝石"]
PASS Z2g-boostItem | 妙蛙草 强化→["弱点保险","剩饭","星桃果"]
PASS Z2h-scarfItem | 妙蛙草 游击→["讲究围巾","逃脱按钮","红牌"]
PASS Z2i-evioliteNonFinal | 通过权衡的非最终形态=48 只｜取例 大岩蛇#95 输出→["进化奇石","剩饭"]｜对照（已被权衡否决、不再推奇石）：妙蛙草#2→["生命宝珠","讲究眼镜","「草」宝石"] evioAdv=false
PASS Z2j-gemItem | 妙蛙花#3(草) 增伤→["「草」宝石","生命宝珠","达人带"]｜期望 「草」宝石
PASS Z2k-gemSanity | 宝石项={"id":341,"zh":"「草」宝石","why":"同属性首击增伤 ×1.3（单次消耗）"}｜含宝石=true
PASS Z3-renderSurface | 渲染面 chars=10266795（含 7 张方案卡）｜炽热岩石=11 潮湿岩石=7 光滑岩石=3 冰冷岩石=3 剩饭=6887 凸凸头盔=211 黑色污泥=8 生命宝珠=22318 讲究头带=12 讲究眼镜=24 讲究围巾=64 弱点保险=16 光之黏土=7 进化奇石=107
total=14 PASS=14 FAIL=0
==== CORE-DUMP ====
[妙蛙花#3] 体系=晴|画像=强化核心/特殊/力度100/速80|需求=15|入队=6|stop=STOP_SIZE_LIMIT
  流派=晴速攻强化清场 / 晴减伤轴 / 晴慢速重炮 / 晴强化清场
  需求=需要天气/场地来源（设置手）[satisfied:向日花怪] ; 补盲点：一般[satisfied:烈空坐] ; 补盲点：钢[satisfied:向日花怪] ; 替身 / 掩护位[satisfied:] ; 体系受益位[satisfied:] ; 补盲点：恶[satisfied:烈空坐] ; 补盲点：岩石[satisfied:向日花怪] ; 除钉位（清场）[satisfied:烈空坐] ; 物理联防位（物盾）[satisfied:蒂安希] ; 特殊联防位（特盾）[satisfied:蒂安希] ; 窗口复位 / 冗余位[satisfied:蒂安希] ; 接棒位[satisfied:梦幻] ; 控速位[satisfied:梦幻] ; 钉位（铺场）[satisfied:梦幻] ; 状态/异常吸收位[satisfied:洛奇亚]
   → [核心] | 妙蛙花#3 | 道具=生命宝珠/讲究眼镜/「草」宝石 | 配招： 日光束 污泥炸弹 生长 替身 备选： 花粉团 飞叶风暴 终极吸取 特性： 叶绿素 叶绿体 道具： ⭐生命宝珠 讲究眼镜 备选 「草」宝石 备选 性格： 内敛 / 胆小
   → 需要天气/场地来源（设置手） | 向日花怪#192 | 道具=炽热岩石/光之黏土/青草种子 | 配招： 过热 日光束 生长 替身 备选： 破坏光线 飞叶风暴 终极吸取 特性： 叶绿素 青草制造者 道具： ⭐炽热岩石 光之黏土 备选 青草种子 备选 性格： 冷静 / 内敛
   → 补盲点：一般 | 烈空坐#384 | 道具=生命宝珠/「龙」宝石/达人带 | 配招： 钢之牙 巨龙威能 剑舞 顺风 备选： 暗影爪 铁头 健美 特性： 龙颚 恐惧散布者 道具： ⭐生命宝珠 「龙」宝石 备选 达人带 备选 性格： 内敛 / 胆小
   → 物理联防位（物盾） | 蒂安希#719 | 道具=剩饭/凸凸头盔/文柚果 | 配招： 自我再生 隐形岩 替身 岩石封锁 备选： 双刃头锤 薄雾炸裂 真气弹 特性： 妖精皮肤 魔法防守 道具： ⭐剩饭 凸凸头盔 备选 文柚果 备选 性格： 淘气 / 慎重 / 大胆
   → 接棒位 | 梦幻#151 | 道具=弱点保险/剩饭/星桃果 | 配招： 流星闪冲 种子闪光 破壳 替身 备选： 精神突进 加农光炮 羽栖 特性： 魔法防守 神秘力量 道具： ⭐弱点保险 剩饭 备选 星桃果 备选 性格： 淘气 / 慎重 / 大胆
   → 状态/异常吸收位 | 洛奇亚#249 | 道具=剩饭/凸凸头盔/文柚果 | 配招： 自我再生 剧毒 替身 顺风 备选： 喷水 预知未来 流星群 特性： 暴风雨 奇迹皮肤 道具： ⭐剩饭 凸凸头盔 备选 文柚果 备选 性格： 淘气 / 慎重 / 大胆
[护城龙#411] 体系=|画像=受队核心/物理/力度52/速30|需求=11|入队=5|stop=STOP_ALL_NEEDS_MET
  流派=钉子减伤轴 / 钉子强化清场 / 钉子受队消耗
  需求=补盲点：毒[satisfied:钻角犀兽] ; 补盲点：电[satisfied:钻角犀兽] ; 消耗位[satisfied:洛奇亚] ; 回复位 / 队医[satisfied:洛奇亚] ; 除钉位（清场）[satisfied:洛奇亚] ; 补盲点：恶[satisfied:钻角犀兽] ; 补盲点：幽灵[satisfied:大王铜象] ; 物理联防位（物盾）[satisfied:超级拉帝亚斯] ; 特殊联防位（特盾）[satisfied:超级拉帝亚斯] ; 控速位[satisfied:大王铜象] ; 状态/异常吸收位[satisfied:大王铜象]
   → [核心] | 护城龙#411 | 道具=剩饭/生命宝珠/「岩石」宝石 | 配招： 铁头 双刃头锤 铁壁 电磁波 备选： 拍落 广域破坏 隐形岩 特性： 战斗盔甲 持久力 道具： ⭐剩饭 生命宝珠 备选 「岩石」宝石 备选 性格： 勇敢 / 固执
   → 补盲点：毒 | 钻角犀兽#112 | 道具=进化奇石/剩饭 | 配招： 双刃头锤 真气拳 剑舞 岩石封锁 备选： 突飞猛扑 咬碎 铁壁 特性： 大地束缚 避雷针 道具： ⭐进化奇石 剩饭 备选 性格： 勇敢 / 固执
   → 消耗位 | 洛奇亚#249 | 道具=剩饭/凸凸头盔/文柚果 | 配招： 自我再生 剧毒 替身 顺风 备选： 喷水 预知未来 流星群 特性： 暴风雨 奇迹皮肤 道具： ⭐剩饭 凸凸头盔 备选 文柚果 备选 性格： 淘气 / 慎重 / 大胆
   → 补盲点：幽灵 | 大王铜象#879 | 道具=剩饭/生命宝珠/「钢」宝石 | 配招： 钢之牙 怪力 铁壁 岩石封锁 备选： 波动冲 扑击 隐形岩 特性： 储水 远隔 道具： ⭐剩饭 生命宝珠 备选 「钢」宝石 备选 性格： 勇敢 / 固执
   → 物理联防位（物盾） | 超级拉帝亚斯#1539 | 道具=剩饭/凸凸头盔/文柚果 | 配招： 自我再生 替身 电磁波 流星群 备选： 薄雾球 十万伏特 真气弹 特性： 自然恢复 镜甲 道具： ⭐剩饭 凸凸头盔 备选 文柚果 备选 性格： 淘气 / 慎重 / 大胆
[凤王#250] 体系=|画像=强化核心/物理/力度130/速90|需求=11|入队=5|stop=STOP_ALL_NEEDS_MET
  流派=顺风慢速重炮 / 顺风强化清场 / 顺风受队消耗 / 顺风减伤轴
  需求=补盲点：龙[satisfied:怪力] ; 补盲点：一般[satisfied:怪力] ; 替身 / 掩护位[satisfied:] ; 补盲点：电[satisfied:怪力] ; 补盲点：飞行[satisfied:钻角犀兽] ; 物理联防位（物盾）[satisfied:钻角犀兽] ; 特殊联防位（特盾）[satisfied:阿尔宙斯-水] ; 接棒位[satisfied:拳海参] ; 控速位[satisfied:钻角犀兽] ; 钉位（铺场）[satisfied:阿尔宙斯-水] ; 状态/异常吸收位[satisfied:阿尔宙斯-水]
   → [核心] | 凤王#250 | 道具=生命宝珠/讲究头带/「火」宝石 | 配招： Ｖ热焰 星星碰撞 岩石封锁 替身 备选： 神鸟猛击 自我再生 晨光 特性： 再生力 魔法防守 道具： ⭐生命宝珠 讲究头带 备选 「火」宝石 备选 性格： 固执 / 爽朗
   → 补盲点：龙 | 怪力#68 | 道具=剩饭/生命宝珠/「格斗」宝石 | 配招： 彗星拳 真气拳 健美 替身 备选： 怪力 落石 吸取拳 特性： 毅力 铁拳之力 道具： ⭐剩饭 生命宝珠 备选 「格斗」宝石 备选 性格： 勇敢 / 固执
   → 补盲点：飞行 | 钻角犀兽#112 | 道具=进化奇石/剩饭 | 配招： 双刃头锤 真气拳 剑舞 岩石封锁 备选： 突飞猛扑 咬碎 铁壁 特性： 大地束缚 避雷针 道具： ⭐进化奇石 剩饭 备选 性格： 勇敢 / 固执
   → 特殊联防位（特盾） | 阿尔宙斯-水#1659 | 道具=剩饭/凸凸头盔/文柚果 | 配招： 自我再生 撒菱 寄生种子 替身 备选： 加农光炮 真气拳 根源波动 特性： 多重属性 多重属性 道具： ⭐剩饭 凸凸头盔 备选 文柚果 备选 性格： 淘气 / 慎重 / 大胆
   → 接棒位 | 拳海参#771 | 道具=弱点保险/剩饭/星桃果 | 配招： 自我激励 替身 自我再生 备选： 毒菱 守住 剧毒 特性： 腐蚀 灭亡之躯 道具： ⭐弱点保险 剩饭 备选 星桃果 备选 性格： 淘气 / 慎重 / 大胆
[喷火龙#6] 体系=|画像=速攻核心/特殊/力度109/速100|需求=10|入队=5|stop=STOP_ALL_NEEDS_MET
  流派=顺风速攻强化清场 / 顺风慢速重炮 / 顺风减伤轴
  需求=补盲点：地面[satisfied:胡地] ; 补盲点：一般[satisfied:隆隆岩] ; 主力输出 / 第二攻手[satisfied:胡地] ; 物理联防位（物盾）[satisfied:隆隆岩] ; 补盲点：飞行[satisfied:胡地] ; 补盲点：毒[satisfied:隆隆岩] ; 控速位[satisfied:壶壶] ; 特殊联防位（特盾）[satisfied:壶壶] ; 钉位（铺场）[satisfied:壶壶] ; 状态/异常吸收位[satisfied:洛奇亚]
   → [核心] | 喷火龙#6 | 道具=生命宝珠/讲究眼镜/「火」宝石 | 配招： 过热 流星群 顺风 替身 备选： 日光束 暴风 羽栖 特性： 巨翼 熔解 道具： ⭐生命宝珠 讲究眼镜 备选 「火」宝石 备选 性格： 内敛 / 胆小
   → 补盲点：地面 | 胡地#65 | 道具=生命宝珠/讲究围巾/气势披带 | 配招： 能量球 精神突进 冥想 电磁波 备选： 真气弹 电磁炮 自我再生 特性： 念动力 神秘力量 道具： ⭐生命宝珠 讲究围巾 备选 气势披带 备选 性格： 胆小 / 内敛
   → 补盲点：一般 | 隆隆岩#76 | 道具=剩饭/生命宝珠/「岩石」宝石 | 配招： 铁滚轮 双刃头锤 铁壁 岩石封锁 备选： 真气拳 硬压 隐形岩 特性： 坚硬脑袋 坚壁 道具： ⭐剩饭 生命宝珠 备选 「岩石」宝石 备选 性格： 勇敢 / 固执
   → 控速位 | 壶壶#213 | 道具=嘉珍果/先制之爪/释陀果 | 配招： 铁滚轮 怪力 破壳 岩石封锁 备选： 拍落 强力鞭打 自我再生 特性： 懦夫 我们滚吧 道具： ⭐嘉珍果 先制之爪 备选 释陀果 备选 性格： 冷静 / 内敛
   → 状态/异常吸收位 | 洛奇亚#249 | 道具=剩饭/凸凸头盔/文柚果 | 配招： 自我再生 剧毒 替身 顺风 备选： 喷水 预知未来 流星群 特性： 暴风雨 奇迹皮肤 道具： ⭐剩饭 凸凸头盔 备选 文柚果 备选 性格： 淘气 / 慎重 / 大胆
[班基拉斯#248] 体系=沙|画像=强化核心/物理/力度134/速61|需求=13|入队=6|stop=STOP_SIZE_LIMIT
  流派=沙速攻强化清场 / 沙强化清场 / 沙受队消耗 / 沙增伤清场
  需求=补盲点：超能力[satisfied:钻角犀兽] ; 补盲点：冰[satisfied:钻角犀兽] ; 替身 / 掩护位[satisfied:] ; 补盲点：电[satisfied:钻角犀兽] ; 补盲点：岩石[satisfied:耿鬼] ; 除钉位（清场）[satisfied:壶壶] ; 物理联防位（物盾）[satisfied:壶壶] ; 特殊联防位（特盾）[satisfied:壶壶] ; 体系受益位[satisfied:] ; 窗口复位 / 冗余位[satisfied:土地云] ; 接棒位[satisfied:拳海参] ; 控速位[satisfied:耿鬼] ; 状态/异常吸收位[satisfied:耿鬼]
   → [核心] | 班基拉斯#248 | 道具=生命宝珠/讲究头带/「岩石」宝石 | 配招： 铁尾 尖石攻击 龙之舞 岩石封锁 备选： 咬碎 龙爪 自我激励 特性： 掠食者 自信过度 道具： ⭐生命宝珠 讲究头带 备选 「岩石」宝石 备选 性格： 固执 / 爽朗
   → 补盲点：超能力 | 钻角犀兽#112 | 道具=进化奇石/剩饭 | 配招： 双刃头锤 真气拳 剑舞 岩石封锁 备选： 突飞猛扑 咬碎 铁壁 特性： 大地束缚 避雷针 道具： ⭐进化奇石 剩饭 备选 性格： 勇敢 / 固执
   → 补盲点：岩石 | 耿鬼#94 | 道具=生命宝珠/讲究围巾/「幽灵」宝石 | 配招： 打嗝 冰冻光束 诡计 电磁波 备选： 愤怒灵魂 真气弹 替身 特性： 复仇 惊吓 道具： ⭐生命宝珠 讲究围巾 备选 「幽灵」宝石 备选 性格： 胆小 / 内敛
   → 除钉位（清场） | 壶壶#213 | 道具=剩饭/凸凸头盔/文柚果 | 配招： 自我再生 隐形岩 剧毒 替身 备选： 铁滚轮 怪力 拍落 特性： 懦夫 我们滚吧 道具： ⭐剩饭 凸凸头盔 备选 文柚果 备选 性格： 淘气 / 慎重 / 大胆
   → 窗口复位 / 冗余位 | 土地云#645 | 道具=生命宝珠/讲究头带/「地面」宝石 | 配招： 铁尾 突飞猛扑 剑舞 替身 备选： 神鸟猛击 臂锤 羽栖 特性： 沙之力 强行 道具： ⭐生命宝珠 讲究头带 备选 「地面」宝石 备选 性格： 固执 / 爽朗
   → 接棒位 | 拳海参#771 | 道具=弱点保险/剩饭/星桃果 | 配招： 自我激励 替身 自我再生 备选： 毒菱 守住 剧毒 特性： 腐蚀 灭亡之躯 道具： ⭐弱点保险 剩饭 备选 星桃果 备选 性格： 淘气 / 慎重 / 大胆
[煤炭龟#324] 体系=晴|画像=强化核心/双刀/力度85/速20|需求=13|入队=5|stop=STOP_ALL_NEEDS_MET
  流派=晴减伤轴 / 晴强化清场 / 晴增伤清场
  需求=补盲点：一般[satisfied:钻角犀兽] ; 补盲点：格斗[satisfied:钻角犀兽] ; 替身 / 掩护位[satisfied:] ; 补盲点：电[satisfied:钻角犀兽] ; 补盲点：飞行[satisfied:快龙] ; 物理联防位（物盾）[satisfied:洛奇亚] ; 特殊联防位（特盾）[satisfied:洛奇亚] ; 体系受益位[satisfied:] ; 窗口复位 / 冗余位[satisfied:快龙] ; 接棒位[satisfied:拳海参] ; 控速位[satisfied:快龙] ; 钉位（铺场）[satisfied:拳海参] ; 状态/异常吸收位[satisfied:洛奇亚]
   → [核心] | 煤炭龟#324 | 道具=进化奇石/剩饭 | 配招： 喷火 铁滚轮 破壳 替身 备选： 日光束 扑击 铁壁 特性： 登山者 迟钝 道具： ⭐进化奇石 剩饭 备选 性格： 冷静 / 内敛
   → 补盲点：一般 | 钻角犀兽#112 | 道具=进化奇石/剩饭 | 配招： 双刃头锤 真气拳 剑舞 岩石封锁 备选： 突飞猛扑 咬碎 铁壁 特性： 大地束缚 避雷针 道具： ⭐进化奇石 剩饭 备选 性格： 勇敢 / 固执
   → 补盲点：飞行 | 快龙#149 | 道具=生命宝珠/讲究头带/「龙」宝石 | 配招： 逆鳞 大闹一番 龙之舞 电磁波 备选： 闪电惩击 地震 羽栖 特性： 龙颚 暴走 道具： ⭐生命宝珠 讲究头带 备选 「龙」宝石 备选 性格： 固执 / 爽朗
   → 物理联防位（物盾） | 洛奇亚#249 | 道具=剩饭/凸凸头盔/文柚果 | 配招： 自我再生 剧毒 替身 顺风 备选： 喷水 预知未来 流星群 特性： 暴风雨 奇迹皮肤 道具： ⭐剩饭 凸凸头盔 备选 文柚果 备选 性格： 淘气 / 慎重 / 大胆
   → 接棒位 | 拳海参#771 | 道具=弱点保险/剩饭/星桃果 | 配招： 自我激励 替身 自我再生 备选： 毒菱 守住 剧毒 特性： 腐蚀 灭亡之躯 道具： ⭐弱点保险 剩饭 备选 星桃果 备选 性格： 淘气 / 慎重 / 大胆
[大比鸟#18] 体系=|画像=速攻核心/特殊/力度85/速101|需求=10|入队=5|stop=STOP_ALL_NEEDS_MET
  流派=顺风减伤轴 / 顺风主力输出压制
  需求=补盲点：地面[satisfied:胡地] ; 补盲点：幽灵[satisfied:胡地] ; 主力输出 / 第二攻手[satisfied:胡地] ; 物理联防位（物盾）[satisfied:洛奇亚] ; 补盲点：一般[satisfied:洛奇亚] ; 补盲点：火[satisfied:洛奇亚] ; 控速位[satisfied:壶壶] ; 特殊联防位（特盾）[satisfied:壶壶] ; 钉位（铺场）[satisfied:壶壶] ; 状态/异常吸收位[satisfied:凤王]
   → [核心] | 大比鸟#18 | 道具=生命宝珠/讲究眼镜/「一般」宝石 | 配招： 热风 真气弹 自我激励 顺风 备选： 暴风 奇异之风 羽栖 特性： 华贵之鸟 尘云 道具： ⭐生命宝珠 讲究眼镜 备选 「一般」宝石 备选 性格： 内敛 / 胆小
   → 补盲点：地面 | 胡地#65 | 道具=生命宝珠/讲究围巾/气势披带 | 配招： 能量球 精神突进 冥想 电磁波 备选： 真气弹 电磁炮 自我再生 特性： 念动力 神秘力量 道具： ⭐生命宝珠 讲究围巾 备选 气势披带 备选 性格： 胆小 / 内敛
   → 物理联防位（物盾） | 洛奇亚#249 | 道具=剩饭/凸凸头盔/文柚果 | 配招： 自我再生 剧毒 替身 顺风 备选： 喷水 预知未来 流星群 特性： 暴风雨 奇迹皮肤 道具： ⭐剩饭 凸凸头盔 备选 文柚果 备选 性格： 淘气 / 慎重 / 大胆
   → 控速位 | 壶壶#213 | 道具=嘉珍果/先制之爪/释陀果 | 配招： 铁滚轮 怪力 破壳 岩石封锁 备选： 拍落 强力鞭打 自我再生 特性： 懦夫 我们滚吧 道具： ⭐嘉珍果 先制之爪 备选 释陀果 备选 性格： 冷静 / 内敛
   → 状态/异常吸收位 | 凤王#250 | 道具=剩饭/凸凸头盔/文柚果 | 配招： 自我再生 替身 岩石封锁 Ｖ热焰 备选： 星星碰撞 神鸟猛击 晨光 特性： 再生力 魔法防守 道具： ⭐剩饭 凸凸头盔 备选 文柚果 备选 性格： 淘气 / 慎重 / 大胆
